Archive member included to satisfy reference by file (symbol)

../UARTTest_bsp//newlib/nios2-elf/lib\libc.a(lib_a-fprintf.o)
                              obj/default/hello_world.o (fprintf)
../UARTTest_bsp//newlib/nios2-elf/lib\libc.a(lib_a-fwrite.o)
                              obj/default/hello_world.o (fwrite)
../UARTTest_bsp//newlib/nios2-elf/lib\libc.a(lib_a-impure.o)
                              obj/default/hello_world.o (_impure_ptr)
../UARTTest_bsp//newlib/nios2-elf/lib\libc.a(lib_a-vfprintf.o)
                              ../UARTTest_bsp//newlib/nios2-elf/lib\libc.a(lib_a-fprintf.o) (__vfprintf_internal)
../UARTTest_bsp//newlib/nios2-elf/lib\libc.a(lib_a-wsetup.o)
                              ../UARTTest_bsp//newlib/nios2-elf/lib\libc.a(lib_a-vfprintf.o) (__swsetup_r)
../UARTTest_bsp//newlib/nios2-elf/lib\libc.a(lib_a-dtoa.o)
                              ../UARTTest_bsp//newlib/nios2-elf/lib\libc.a(lib_a-vfprintf.o) (_dtoa_r)
../UARTTest_bsp//newlib/nios2-elf/lib\libc.a(lib_a-fflush.o)
                              ../UARTTest_bsp//newlib/nios2-elf/lib\libc.a(lib_a-vfprintf.o) (_fflush_r)
../UARTTest_bsp//newlib/nios2-elf/lib\libc.a(lib_a-findfp.o)
                              ../UARTTest_bsp//newlib/nios2-elf/lib\libc.a(lib_a-fwrite.o) (__sinit)
../UARTTest_bsp//newlib/nios2-elf/lib\libc.a(lib_a-freer.o)
                              ../UARTTest_bsp//newlib/nios2-elf/lib\libc.a(lib_a-vfprintf.o) (_free_r)
../UARTTest_bsp//newlib/nios2-elf/lib\libc.a(lib_a-fvwrite.o)
                              ../UARTTest_bsp//newlib/nios2-elf/lib\libc.a(lib_a-fwrite.o) (__sfvwrite_r)
../UARTTest_bsp//newlib/nios2-elf/lib\libc.a(lib_a-fwalk.o)
                              ../UARTTest_bsp//newlib/nios2-elf/lib\libc.a(lib_a-findfp.o) (_fwalk)
../UARTTest_bsp//newlib/nios2-elf/lib\libc.a(lib_a-locale.o)
                              ../UARTTest_bsp//newlib/nios2-elf/lib\libc.a(lib_a-vfprintf.o) (_localeconv_r)
../UARTTest_bsp//newlib/nios2-elf/lib\libc.a(lib_a-makebuf.o)
                              ../UARTTest_bsp//newlib/nios2-elf/lib\libc.a(lib_a-wsetup.o) (__smakebuf_r)
../UARTTest_bsp//newlib/nios2-elf/lib\libc.a(lib_a-mallocr.o)
                              ../UARTTest_bsp//newlib/nios2-elf/lib\libc.a(lib_a-freer.o) (__malloc_av_)
../UARTTest_bsp//newlib/nios2-elf/lib\libc.a(lib_a-memchr.o)
                              ../UARTTest_bsp//newlib/nios2-elf/lib\libc.a(lib_a-vfprintf.o) (memchr)
../UARTTest_bsp//newlib/nios2-elf/lib\libc.a(lib_a-memcpy.o)
                              ../UARTTest_bsp//newlib/nios2-elf/lib\libc.a(lib_a-dtoa.o) (memcpy)
../UARTTest_bsp//newlib/nios2-elf/lib\libc.a(lib_a-memmove.o)
                              ../UARTTest_bsp//newlib/nios2-elf/lib\libc.a(lib_a-fvwrite.o) (memmove)
../UARTTest_bsp//newlib/nios2-elf/lib\libc.a(lib_a-memset.o)
                              ../UARTTest_bsp//newlib/nios2-elf/lib\libc.a(lib_a-findfp.o) (memset)
../UARTTest_bsp//newlib/nios2-elf/lib\libc.a(lib_a-mprec.o)
                              ../UARTTest_bsp//newlib/nios2-elf/lib\libc.a(lib_a-dtoa.o) (_Balloc)
../UARTTest_bsp//newlib/nios2-elf/lib\libc.a(lib_a-reallocr.o)
                              ../UARTTest_bsp//newlib/nios2-elf/lib\libc.a(lib_a-fvwrite.o) (_realloc_r)
../UARTTest_bsp//newlib/nios2-elf/lib\libc.a(lib_a-s_fpclassify.o)
                              ../UARTTest_bsp//newlib/nios2-elf/lib\libc.a(lib_a-vfprintf.o) (__fpclassifyd)
../UARTTest_bsp//newlib/nios2-elf/lib\libc.a(lib_a-sbrkr.o)
                              ../UARTTest_bsp//newlib/nios2-elf/lib\libc.a(lib_a-freer.o) (_sbrk_r)
../UARTTest_bsp//newlib/nios2-elf/lib\libc.a(lib_a-stdio.o)
                              ../UARTTest_bsp//newlib/nios2-elf/lib\libc.a(lib_a-findfp.o) (__sread)
../UARTTest_bsp//newlib/nios2-elf/lib\libc.a(lib_a-strcmp.o)
                              ../UARTTest_bsp//newlib/nios2-elf/lib\libc.a(lib_a-locale.o) (strcmp)
../UARTTest_bsp//newlib/nios2-elf/lib\libc.a(lib_a-strlen.o)
                              ../UARTTest_bsp//newlib/nios2-elf/lib\libc.a(lib_a-vfprintf.o) (strlen)
../UARTTest_bsp//newlib/nios2-elf/lib\libc.a(lib_a-vfiprintf.o)
                              ../UARTTest_bsp//newlib/nios2-elf/lib\libc.a(lib_a-vfprintf.o) (__sprint_r)
../UARTTest_bsp//newlib/nios2-elf/lib\libc.a(lib_a-writer.o)
                              ../UARTTest_bsp//newlib/nios2-elf/lib\libc.a(lib_a-stdio.o) (_write_r)
../UARTTest_bsp//newlib/nios2-elf/lib\libc.a(closer.o)
                              ../UARTTest_bsp//newlib/nios2-elf/lib\libc.a(lib_a-stdio.o) (_close_r)
../UARTTest_bsp//newlib/nios2-elf/lib\libc.a(lib_a-callocr.o)
                              ../UARTTest_bsp//newlib/nios2-elf/lib\libc.a(lib_a-mprec.o) (_calloc_r)
../UARTTest_bsp//newlib/nios2-elf/lib\libc.a(lib_a-fclose.o)
                              ../UARTTest_bsp//newlib/nios2-elf/lib\libc.a(lib_a-findfp.o) (_fclose_r)
[...]
Memory Configuration

Name             Origin             Length             Attributes
reset            0x0000000000020000 0x0000000000000020
onchip_memory2_0 0x0000000000020020 0x000000000001ffe0
*default*        0x0000000000000000 0xffffffffffffffff

Linker script and memory map

LOAD ../UARTTest_bsp//obj/HAL/src/crt0.o
LOAD obj/default/hello_world.o
LOAD c:/intelfpga_lite/17.1/nios2eds/bin/gnu/h-x86_64-mingw32/bin/../lib/gcc/nios2-elf/5.3.0/../../../../../H-x86_64-mingw32/nios2-elf/lib\libstdc++.a
LOAD ../UARTTest_bsp//newlib/nios2-elf/lib\libm.a
LOAD c:/intelfpga_lite/17.1/nios2eds/bin/gnu/h-x86_64-mingw32/bin/../lib/gcc/nios2-elf/5.3.0\libgcc.a
START GROUP
LOAD ../UARTTest_bsp//newlib/nios2-elf/lib\libc.a
LOAD c:/intelfpga_lite/17.1/nios2eds/bin/gnu/h-x86_64-mingw32/bin/../lib/gcc/nios2-elf/5.3.0\libgcc.a
LOAD ../UARTTest_bsp/\libhal_bsp.a
LOAD ../UARTTest_bsp//newlib/nios2-elf/lib\libm.a
END GROUP
LOAD c:/intelfpga_lite/17.1/nios2eds/bin/gnu/h-x86_64-mingw32/bin/../lib/gcc/nios2-elf/5.3.0\libgcc.a
                0x0000000000020000                __alt_mem_onchip_memory2_0 = 0x20000

.entry          0x0000000000020000       0x20
 *(.entry)
 .entry         0x0000000000020000       0x20 ../UARTTest_bsp//obj/HAL/src/crt0.o
                0x0000000000020000                __reset

.exceptions     0x0000000000020020      0x16c
                0x0000000000020020                PROVIDE (__ram_exceptions_start, ABSOLUTE (.))
                0x0000000000020020                . = ALIGN (0x20)
 *(.irq)
 *(.exceptions.entry.label)
 .exceptions.entry.label
                0x0000000000020020        0x0 ../UARTTest_bsp/\libhal_bsp.a(alt_irq_entry.o)
                0x0000000000020020                alt_irq_entry
 .exceptions.entry.label
                0x0000000000020020        0x0 ../UARTTest_bsp/\libhal_bsp.a(alt_exception_entry.o)
                0x0000000000020020                alt_exception
 *(.exceptions.entry.user)
 *(.exceptions.entry.ecc_fatal)
 *(.exceptions.entry)
 .exceptions.entry
                0x0000000000020020       0x54 ../UARTTest_bsp/\libhal_bsp.a(alt_exception_entry.o)
 *(.exceptions.irqtest.user)
 *(.exceptions.irqtest)
 .exceptions.irqtest
                0x0000000000020074       0x10 ../UARTTest_bsp/\libhal_bsp.a(alt_irq_entry.o)
 *(.exceptions.irqhandler.user)
 *(.exceptions.irqhandler)
 .exceptions.irqhandler
                0x0000000000020084        0x4 ../UARTTest_bsp/\libhal_bsp.a(alt_irq_entry.o)
 *(.exceptions.irqreturn.user)
 *(.exceptions.irqreturn)
 .exceptions.irqreturn
                0x0000000000020088        0x4 ../UARTTest_bsp/\libhal_bsp.a(alt_irq_entry.o)
 *(.exceptions.notirq.label)
 .exceptions.notirq.label
                0x000000000002008c        0x0 ../UARTTest_bsp/\libhal_bsp.a(alt_irq_entry.o)
 *(.exceptions.notirq.user)
 *(.exceptions.notirq)
 .exceptions.notirq
                0x000000000002008c        0x8 ../UARTTest_bsp/\libhal_bsp.a(alt_exception_entry.o)
 *(.exceptions.soft.user)
 *(.exceptions.soft)
 *(.exceptions.unknown.user)
 *(.exceptions.unknown)
 .exceptions.unknown
                0x0000000000020094       0x14 ../UARTTest_bsp/\libhal_bsp.a(alt_exception_entry.o)
 *(.exceptions.exit.label)
 .exceptions.exit.label
                0x00000000000200a8        0x0 ../UARTTest_bsp/\libhal_bsp.a(alt_irq_entry.o)
 .exceptions.exit.label
                0x00000000000200a8        0x0 ../UARTTest_bsp/\libhal_bsp.a(alt_exception_entry.o)
 *(.exceptions.exit.user)
 *(.exceptions.exit)
 .exceptions.exit
                0x00000000000200a8       0x54 ../UARTTest_bsp/\libhal_bsp.a(alt_exception_entry.o)
 *(.exceptions)
 .exceptions    0x00000000000200fc       0x64 ../UARTTest_bsp/\libhal_bsp.a(alt_irq_handler.o)
                0x00000000000200fc                alt_irq_handler
 .exceptions    0x0000000000020160       0x2c ../UARTTest_bsp/\libhal_bsp.a(alt_instruction_exception_entry.o)
                0x0000000000020160                alt_instruction_exception_entry
                0x000000000002018c                PROVIDE (__ram_exceptions_end, ABSOLUTE (.))
                0x0000000000020020                PROVIDE (__flash_exceptions_start, LOADADDR (.exceptions))

.text           0x000000000002018c    0x11c44
                [!provide]                        PROVIDE (stext, ABSOLUTE (.))
 *(.interp)
 *(.hash)
 *(.dynsym)
 *(.dynstr)
 *(.gnu.version)
 *(.gnu.version_d)
 *(.gnu.version_r)
 *(.rel.init)
 *(.rela.init)
 *(.rel.text .rel.text.* .rel.gnu.linkonce.t.*)
 *(.rela.text .rela.text.* .rela.gnu.linkonce.t.*)
 *(.rel.fini)
 *(.rela.fini)
 *(.rel.rodata .rel.rodata.* .rel.gnu.linkonce.r.*)
 *(.rela.rodata .rela.rodata.* .rela.gnu.linkonce.r.*)
 *(.rel.data .rel.data.* .rel.gnu.linkonce.d.*)
 *(.rela.data .rela.data.* .rela.gnu.linkonce.d.*)
 *(.rel.tdata .rel.tdata.* .rel.gnu.linkonce.td.*)
 *(.rela.tdata .rela.tdata.* .rela.gnu.linkonce.td.*)
 *(.rel.tbss .rel.tbss.* .rel.gnu.linkonce.tb.*)
 *(.rela.tbss .rela.tbss.* .rela.gnu.linkonce.tb.*)
 *(.rel.ctors)
 *(.rela.ctors)
 *(.rel.dtors)
 *(.rela.dtors)
 *(.rel.got)
 *(.rela.got)
 *(.rel.sdata .rel.sdata.* .rel.gnu.linkonce.s.*)
 *(.rela.sdata .rela.sdata.* .rela.gnu.linkonce.s.*)
 *(.rel.sbss .rel.sbss.* .rel.gnu.linkonce.sb.*)
 *(.rela.sbss .rela.sbss.* .rela.gnu.linkonce.sb.*)
 *(.rel.sdata2 .rel.sdata2.* .rel.gnu.linkonce.s2.*)
 *(.rela.sdata2 .rela.sdata2.* .rela.gnu.linkonce.s2.*)
 *(.rel.sbss2 .rel.sbss2.* .rel.gnu.linkonce.sb2.*)
 *(.rela.sbss2 .rela.sbss2.* .rela.gnu.linkonce.sb2.*)
 *(.rel.bss .rel.bss.* .rel.gnu.linkonce.b.*)
 *(.rela.bss .rela.bss.* .rela.gnu.linkonce.b.*)
 *(.rel.plt)
 *(.rela.plt)
 *(.rel.dyn)
 *(.init)
 *(.plt)
 *(.text .stub .text.* .gnu.linkonce.t.*)
 .text          0x000000000002018c       0x4c ../UARTTest_bsp//obj/HAL/src/crt0.o
                0x000000000002018c                _start
 .text          0x00000000000201d8       0x6c obj/default/hello_world.o
                0x00000000000201d8                main
 .text          0x0000000000020244        0x0 ../UARTTest_bsp//newlib/nios2-elf/lib\libc.a(lib_a-fprintf.o)
 .text._fprintf_r
                0x0000000000020244       0x58 ../UARTTest_bsp//newlib/nios2-elf/lib\libc.a(lib_a-fprintf.o)
                0x0000000000020244                _fprintf_r
 .text.fprintf  0x000000000002029c       0x58 ../UARTTest_bsp//newlib/nios2-elf/lib\libc.a(lib_a-fprintf.o)
                0x000000000002029c                fprintf
 .text          0x00000000000202f4        0x0 ../UARTTest_bsp//newlib/nios2-elf/lib\libc.a(lib_a-fwrite.o)
 .text._fwrite_r
                0x00000000000202f4      0x108 ../UARTTest_bsp//newlib/nios2-elf/lib\libc.a(lib_a-fwrite.o)
                0x00000000000202f4                _fwrite_r
 .text.fwrite   0x00000000000203fc       0x54 ../UARTTest_bsp//newlib/nios2-elf/lib\libc.a(lib_a-fwrite.o)
                0x00000000000203fc                fwrite
 .text          0x0000000000020450        0x0 ../UARTTest_bsp//newlib/nios2-elf/lib\libc.a(lib_a-impure.o)
 .text          0x0000000000020450        0x0 ../UARTTest_bsp//newlib/nios2-elf/lib\libc.a(lib_a-vfprintf.o)
 .text.__sbprintf
                0x0000000000020450       0xf0 ../UARTTest_bsp//newlib/nios2-elf/lib\libc.a(lib_a-vfprintf.o)
 .text.__vfprintf_internal
                0x0000000000020540       0x50 ../UARTTest_bsp//newlib/nios2-elf/lib\libc.a(lib_a-vfprintf.o)
                0x0000000000020540                __vfprintf_internal
 .text.___vfprintf_internal_r
                0x0000000000020590     0x20d0 ../UARTTest_bsp//newlib/nios2-elf/lib\libc.a(lib_a-vfprintf.o)
                0x0000000000020590                ___vfprintf_internal_r
 .text.cvt      0x0000000000022660      0x20c ../UARTTest_bsp//newlib/nios2-elf/lib\libc.a(lib_a-vfprintf.o)
 .text.exponent
                0x000000000002286c      0x138 ../UARTTest_bsp//newlib/nios2-elf/lib\libc.a(lib_a-vfprintf.o)
 .text          0x00000000000229a4        0x0 ../UARTTest_bsp//newlib/nios2-elf/lib\libc.a(lib_a-wsetup.o)
 .text.__swsetup_r
                0x00000000000229a4      0x1a0 ../UARTTest_bsp//newlib/nios2-elf/lib\libc.a(lib_a-wsetup.o)
                0x00000000000229a4                __swsetup_r
 .text          0x0000000000022b44        0x0 ../UARTTest_bsp//newlib/nios2-elf/lib\libc.a(lib_a-dtoa.o)
 .text.quorem   0x0000000000022b44      0x3ac ../UARTTest_bsp//newlib/nios2-elf/lib\libc.a(lib_a-dtoa.o)
 .text._dtoa_r  0x0000000000022ef0     0x1b78 ../UARTTest_bsp//newlib/nios2-elf/lib\libc.a(lib_a-dtoa.o)
                0x0000000000022ef0                _dtoa_r
 .text          0x0000000000024a68        0x0 ../UARTTest_bsp//newlib/nios2-elf/lib\libc.a(lib_a-fflush.o)
 .text.__sflush_r
                0x0000000000024a68      0x304 ../UARTTest_bsp//newlib/nios2-elf/lib\libc.a(lib_a-fflush.o)
                0x0000000000024a68                __sflush_r
 .text._fflush_r
                0x0000000000024d6c       0x88 ../UARTTest_bsp//newlib/nios2-elf/lib\libc.a(lib_a-fflush.o)
                0x0000000000024d6c                _fflush_r
 .text.fflush   0x0000000000024df4       0x54 ../UARTTest_bsp//newlib/nios2-elf/lib\libc.a(lib_a-fflush.o)
                0x0000000000024df4                fflush
 .text          0x0000000000024e48        0x0 ../UARTTest_bsp//newlib/nios2-elf/lib\libc.a(lib_a-findfp.o)
 .text.std      0x0000000000024e48       0xf4 ../UARTTest_bsp//newlib/nios2-elf/lib\libc.a(lib_a-findfp.o)
 .text.__sfmoreglue
                0x0000000000024f3c       0xa4 ../UARTTest_bsp//newlib/nios2-elf/lib\libc.a(lib_a-findfp.o)
                0x0000000000024f3c                __sfmoreglue
 .text.__sfp    0x0000000000024fe0      0x194 ../UARTTest_bsp//newlib/nios2-elf/lib\libc.a(lib_a-findfp.o)
                0x0000000000024fe0                __sfp
 .text._cleanup_r
                0x0000000000025174       0x44 ../UARTTest_bsp//newlib/nios2-elf/lib\libc.a(lib_a-findfp.o)
                0x0000000000025174                _cleanup_r
 .text._cleanup
                0x00000000000251b8       0x34 ../UARTTest_bsp//newlib/nios2-elf/lib\libc.a(lib_a-findfp.o)
                0x00000000000251b8                _cleanup
 .text.__sinit  0x00000000000251ec       0xd8 ../UARTTest_bsp//newlib/nios2-elf/lib\libc.a(lib_a-findfp.o)
                0x00000000000251ec                __sinit
 .text.__sfp_lock_acquire
                0x00000000000252c4       0x20 ../UARTTest_bsp//newlib/nios2-elf/lib\libc.a(lib_a-findfp.o)
                0x00000000000252c4                __sfp_lock_acquire
 .text.__sfp_lock_release
                0x00000000000252e4       0x20 ../UARTTest_bsp//newlib/nios2-elf/lib\libc.a(lib_a-findfp.o)
                0x00000000000252e4                __sfp_lock_release
 .text.__sinit_lock_acquire
                0x0000000000025304       0x20 ../UARTTest_bsp//newlib/nios2-elf/lib\libc.a(lib_a-findfp.o)
                0x0000000000025304                __sinit_lock_acquire
 .text.__sinit_lock_release
                0x0000000000025324       0x20 ../UARTTest_bsp//newlib/nios2-elf/lib\libc.a(lib_a-findfp.o)
                0x0000000000025324                __sinit_lock_release
 .text.__fp_lock
                0x0000000000025344       0x24 ../UARTTest_bsp//newlib/nios2-elf/lib\libc.a(lib_a-findfp.o)
 .text.__fp_unlock
                0x0000000000025368       0x24 ../UARTTest_bsp//newlib/nios2-elf/lib\libc.a(lib_a-findfp.o)
 .text.__fp_lock_all
                0x000000000002538c       0x40 ../UARTTest_bsp//newlib/nios2-elf/lib\libc.a(lib_a-findfp.o)
                0x000000000002538c                __fp_lock_all
 .text.__fp_unlock_all
                0x00000000000253cc       0x40 ../UARTTest_bsp//newlib/nios2-elf/lib\libc.a(lib_a-findfp.o)
                0x00000000000253cc                __fp_unlock_all
 .text          0x000000000002540c        0x0 ../UARTTest_bsp//newlib/nios2-elf/lib\libc.a(lib_a-freer.o)
 .text._free_r  0x000000000002540c      0x560 ../UARTTest_bsp//newlib/nios2-elf/lib\libc.a(lib_a-freer.o)
                0x000000000002540c                _free_r
 .text._malloc_trim_r
                0x000000000002596c      0x1c8 ../UARTTest_bsp//newlib/nios2-elf/lib\libc.a(lib_a-freer.o)
                0x000000000002596c                _malloc_trim_r
 .text          0x0000000000025b34        0x0 ../UARTTest_bsp//newlib/nios2-elf/lib\libc.a(lib_a-fvwrite.o)
 .text.__sfvwrite_r
                0x0000000000025b34      0x5d0 ../UARTTest_bsp//newlib/nios2-elf/lib\libc.a(lib_a-fvwrite.o)
                0x0000000000025b34                __sfvwrite_r
 .text          0x0000000000026104        0x0 ../UARTTest_bsp//newlib/nios2-elf/lib\libc.a(lib_a-fwalk.o)
 .text._fwalk   0x0000000000026104       0xd8 ../UARTTest_bsp//newlib/nios2-elf/lib\libc.a(lib_a-fwalk.o)
                0x0000000000026104                _fwalk
 .text._fwalk_reent
                0x00000000000261dc       0xdc ../UARTTest_bsp//newlib/nios2-elf/lib\libc.a(lib_a-fwalk.o)
                0x00000000000261dc                _fwalk_reent
 .text          0x00000000000262b8        0x0 ../UARTTest_bsp//newlib/nios2-elf/lib\libc.a(lib_a-locale.o)
 .text._setlocale_r
                0x00000000000262b8       0x84 ../UARTTest_bsp//newlib/nios2-elf/lib\libc.a(lib_a-locale.o)
                0x00000000000262b8                _setlocale_r
 .text.__locale_charset
                0x000000000002633c       0x24 ../UARTTest_bsp//newlib/nios2-elf/lib\libc.a(lib_a-locale.o)
                0x000000000002633c                __locale_charset
 .text.__locale_mb_cur_max
                0x0000000000026360       0x20 ../UARTTest_bsp//newlib/nios2-elf/lib\libc.a(lib_a-locale.o)
                0x0000000000026360                __locale_mb_cur_max
 .text.__locale_msgcharset
                0x0000000000026380       0x24 ../UARTTest_bsp//newlib/nios2-elf/lib\libc.a(lib_a-locale.o)
                0x0000000000026380                __locale_msgcharset
 .text.__locale_cjk_lang
                0x00000000000263a4       0x20 ../UARTTest_bsp//newlib/nios2-elf/lib\libc.a(lib_a-locale.o)
                0x00000000000263a4                __locale_cjk_lang
 .text._localeconv_r
                0x00000000000263c4       0x28 ../UARTTest_bsp//newlib/nios2-elf/lib\libc.a(lib_a-locale.o)
                0x00000000000263c4                _localeconv_r
 .text.setlocale
                0x00000000000263ec       0x40 ../UARTTest_bsp//newlib/nios2-elf/lib\libc.a(lib_a-locale.o)
                0x00000000000263ec                setlocale
 .text.localeconv
                0x000000000002642c       0x30 ../UARTTest_bsp//newlib/nios2-elf/lib\libc.a(lib_a-locale.o)
                0x000000000002642c                localeconv
 .text          0x000000000002645c        0x0 ../UARTTest_bsp//newlib/nios2-elf/lib\libc.a(lib_a-makebuf.o)
 .text.__smakebuf_r
                0x000000000002645c      0x22c ../UARTTest_bsp//newlib/nios2-elf/lib\libc.a(lib_a-makebuf.o)
                0x000000000002645c                __smakebuf_r
 .text          0x0000000000026688        0x0 ../UARTTest_bsp//newlib/nios2-elf/lib\libc.a(lib_a-mallocr.o)
 .text.malloc_extend_top
                0x0000000000026688      0x3b4 ../UARTTest_bsp//newlib/nios2-elf/lib\libc.a(lib_a-mallocr.o)
 .text._malloc_r
                0x0000000000026a3c      0xb7c ../UARTTest_bsp//newlib/nios2-elf/lib\libc.a(lib_a-mallocr.o)
                0x0000000000026a3c                _malloc_r
 .text          0x00000000000275b8        0x0 ../UARTTest_bsp//newlib/nios2-elf/lib\libc.a(lib_a-memchr.o)
 .text.memchr   0x00000000000275b8      0x1bc ../UARTTest_bsp//newlib/nios2-elf/lib\libc.a(lib_a-memchr.o)
                0x00000000000275b8                memchr
 .text          0x0000000000027774        0x0 ../UARTTest_bsp//newlib/nios2-elf/lib\libc.a(lib_a-memcpy.o)
 .text.memcpy   0x0000000000027774      0x188 ../UARTTest_bsp//newlib/nios2-elf/lib\libc.a(lib_a-memcpy.o)
                0x0000000000027774                memcpy
 .text          0x00000000000278fc        0x0 ../UARTTest_bsp//newlib/nios2-elf/lib\libc.a(lib_a-memmove.o)
 .text.memmove  0x00000000000278fc      0x208 ../UARTTest_bsp//newlib/nios2-elf/lib\libc.a(lib_a-memmove.o)
                0x00000000000278fc                memmove
 .text          0x0000000000027b04        0x0 ../UARTTest_bsp//newlib/nios2-elf/lib\libc.a(lib_a-memset.o)
 .text.memset   0x0000000000027b04      0x1c4 ../UARTTest_bsp//newlib/nios2-elf/lib\libc.a(lib_a-memset.o)
                0x0000000000027b04                memset
 .text          0x0000000000027cc8        0x0 ../UARTTest_bsp//newlib/nios2-elf/lib\libc.a(lib_a-mprec.o)
 .text._Balloc  0x0000000000027cc8      0x130 ../UARTTest_bsp//newlib/nios2-elf/lib\libc.a(lib_a-mprec.o)
                0x0000000000027cc8                _Balloc
 .text._Bfree   0x0000000000027df8       0x7c ../UARTTest_bsp//newlib/nios2-elf/lib\libc.a(lib_a-mprec.o)
                0x0000000000027df8                _Bfree
 .text.__multadd
                0x0000000000027e74      0x194 ../UARTTest_bsp//newlib/nios2-elf/lib\libc.a(lib_a-mprec.o)
                0x0000000000027e74                __multadd
 .text.__s2b    0x0000000000028008      0x188 ../UARTTest_bsp//newlib/nios2-elf/lib\libc.a(lib_a-mprec.o)
                0x0000000000028008                __s2b
 .text.__hi0bits
                0x0000000000028190       0x90 ../UARTTest_bsp//newlib/nios2-elf/lib\libc.a(lib_a-mprec.o)
                0x0000000000028190                __hi0bits
 .text.__lo0bits
                0x0000000000028220       0xec ../UARTTest_bsp//newlib/nios2-elf/lib\libc.a(lib_a-mprec.o)
                0x0000000000028220                __lo0bits
 .text.__i2b    0x000000000002830c       0x58 ../UARTTest_bsp//newlib/nios2-elf/lib\libc.a(lib_a-mprec.o)
                0x000000000002830c                __i2b
 .text.__multiply
                0x0000000000028364      0x3d0 ../UARTTest_bsp//newlib/nios2-elf/lib\libc.a(lib_a-mprec.o)
                0x0000000000028364                __multiply
 .text.__pow5mult
                0x0000000000028734      0x178 ../UARTTest_bsp//newlib/nios2-elf/lib\libc.a(lib_a-mprec.o)
                0x0000000000028734                __pow5mult
 .text.__lshift
                0x00000000000288ac      0x1f8 ../UARTTest_bsp//newlib/nios2-elf/lib\libc.a(lib_a-mprec.o)
                0x00000000000288ac                __lshift
 .text.__mcmp   0x0000000000028aa4      0x114 ../UARTTest_bsp//newlib/nios2-elf/lib\libc.a(lib_a-mprec.o)
                0x0000000000028aa4                __mcmp
 .text.__mdiff  0x0000000000028bb8      0x2a4 ../UARTTest_bsp//newlib/nios2-elf/lib\libc.a(lib_a-mprec.o)
                0x0000000000028bb8                __mdiff
 .text.__ulp    0x0000000000028e5c       0xcc ../UARTTest_bsp//newlib/nios2-elf/lib\libc.a(lib_a-mprec.o)
                0x0000000000028e5c                __ulp
 .text.__b2d    0x0000000000028f28      0x204 ../UARTTest_bsp//newlib/nios2-elf/lib\libc.a(lib_a-mprec.o)
                0x0000000000028f28                __b2d
 .text.__d2b    0x000000000002912c      0x240 ../UARTTest_bsp//newlib/nios2-elf/lib\libc.a(lib_a-mprec.o)
                0x000000000002912c                __d2b
 .text.__ratio  0x000000000002936c      0x11c ../UARTTest_bsp//newlib/nios2-elf/lib\libc.a(lib_a-mprec.o)
                0x000000000002936c                __ratio
 .text._mprec_log10
                0x0000000000029488       0xb0 ../UARTTest_bsp//newlib/nios2-elf/lib\libc.a(lib_a-mprec.o)
                0x0000000000029488                _mprec_log10
 .text.__copybits
                0x0000000000029538       0xd0 ../UARTTest_bsp//newlib/nios2-elf/lib\libc.a(lib_a-mprec.o)
                0x0000000000029538                __copybits
 .text.__any_on
                0x0000000000029608      0x134 ../UARTTest_bsp//newlib/nios2-elf/lib\libc.a(lib_a-mprec.o)
                0x0000000000029608                __any_on
 .text          0x000000000002973c        0x0 ../UARTTest_bsp//newlib/nios2-elf/lib\libc.a(lib_a-reallocr.o)
 .text._realloc_r
                0x000000000002973c      0xbf0 ../UARTTest_bsp//newlib/nios2-elf/lib\libc.a(lib_a-reallocr.o)
                0x000000000002973c                _realloc_r
 .text          0x000000000002a32c        0x0 ../UARTTest_bsp//newlib/nios2-elf/lib\libc.a(lib_a-s_fpclassify.o)
 .text.__fpclassifyd
                0x000000000002a32c      0x104 ../UARTTest_bsp//newlib/nios2-elf/lib\libc.a(lib_a-s_fpclassify.o)
                0x000000000002a32c                __fpclassifyd
 .text          0x000000000002a430        0x0 ../UARTTest_bsp//newlib/nios2-elf/lib\libc.a(lib_a-sbrkr.o)
 .text._sbrk_r  0x000000000002a430       0x60 ../UARTTest_bsp//newlib/nios2-elf/lib\libc.a(lib_a-sbrkr.o)
                0x000000000002a430                _sbrk_r
 .text          0x000000000002a490        0x0 ../UARTTest_bsp//newlib/nios2-elf/lib\libc.a(lib_a-stdio.o)
 .text.__sread  0x000000000002a490       0x9c ../UARTTest_bsp//newlib/nios2-elf/lib\libc.a(lib_a-stdio.o)
                0x000000000002a490                __sread
 .text.__seofread
                0x000000000002a52c       0x30 ../UARTTest_bsp//newlib/nios2-elf/lib\libc.a(lib_a-stdio.o)
                0x000000000002a52c                __seofread
 .text.__swrite
                0x000000000002a55c       0xb4 ../UARTTest_bsp//newlib/nios2-elf/lib\libc.a(lib_a-stdio.o)
                0x000000000002a55c                __swrite
 .text.__sseek  0x000000000002a610       0xa0 ../UARTTest_bsp//newlib/nios2-elf/lib\libc.a(lib_a-stdio.o)
                0x000000000002a610                __sseek
 .text.__sclose
                0x000000000002a6b0       0x54 ../UARTTest_bsp//newlib/nios2-elf/lib\libc.a(lib_a-stdio.o)
                0x000000000002a6b0                __sclose
 .text          0x000000000002a704        0x0 ../UARTTest_bsp//newlib/nios2-elf/lib\libc.a(lib_a-strcmp.o)
 .text.strcmp   0x000000000002a704      0x140 ../UARTTest_bsp//newlib/nios2-elf/lib\libc.a(lib_a-strcmp.o)
                0x000000000002a704                strcmp
 .text          0x000000000002a844        0x0 ../UARTTest_bsp//newlib/nios2-elf/lib\libc.a(lib_a-strlen.o)
 .text.strlen   0x000000000002a844       0xf4 ../UARTTest_bsp//newlib/nios2-elf/lib\libc.a(lib_a-strlen.o)
                0x000000000002a844                strlen
 .text          0x000000000002a938        0x0 ../UARTTest_bsp//newlib/nios2-elf/lib\libc.a(lib_a-vfiprintf.o)
 .text.__sprint_r
                0x000000000002a938      0x13c ../UARTTest_bsp//newlib/nios2-elf/lib\libc.a(lib_a-vfiprintf.o)
                0x000000000002a938                __sprint_r
 .text.__sbprintf
                0x000000000002aa74       0xf0 ../UARTTest_bsp//newlib/nios2-elf/lib\libc.a(lib_a-vfiprintf.o)
 .text.__vfiprintf_internal
                0x000000000002ab64       0x50 ../UARTTest_bsp//newlib/nios2-elf/lib\libc.a(lib_a-vfiprintf.o)
                0x000000000002ab64                __vfiprintf_internal
 .text.___vfiprintf_internal_r
                0x000000000002abb4     0x12c4 ../UARTTest_bsp//newlib/nios2-elf/lib\libc.a(lib_a-vfiprintf.o)
                0x000000000002abb4                ___vfiprintf_internal_r
 .text          0x000000000002be78        0x0 ../UARTTest_bsp//newlib/nios2-elf/lib\libc.a(lib_a-writer.o)
 .text._write_r
                0x000000000002be78       0x70 ../UARTTest_bsp//newlib/nios2-elf/lib\libc.a(lib_a-writer.o)
                0x000000000002be78                _write_r
 .text          0x000000000002bee8        0x0 ../UARTTest_bsp//newlib/nios2-elf/lib\libc.a(closer.o)
 .text._close_r
                0x000000000002bee8       0x60 ../UARTTest_bsp//newlib/nios2-elf/lib\libc.a(closer.o)
                0x000000000002bee8                _close_r
 .text          0x000000000002bf48        0x0 ../UARTTest_bsp//newlib/nios2-elf/lib\libc.a(lib_a-callocr.o)
 .text._calloc_r
                0x000000000002bf48      0x164 ../UARTTest_bsp//newlib/nios2-elf/lib\libc.a(lib_a-callocr.o)
                0x000000000002bf48                _calloc_r
 .text          0x000000000002c0ac        0x0 ../UARTTest_bsp//newlib/nios2-elf/lib\libc.a(lib_a-fclose.o)
 .text._fclose_r
                0x000000000002c0ac      0x12c ../UARTTest_bsp//newlib/nios2-elf/lib\libc.a(lib_a-fclose.o)
                0x000000000002c0ac                _fclose_r
 .text.fclose   0x000000000002c1d8       0x38 ../UARTTest_bsp//newlib/nios2-elf/lib\libc.a(lib_a-fclose.o)
                0x000000000002c1d8                fclose
 .text          0x000000000002c210        0x0 ../UARTTest_bsp//newlib/nios2-elf/lib\libc.a(lib_a-fputwc.o)
 .text.__fputwc
                0x000000000002c210      0x1f4 ../UARTTest_bsp//newlib/nios2-elf/lib\libc.a(lib_a-fputwc.o)
                0x000000000002c210                __fputwc
 .text._fputwc_r
                0x000000000002c404       0x88 ../UARTTest_bsp//newlib/nios2-elf/lib\libc.a(lib_a-fputwc.o)
                0x000000000002c404                _fputwc_r
 .text.fputwc   0x000000000002c48c       0x68 ../UARTTest_bsp//newlib/nios2-elf/lib\libc.a(lib_a-fputwc.o)
                0x000000000002c48c                fputwc
 .text          0x000000000002c4f4        0x0 ../UARTTest_bsp//newlib/nios2-elf/lib\libc.a(lib_a-fstatr.o)
 .text._fstat_r
                0x000000000002c4f4       0x68 ../UARTTest_bsp//newlib/nios2-elf/lib\libc.a(lib_a-fstatr.o)
                0x000000000002c4f4                _fstat_r
 .text          0x000000000002c55c        0x0 ../UARTTest_bsp//newlib/nios2-elf/lib\libc.a(lib_a-int_errno.o)
 .text          0x000000000002c55c        0x0 ../UARTTest_bsp//newlib/nios2-elf/lib\libc.a(lib_a-isattyr.o)
 .text._isatty_r
                0x000000000002c55c       0x60 ../UARTTest_bsp//newlib/nios2-elf/lib\libc.a(lib_a-isattyr.o)
                0x000000000002c55c                _isatty_r
 .text          0x000000000002c5bc        0x0 ../UARTTest_bsp//newlib/nios2-elf/lib\libc.a(lib_a-lseekr.o)
 .text._lseek_r
                0x000000000002c5bc       0x70 ../UARTTest_bsp//newlib/nios2-elf/lib\libc.a(lib_a-lseekr.o)
                0x000000000002c5bc                _lseek_r
 .text          0x000000000002c62c        0x0 ../UARTTest_bsp//newlib/nios2-elf/lib\libc.a(lib_a-readr.o)
 .text._read_r  0x000000000002c62c       0x70 ../UARTTest_bsp//newlib/nios2-elf/lib\libc.a(lib_a-readr.o)
                0x000000000002c62c                _read_r
 .text          0x000000000002c69c        0x0 ../UARTTest_bsp//newlib/nios2-elf/lib\libc.a(lib_a-wbuf.o)
 .text.__swbuf_r
                0x000000000002c69c      0x168 ../UARTTest_bsp//newlib/nios2-elf/lib\libc.a(lib_a-wbuf.o)
                0x000000000002c69c                __swbuf_r
 .text.__swbuf  0x000000000002c804       0x40 ../UARTTest_bsp//newlib/nios2-elf/lib\libc.a(lib_a-wbuf.o)
                0x000000000002c804                __swbuf
 .text          0x000000000002c844        0x0 ../UARTTest_bsp//newlib/nios2-elf/lib\libc.a(lib_a-wcrtomb.o)
 .text._wcrtomb_r
                0x000000000002c844       0xd4 ../UARTTest_bsp//newlib/nios2-elf/lib\libc.a(lib_a-wcrtomb.o)
                0x000000000002c844                _wcrtomb_r
 .text.wcrtomb  0x000000000002c918       0xd8 ../UARTTest_bsp//newlib/nios2-elf/lib\libc.a(lib_a-wcrtomb.o)
                0x000000000002c918                wcrtomb
 .text          0x000000000002c9f0        0x0 ../UARTTest_bsp//newlib/nios2-elf/lib\libc.a(lib_a-wctomb_r.o)
 .text._wctomb_r
                0x000000000002c9f0       0x64 ../UARTTest_bsp//newlib/nios2-elf/lib\libc.a(lib_a-wctomb_r.o)
                0x000000000002c9f0                _wctomb_r
 .text.__ascii_wctomb
                0x000000000002ca54       0x78 ../UARTTest_bsp//newlib/nios2-elf/lib\libc.a(lib_a-wctomb_r.o)
                0x000000000002ca54                __ascii_wctomb
 .text          0x000000000002cacc      0x578 c:/intelfpga_lite/17.1/nios2eds/bin/gnu/h-x86_64-mingw32/bin/../lib/gcc/nios2-elf/5.3.0\libgcc.a(_udivdi3.o)
                0x000000000002cacc                __udivdi3
 .text          0x000000000002d044      0x538 c:/intelfpga_lite/17.1/nios2eds/bin/gnu/h-x86_64-mingw32/bin/../lib/gcc/nios2-elf/5.3.0\libgcc.a(_umoddi3.o)
                0x000000000002d044                __umoddi3
 .text          0x000000000002d57c      0x1b4 c:/intelfpga_lite/17.1/nios2eds/bin/gnu/h-x86_64-mingw32/bin/../lib/gcc/nios2-elf/5.3.0\libgcc.a(lib2-divmod.o)
                0x000000000002d57c                __divsi3
                0x000000000002d600                __modsi3
                0x000000000002d674                __udivsi3
                0x000000000002d6d8                __umodsi3
 .text          0x000000000002d730      0x8ac c:/intelfpga_lite/17.1/nios2eds/bin/gnu/h-x86_64-mingw32/bin/../lib/gcc/nios2-elf/5.3.0\libgcc.a(adddf3.o)
                0x000000000002d730                __adddf3
 .text          0x000000000002dfdc      0x8e8 c:/intelfpga_lite/17.1/nios2eds/bin/gnu/h-x86_64-mingw32/bin/../lib/gcc/nios2-elf/5.3.0\libgcc.a(divdf3.o)
                0x000000000002dfdc                __divdf3
 .text          0x000000000002e8c4       0x88 c:/intelfpga_lite/17.1/nios2eds/bin/gnu/h-x86_64-mingw32/bin/../lib/gcc/nios2-elf/5.3.0\libgcc.a(eqdf2.o)
                0x000000000002e8c4                __nedf2
                0x000000000002e8c4                __eqdf2
 .text          0x000000000002e94c       0xdc c:/intelfpga_lite/17.1/nios2eds/bin/gnu/h-x86_64-mingw32/bin/../lib/gcc/nios2-elf/5.3.0\libgcc.a(gedf2.o)
                0x000000000002e94c                __gedf2
                0x000000000002e94c                __gtdf2
 .text          0x000000000002ea28       0xf4 c:/intelfpga_lite/17.1/nios2eds/bin/gnu/h-x86_64-mingw32/bin/../lib/gcc/nios2-elf/5.3.0\libgcc.a(ledf2.o)
                0x000000000002ea28                __ledf2
                0x000000000002ea28                __ltdf2
 .text          0x000000000002eb1c      0x718 c:/intelfpga_lite/17.1/nios2eds/bin/gnu/h-x86_64-mingw32/bin/../lib/gcc/nios2-elf/5.3.0\libgcc.a(muldf3.o)
                0x000000000002eb1c                __muldf3
 .text          0x000000000002f234      0x8fc c:/intelfpga_lite/17.1/nios2eds/bin/gnu/h-x86_64-mingw32/bin/../lib/gcc/nios2-elf/5.3.0\libgcc.a(subdf3.o)
                0x000000000002f234                __subdf3
 .text          0x000000000002fb30       0x80 c:/intelfpga_lite/17.1/nios2eds/bin/gnu/h-x86_64-mingw32/bin/../lib/gcc/nios2-elf/5.3.0\libgcc.a(fixdfsi.o)
                0x000000000002fb30                __fixdfsi
 .text          0x000000000002fbb0       0xdc c:/intelfpga_lite/17.1/nios2eds/bin/gnu/h-x86_64-mingw32/bin/../lib/gcc/nios2-elf/5.3.0\libgcc.a(floatsidf.o)
                0x000000000002fbb0                __floatsidf
 .text          0x000000000002fc8c       0xa8 c:/intelfpga_lite/17.1/nios2eds/bin/gnu/h-x86_64-mingw32/bin/../lib/gcc/nios2-elf/5.3.0\libgcc.a(floatunsidf.o)
                0x000000000002fc8c                __floatunsidf
 .text          0x000000000002fd34        0x0 c:/intelfpga_lite/17.1/nios2eds/bin/gnu/h-x86_64-mingw32/bin/../lib/gcc/nios2-elf/5.3.0\libgcc.a(_clz.o)
 .text          0x000000000002fd34       0x64 c:/intelfpga_lite/17.1/nios2eds/bin/gnu/h-x86_64-mingw32/bin/../lib/gcc/nios2-elf/5.3.0\libgcc.a(_clzsi2.o)
                0x000000000002fd34                __clzsi2
 .text          0x000000000002fd98       0xbc ../UARTTest_bsp/\libhal_bsp.a(alt_close.o)
                0x000000000002fd98                close
 .text          0x000000000002fe54        0x8 ../UARTTest_bsp/\libhal_bsp.a(alt_dev.o)
 .text          0x000000000002fe5c        0x0 ../UARTTest_bsp/\libhal_bsp.a(alt_errno.o)
 .text          0x000000000002fe5c       0x78 ../UARTTest_bsp/\libhal_bsp.a(alt_fstat.o)
                0x000000000002fe5c                fstat
 .text          0x000000000002fed4       0x84 ../UARTTest_bsp/\libhal_bsp.a(alt_isatty.o)
                0x000000000002fed4                isatty
 .text          0x000000000002ff58       0xec ../UARTTest_bsp/\libhal_bsp.a(alt_load.o)
                0x000000000002ffc0                alt_load
 .text          0x0000000000030044       0x7c ../UARTTest_bsp/\libhal_bsp.a(alt_lseek.o)
                0x0000000000030044                lseek
 .text          0x00000000000300c0       0x64 ../UARTTest_bsp/\libhal_bsp.a(alt_main.o)
                0x00000000000300c0                alt_main
 .text          0x0000000000030124       0x48 ../UARTTest_bsp/\libhal_bsp.a(alt_malloc_lock.o)
                0x0000000000030124                __malloc_lock
                0x0000000000030148                __malloc_unlock
 .text          0x000000000003016c       0xc8 ../UARTTest_bsp/\libhal_bsp.a(alt_read.o)
                0x000000000003016c                read
 .text          0x0000000000030234       0x24 ../UARTTest_bsp/\libhal_bsp.a(alt_release_fd.o)
                0x0000000000030234                alt_release_fd
 .text          0x0000000000030258       0x4c ../UARTTest_bsp/\libhal_bsp.a(alt_sbrk.o)
                0x0000000000030258                sbrk
 .text          0x00000000000302a4       0x30 ../UARTTest_bsp/\libhal_bsp.a(alt_usleep.o)
                0x00000000000302a4                usleep
 .text          0x00000000000302d4       0xc4 ../UARTTest_bsp/\libhal_bsp.a(alt_write.o)
                0x00000000000302d4                write
 .text          0x0000000000030398       0xac ../UARTTest_bsp/\libhal_bsp.a(alt_sys_init.o)
                0x0000000000030398                alt_irq_init
                0x00000000000303b8                alt_sys_init
 .text          0x0000000000030444       0x3c ../UARTTest_bsp/\libhal_bsp.a(altera_avalon_jtag_uart_fd.o)
                0x0000000000030444                altera_avalon_jtag_uart_read_fd
                0x0000000000030454                altera_avalon_jtag_uart_write_fd
                0x0000000000030464                altera_avalon_jtag_uart_close_fd
                0x0000000000030474                altera_avalon_jtag_uart_ioctl_fd
 .text          0x0000000000030480      0x218 ../UARTTest_bsp/\libhal_bsp.a(altera_avalon_jtag_uart_init.o)
                0x00000000000305d4                altera_avalon_jtag_uart_init
                0x000000000003064c                altera_avalon_jtag_uart_close
 .text          0x0000000000030698       0x74 ../UARTTest_bsp/\libhal_bsp.a(altera_avalon_jtag_uart_ioctl.o)
                0x0000000000030698                altera_avalon_jtag_uart_ioctl
 .text          0x000000000003070c      0x154 ../UARTTest_bsp/\libhal_bsp.a(altera_avalon_jtag_uart_read.o)
                0x000000000003070c                altera_avalon_jtag_uart_read
 .text          0x0000000000030860      0x1a0 ../UARTTest_bsp/\libhal_bsp.a(altera_avalon_jtag_uart_write.o)
                0x0000000000030860                altera_avalon_jtag_uart_write
 .text          0x0000000000030a00       0x84 ../UARTTest_bsp/\libhal_bsp.a(altera_avalon_timer_sc.o)
                0x0000000000030a3c                alt_avalon_timer_sc_init
 .text          0x0000000000030a84       0x30 ../UARTTest_bsp/\libhal_bsp.a(altera_avalon_uart_fd.o)
                0x0000000000030a84                altera_avalon_uart_read_fd
                0x0000000000030a94                altera_avalon_uart_write_fd
                0x0000000000030aa4                altera_avalon_uart_close_fd
 .text          0x0000000000030ab4      0x1c0 ../UARTTest_bsp/\libhal_bsp.a(altera_avalon_uart_init.o)
                0x0000000000030c04                altera_avalon_uart_init
                0x0000000000030c44                altera_avalon_uart_close
 .text          0x0000000000030c74      0x1bc ../UARTTest_bsp/\libhal_bsp.a(altera_avalon_uart_read.o)
                0x0000000000030c74                altera_avalon_uart_read
 .text          0x0000000000030e30       0xfc ../UARTTest_bsp/\libhal_bsp.a(altera_avalon_uart_write.o)
                0x0000000000030e30                altera_avalon_uart_write
 .text          0x0000000000030f2c       0x80 ../UARTTest_bsp/\libhal_bsp.a(alt_alarm_start.o)
                0x0000000000030f2c                alt_alarm_start
 .text          0x0000000000030fac       0x60 ../UARTTest_bsp/\libhal_bsp.a(alt_busy_sleep.o)
                0x0000000000030fac                alt_busy_sleep
 .text          0x000000000003100c       0x18 ../UARTTest_bsp/\libhal_bsp.a(alt_dcache_flush_all.o)
                0x000000000003100c                alt_dcache_flush_all
 .text          0x0000000000031024       0xe0 ../UARTTest_bsp/\libhal_bsp.a(alt_dev_llist_insert.o)
                0x0000000000031060                alt_dev_llist_insert
 .text          0x0000000000031104       0x60 ../UARTTest_bsp/\libhal_bsp.a(alt_do_ctors.o)
                0x0000000000031104                _do_ctors
 .text          0x0000000000031164       0x60 ../UARTTest_bsp/\libhal_bsp.a(alt_do_dtors.o)
                0x0000000000031164                _do_dtors
 .text          0x00000000000311c4        0xc ../UARTTest_bsp/\libhal_bsp.a(alt_icache_flush_all.o)
                0x00000000000311c4                alt_icache_flush_all
 .text          0x00000000000311d0       0x8c ../UARTTest_bsp/\libhal_bsp.a(alt_iic.o)
                0x00000000000311d0                alt_ic_isr_register
                0x00000000000311d4                alt_ic_irq_enable
                0x000000000003120c                alt_ic_irq_disable
                0x0000000000031244                alt_ic_irq_enabled
 .text          0x000000000003125c       0x68 ../UARTTest_bsp/\libhal_bsp.a(alt_iic_isr_register.o)
                0x000000000003125c                alt_iic_isr_register
 .text          0x00000000000312c4      0x104 ../UARTTest_bsp/\libhal_bsp.a(alt_io_redirect.o)
                0x00000000000312c4                alt_io_redirect
 .text          0x00000000000313c8        0x0 ../UARTTest_bsp/\libhal_bsp.a(alt_irq_entry.o)
 .text          0x00000000000313c8        0x0 ../UARTTest_bsp/\libhal_bsp.a(alt_irq_handler.o)
 .text          0x00000000000313c8        0x0 ../UARTTest_bsp/\libhal_bsp.a(alt_irq_vars.o)
 .text          0x00000000000313c8      0x178 ../UARTTest_bsp/\libhal_bsp.a(alt_open.o)
                0x00000000000313c8                open
 .text          0x0000000000031540      0x128 ../UARTTest_bsp/\libhal_bsp.a(alt_tick.o)
                0x0000000000031540                alt_alarm_stop
                0x0000000000031574                alt_tick
 .text          0x0000000000031668        0x8 ../UARTTest_bsp/\libhal_bsp.a(altera_nios2_gen2_irq.o)
                0x0000000000031668                altera_nios2_gen2_irq_init
 .text          0x0000000000031670        0x0 ../UARTTest_bsp/\libhal_bsp.a(alt_exception_entry.o)
 .text          0x0000000000031670       0x78 ../UARTTest_bsp/\libhal_bsp.a(alt_find_dev.o)
                0x0000000000031670                alt_find_dev
 .text          0x00000000000316e8       0xac ../UARTTest_bsp/\libhal_bsp.a(alt_find_file.o)
                0x00000000000316e8                alt_find_file
 .text          0x0000000000031794       0x50 ../UARTTest_bsp/\libhal_bsp.a(alt_get_fd.o)
                0x0000000000031794                alt_get_fd
 .text          0x00000000000317e4       0x50 ../UARTTest_bsp/\libhal_bsp.a(alt_icache_flush.o)
                0x00000000000317e4                alt_icache_flush
 .text          0x0000000000031834       0x74 ../UARTTest_bsp/\libhal_bsp.a(alt_instruction_exception_entry.o)
                0x0000000000031834                alt_exception_cause_generated_bad_addr
 .text          0x00000000000318a8        0x0 ../UARTTest_bsp//newlib/nios2-elf/lib\libc.a(lib_a-atexit.o)
 .text.atexit   0x00000000000318a8       0x3c ../UARTTest_bsp//newlib/nios2-elf/lib\libc.a(lib_a-atexit.o)
                0x00000000000318a8                atexit
 .text          0x00000000000318e4        0x0 ../UARTTest_bsp//newlib/nios2-elf/lib\libc.a(lib_a-exit.o)
 .text.exit     0x00000000000318e4       0x48 ../UARTTest_bsp//newlib/nios2-elf/lib\libc.a(lib_a-exit.o)
                0x00000000000318e4                exit
 .text          0x000000000003192c        0x0 ../UARTTest_bsp//newlib/nios2-elf/lib\libc.a(lib_a-memcmp.o)
 .text.memcmp   0x000000000003192c      0x134 ../UARTTest_bsp//newlib/nios2-elf/lib\libc.a(lib_a-memcmp.o)
                0x000000000003192c                memcmp
 .text          0x0000000000031a60        0x0 ../UARTTest_bsp//newlib/nios2-elf/lib\libc.a(lib_a-__atexit.o)
 .text.__register_exitproc
                0x0000000000031a60      0x170 ../UARTTest_bsp//newlib/nios2-elf/lib\libc.a(lib_a-__atexit.o)
                0x0000000000031a60                __register_exitproc
 .text          0x0000000000031bd0        0x0 ../UARTTest_bsp//newlib/nios2-elf/lib\libc.a(lib_a-__call_atexit.o)
 .text.__call_exitprocs
                0x0000000000031bd0      0x1ec ../UARTTest_bsp//newlib/nios2-elf/lib\libc.a(lib_a-__call_atexit.o)
                0x0000000000031bd0                __call_exitprocs
 .text          0x0000000000031dbc       0x14 ../UARTTest_bsp/\libhal_bsp.a(alt_exit.o)
                0x0000000000031dbc                _exit
 *(.gnu.warning.*)
 *(.fini)
                [!provide]                        PROVIDE (__etext, ABSOLUTE (.))
                [!provide]                        PROVIDE (_etext, ABSOLUTE (.))
                [!provide]                        PROVIDE (etext, ABSOLUTE (.))
 *(.eh_frame_hdr)
                0x0000000000031dd0                . = ALIGN (0x4)
                [!provide]                        PROVIDE (__preinit_array_start, ABSOLUTE (.))
 *(.preinit_array)
                [!provide]                        PROVIDE (__preinit_array_end, ABSOLUTE (.))
                [!provide]                        PROVIDE (__init_array_start, ABSOLUTE (.))
 *(.init_array)
                [!provide]                        PROVIDE (__init_array_end, ABSOLUTE (.))
                [!provide]                        PROVIDE (__fini_array_start, ABSOLUTE (.))
 *(.fini_array)
                [!provide]                        PROVIDE (__fini_array_end, ABSOLUTE (.))
 *(.eh_frame)
 *(.gcc_except_table .gcc_except_table.*)
 *(.dynamic)
                0x0000000000031dd0                PROVIDE (__CTOR_LIST__, ABSOLUTE (.))
 *(.ctors)
 *(SORT(.ctors.*))
                0x0000000000031dd0                PROVIDE (__CTOR_END__, ABSOLUTE (.))
                0x0000000000031dd0                PROVIDE (__DTOR_LIST__, ABSOLUTE (.))
 *(.dtors)
 *(SORT(.dtors.*))
                0x0000000000031dd0                PROVIDE (__DTOR_END__, ABSOLUTE (.))
 *(.jcr)
                0x0000000000031dd0                . = ALIGN (0x4)

.rodata         0x0000000000031dd0      0x3c0
                0x0000000000031dd0                PROVIDE (__ram_rodata_start, ABSOLUTE (.))
                0x0000000000031dd0                . = ALIGN (0x4)
 *(.rodata .rodata.* .gnu.linkonce.r.*)
 .rodata        0x0000000000031dd0       0x59 obj/default/hello_world.o
 *fill*         0x0000000000031e29        0x3 
 .rodata        0x0000000000031e2c        0x2 ../UARTTest_bsp//newlib/nios2-elf/lib\libc.a(lib_a-impure.o)
 *fill*         0x0000000000031e2e        0x2 
 .rodata        0x0000000000031e30       0x5e ../UARTTest_bsp//newlib/nios2-elf/lib\libc.a(lib_a-vfprintf.o)
 .rodata.blanks.4403
                0x0000000000031e8e       0x10 ../UARTTest_bsp//newlib/nios2-elf/lib\libc.a(lib_a-vfprintf.o)
 .rodata.zeroes.4404
                0x0000000000031e9e       0x10 ../UARTTest_bsp//newlib/nios2-elf/lib\libc.a(lib_a-vfprintf.o)
 *fill*         0x0000000000031eae        0x2 
 .rodata        0x0000000000031eb0       0x12 ../UARTTest_bsp//newlib/nios2-elf/lib\libc.a(lib_a-dtoa.o)
 *fill*         0x0000000000031ec2        0x2 
 .rodata        0x0000000000031ec4       0x12 ../UARTTest_bsp//newlib/nios2-elf/lib\libc.a(lib_a-locale.o)
 *fill*         0x0000000000031ed6        0x2 
 .rodata.__mprec_tens
                0x0000000000031ed8       0xc8 ../UARTTest_bsp//newlib/nios2-elf/lib\libc.a(lib_a-mprec.o)
                0x0000000000031ed8                __mprec_tens
 .rodata.__mprec_bigtens
                0x0000000000031fa0       0x28 ../UARTTest_bsp//newlib/nios2-elf/lib\libc.a(lib_a-mprec.o)
                0x0000000000031fa0                __mprec_bigtens
 .rodata.__mprec_tinytens
                0x0000000000031fc8       0x28 ../UARTTest_bsp//newlib/nios2-elf/lib\libc.a(lib_a-mprec.o)
                0x0000000000031fc8                __mprec_tinytens
 .rodata.p05.2768
                0x0000000000031ff0        0xc ../UARTTest_bsp//newlib/nios2-elf/lib\libc.a(lib_a-mprec.o)
 .rodata        0x0000000000031ffc       0x4a ../UARTTest_bsp//newlib/nios2-elf/lib\libc.a(lib_a-vfiprintf.o)
 .rodata.blanks.4348
                0x0000000000032046       0x10 ../UARTTest_bsp//newlib/nios2-elf/lib\libc.a(lib_a-vfiprintf.o)
 .rodata.zeroes.4349
                0x0000000000032056       0x10 ../UARTTest_bsp//newlib/nios2-elf/lib\libc.a(lib_a-vfiprintf.o)
 .rodata        0x0000000000032066      0x100 c:/intelfpga_lite/17.1/nios2eds/bin/gnu/h-x86_64-mingw32/bin/../lib/gcc/nios2-elf/5.3.0\libgcc.a(_clz.o)
                0x0000000000032066                __clz_tab
 *fill*         0x0000000000032166        0x2 
 .rodata.str1.4
                0x0000000000032168        0xa ../UARTTest_bsp/\libhal_bsp.a(alt_dev.o)
 *fill*         0x0000000000032172        0x2 
 .rodata.str1.4
                0x0000000000032174       0x1c ../UARTTest_bsp/\libhal_bsp.a(alt_main.o)
 .rodata.str1.4
                0x0000000000032190       0x1b ../UARTTest_bsp/\libhal_bsp.a(alt_sys_init.o)
 *(.rodata1)
                0x00000000000321ac                . = ALIGN (0x4)
                0x00000000000321ac                PROVIDE (__ram_rodata_end, ABSOLUTE (.))
                0x0000000000031dd0                PROVIDE (__flash_rodata_start, LOADADDR (.rodata))

.rwdata         0x0000000000032190     0x1bb0 load address 0x0000000000033d40
                0x0000000000032190                PROVIDE (__ram_rwdata_start, ABSOLUTE (.))
                0x0000000000032190                . = ALIGN (0x4)
 *(.got.plt)
 *(.got)
 *(.data1)
 *(.data .data.* .gnu.linkonce.d.*)
 .data          0x0000000000032190        0x0 ../UARTTest_bsp//obj/HAL/src/crt0.o
 .data          0x0000000000032190        0x0 obj/default/hello_world.o
 .data          0x0000000000032190        0x0 ../UARTTest_bsp//newlib/nios2-elf/lib\libc.a(lib_a-fprintf.o)
 .data          0x0000000000032190        0x0 ../UARTTest_bsp//newlib/nios2-elf/lib\libc.a(lib_a-fwrite.o)
 .data          0x0000000000032190        0x0 ../UARTTest_bsp//newlib/nios2-elf/lib\libc.a(lib_a-impure.o)
 .data.impure_data
                0x0000000000032190      0x424 ../UARTTest_bsp//newlib/nios2-elf/lib\libc.a(lib_a-impure.o)
 .data          0x00000000000325b4        0x0 ../UARTTest_bsp//newlib/nios2-elf/lib\libc.a(lib_a-vfprintf.o)
 .data          0x00000000000325b4        0x0 ../UARTTest_bsp//newlib/nios2-elf/lib\libc.a(lib_a-wsetup.o)
 .data          0x00000000000325b4        0x0 ../UARTTest_bsp//newlib/nios2-elf/lib\libc.a(lib_a-dtoa.o)
 .data          0x00000000000325b4        0x0 ../UARTTest_bsp//newlib/nios2-elf/lib\libc.a(lib_a-fflush.o)
 .data          0x00000000000325b4        0x0 ../UARTTest_bsp//newlib/nios2-elf/lib\libc.a(lib_a-findfp.o)
 .data          0x00000000000325b4        0x0 ../UARTTest_bsp//newlib/nios2-elf/lib\libc.a(lib_a-freer.o)
 .data          0x00000000000325b4        0x0 ../UARTTest_bsp//newlib/nios2-elf/lib\libc.a(lib_a-fvwrite.o)
 .data          0x00000000000325b4        0x0 ../UARTTest_bsp//newlib/nios2-elf/lib\libc.a(lib_a-fwalk.o)
 .data          0x00000000000325b4        0x0 ../UARTTest_bsp//newlib/nios2-elf/lib\libc.a(lib_a-locale.o)
 .data.lconv    0x00000000000325b4       0x38 ../UARTTest_bsp//newlib/nios2-elf/lib\libc.a(lib_a-locale.o)
 .data.lc_ctype_charset
                0x00000000000325ec       0x20 ../UARTTest_bsp//newlib/nios2-elf/lib\libc.a(lib_a-locale.o)
 .data.lc_message_charset
                0x000000000003260c       0x20 ../UARTTest_bsp//newlib/nios2-elf/lib\libc.a(lib_a-locale.o)
 .data          0x000000000003262c        0x0 ../UARTTest_bsp//newlib/nios2-elf/lib\libc.a(lib_a-makebuf.o)
 .data          0x000000000003262c        0x0 ../UARTTest_bsp//newlib/nios2-elf/lib\libc.a(lib_a-mallocr.o)
 .data.__malloc_av_
                0x000000000003262c      0x408 ../UARTTest_bsp//newlib/nios2-elf/lib\libc.a(lib_a-mallocr.o)
                0x000000000003262c                __malloc_av_
 .data          0x0000000000032a34        0x0 ../UARTTest_bsp//newlib/nios2-elf/lib\libc.a(lib_a-memchr.o)
 .data          0x0000000000032a34        0x0 ../UARTTest_bsp//newlib/nios2-elf/lib\libc.a(lib_a-memcpy.o)
 .data          0x0000000000032a34        0x0 ../UARTTest_bsp//newlib/nios2-elf/lib\libc.a(lib_a-memmove.o)
 .data          0x0000000000032a34        0x0 ../UARTTest_bsp//newlib/nios2-elf/lib\libc.a(lib_a-memset.o)
 .data          0x0000000000032a34        0x0 ../UARTTest_bsp//newlib/nios2-elf/lib\libc.a(lib_a-mprec.o)
 .data          0x0000000000032a34        0x0 ../UARTTest_bsp//newlib/nios2-elf/lib\libc.a(lib_a-reallocr.o)
 .data          0x0000000000032a34        0x0 ../UARTTest_bsp//newlib/nios2-elf/lib\libc.a(lib_a-s_fpclassify.o)
 .data          0x0000000000032a34        0x0 ../UARTTest_bsp//newlib/nios2-elf/lib\libc.a(lib_a-sbrkr.o)
 .data          0x0000000000032a34        0x0 ../UARTTest_bsp//newlib/nios2-elf/lib\libc.a(lib_a-stdio.o)
 .data          0x0000000000032a34        0x0 ../UARTTest_bsp//newlib/nios2-elf/lib\libc.a(lib_a-strcmp.o)
 .data          0x0000000000032a34        0x0 ../UARTTest_bsp//newlib/nios2-elf/lib\libc.a(lib_a-strlen.o)
 .data          0x0000000000032a34        0x0 ../UARTTest_bsp//newlib/nios2-elf/lib\libc.a(lib_a-vfiprintf.o)
 .data          0x0000000000032a34        0x0 ../UARTTest_bsp//newlib/nios2-elf/lib\libc.a(lib_a-writer.o)
 .data          0x0000000000032a34        0x0 ../UARTTest_bsp//newlib/nios2-elf/lib\libc.a(closer.o)
 .data          0x0000000000032a34        0x0 ../UARTTest_bsp//newlib/nios2-elf/lib\libc.a(lib_a-callocr.o)
 .data          0x0000000000032a34        0x0 ../UARTTest_bsp//newlib/nios2-elf/lib\libc.a(lib_a-fclose.o)
 .data          0x0000000000032a34        0x0 ../UARTTest_bsp//newlib/nios2-elf/lib\libc.a(lib_a-fputwc.o)
 .data          0x0000000000032a34        0x0 ../UARTTest_bsp//newlib/nios2-elf/lib\libc.a(lib_a-fstatr.o)
 .data          0x0000000000032a34        0x0 ../UARTTest_bsp//newlib/nios2-elf/lib\libc.a(lib_a-int_errno.o)
 .data          0x0000000000032a34        0x0 ../UARTTest_bsp//newlib/nios2-elf/lib\libc.a(lib_a-isattyr.o)
 .data          0x0000000000032a34        0x0 ../UARTTest_bsp//newlib/nios2-elf/lib\libc.a(lib_a-lseekr.o)
 .data          0x0000000000032a34        0x0 ../UARTTest_bsp//newlib/nios2-elf/lib\libc.a(lib_a-readr.o)
 .data          0x0000000000032a34        0x0 ../UARTTest_bsp//newlib/nios2-elf/lib\libc.a(lib_a-wbuf.o)
 .data          0x0000000000032a34        0x0 ../UARTTest_bsp//newlib/nios2-elf/lib\libc.a(lib_a-wcrtomb.o)
 .data          0x0000000000032a34        0x0 ../UARTTest_bsp//newlib/nios2-elf/lib\libc.a(lib_a-wctomb_r.o)
 .data          0x0000000000032a34        0x0 c:/intelfpga_lite/17.1/nios2eds/bin/gnu/h-x86_64-mingw32/bin/../lib/gcc/nios2-elf/5.3.0\libgcc.a(_udivdi3.o)
 .data          0x0000000000032a34        0x0 c:/intelfpga_lite/17.1/nios2eds/bin/gnu/h-x86_64-mingw32/bin/../lib/gcc/nios2-elf/5.3.0\libgcc.a(_umoddi3.o)
 .data          0x0000000000032a34        0x0 c:/intelfpga_lite/17.1/nios2eds/bin/gnu/h-x86_64-mingw32/bin/../lib/gcc/nios2-elf/5.3.0\libgcc.a(lib2-divmod.o)
 .data          0x0000000000032a34        0x0 c:/intelfpga_lite/17.1/nios2eds/bin/gnu/h-x86_64-mingw32/bin/../lib/gcc/nios2-elf/5.3.0\libgcc.a(adddf3.o)
 .data          0x0000000000032a34        0x0 c:/intelfpga_lite/17.1/nios2eds/bin/gnu/h-x86_64-mingw32/bin/../lib/gcc/nios2-elf/5.3.0\libgcc.a(divdf3.o)
 .data          0x0000000000032a34        0x0 c:/intelfpga_lite/17.1/nios2eds/bin/gnu/h-x86_64-mingw32/bin/../lib/gcc/nios2-elf/5.3.0\libgcc.a(eqdf2.o)
 .data          0x0000000000032a34        0x0 c:/intelfpga_lite/17.1/nios2eds/bin/gnu/h-x86_64-mingw32/bin/../lib/gcc/nios2-elf/5.3.0\libgcc.a(gedf2.o)
 .data          0x0000000000032a34        0x0 c:/intelfpga_lite/17.1/nios2eds/bin/gnu/h-x86_64-mingw32/bin/../lib/gcc/nios2-elf/5.3.0\libgcc.a(ledf2.o)
 .data          0x0000000000032a34        0x0 c:/intelfpga_lite/17.1/nios2eds/bin/gnu/h-x86_64-mingw32/bin/../lib/gcc/nios2-elf/5.3.0\libgcc.a(muldf3.o)
 .data          0x0000000000032a34        0x0 c:/intelfpga_lite/17.1/nios2eds/bin/gnu/h-x86_64-mingw32/bin/../lib/gcc/nios2-elf/5.3.0\libgcc.a(subdf3.o)
 .data          0x0000000000032a34        0x0 c:/intelfpga_lite/17.1/nios2eds/bin/gnu/h-x86_64-mingw32/bin/../lib/gcc/nios2-elf/5.3.0\libgcc.a(fixdfsi.o)
 .data          0x0000000000032a34        0x0 c:/intelfpga_lite/17.1/nios2eds/bin/gnu/h-x86_64-mingw32/bin/../lib/gcc/nios2-elf/5.3.0\libgcc.a(floatsidf.o)
 .data          0x0000000000032a34        0x0 c:/intelfpga_lite/17.1/nios2eds/bin/gnu/h-x86_64-mingw32/bin/../lib/gcc/nios2-elf/5.3.0\libgcc.a(floatunsidf.o)
 .data          0x0000000000032a34        0x0 c:/intelfpga_lite/17.1/nios2eds/bin/gnu/h-x86_64-mingw32/bin/../lib/gcc/nios2-elf/5.3.0\libgcc.a(_clz.o)
 .data          0x0000000000032a34        0x0 c:/intelfpga_lite/17.1/nios2eds/bin/gnu/h-x86_64-mingw32/bin/../lib/gcc/nios2-elf/5.3.0\libgcc.a(_clzsi2.o)
 .data          0x0000000000032a34        0x0 ../UARTTest_bsp/\libhal_bsp.a(alt_close.o)
 .data          0x0000000000032a34      0x1a8 ../UARTTest_bsp/\libhal_bsp.a(alt_dev.o)
                0x0000000000032a34                alt_fd_list
                0x0000000000032bb4                alt_dev_null
 .data          0x0000000000032bdc        0x0 ../UARTTest_bsp/\libhal_bsp.a(alt_errno.o)
 .data          0x0000000000032bdc        0x0 ../UARTTest_bsp/\libhal_bsp.a(alt_fstat.o)
 .data          0x0000000000032bdc        0x0 ../UARTTest_bsp/\libhal_bsp.a(alt_isatty.o)
 .data          0x0000000000032bdc        0x0 ../UARTTest_bsp/\libhal_bsp.a(alt_load.o)
 .data          0x0000000000032bdc        0x0 ../UARTTest_bsp/\libhal_bsp.a(alt_lseek.o)
 .data          0x0000000000032bdc        0x0 ../UARTTest_bsp/\libhal_bsp.a(alt_main.o)
 .data          0x0000000000032bdc        0x0 ../UARTTest_bsp/\libhal_bsp.a(alt_malloc_lock.o)
 .data          0x0000000000032bdc        0x0 ../UARTTest_bsp/\libhal_bsp.a(alt_read.o)
 .data          0x0000000000032bdc        0x0 ../UARTTest_bsp/\libhal_bsp.a(alt_release_fd.o)
 .data          0x0000000000032bdc        0x0 ../UARTTest_bsp/\libhal_bsp.a(alt_sbrk.o)
 .data          0x0000000000032bdc        0x0 ../UARTTest_bsp/\libhal_bsp.a(alt_usleep.o)
 .data          0x0000000000032bdc        0x0 ../UARTTest_bsp/\libhal_bsp.a(alt_write.o)
 .data          0x0000000000032bdc     0x1124 ../UARTTest_bsp/\libhal_bsp.a(alt_sys_init.o)
 .data          0x0000000000033d00        0x0 ../UARTTest_bsp/\libhal_bsp.a(altera_avalon_jtag_uart_fd.o)
 .data          0x0000000000033d00        0x0 ../UARTTest_bsp/\libhal_bsp.a(altera_avalon_jtag_uart_init.o)
 .data          0x0000000000033d00        0x0 ../UARTTest_bsp/\libhal_bsp.a(altera_avalon_jtag_uart_ioctl.o)
 .data          0x0000000000033d00        0x0 ../UARTTest_bsp/\libhal_bsp.a(altera_avalon_jtag_uart_read.o)
 .data          0x0000000000033d00        0x0 ../UARTTest_bsp/\libhal_bsp.a(altera_avalon_jtag_uart_write.o)
 .data          0x0000000000033d00        0x0 ../UARTTest_bsp/\libhal_bsp.a(altera_avalon_timer_sc.o)
 .data          0x0000000000033d00        0x0 ../UARTTest_bsp/\libhal_bsp.a(altera_avalon_uart_fd.o)
 .data          0x0000000000033d00        0x0 ../UARTTest_bsp/\libhal_bsp.a(altera_avalon_uart_init.o)
 .data          0x0000000000033d00        0x0 ../UARTTest_bsp/\libhal_bsp.a(altera_avalon_uart_read.o)
 .data          0x0000000000033d00        0x0 ../UARTTest_bsp/\libhal_bsp.a(altera_avalon_uart_write.o)
 .data          0x0000000000033d00        0x0 ../UARTTest_bsp/\libhal_bsp.a(alt_alarm_start.o)
 .data          0x0000000000033d00        0x0 ../UARTTest_bsp/\libhal_bsp.a(alt_busy_sleep.o)
 .data          0x0000000000033d00        0x0 ../UARTTest_bsp/\libhal_bsp.a(alt_dcache_flush_all.o)
 .data          0x0000000000033d00        0x0 ../UARTTest_bsp/\libhal_bsp.a(alt_dev_llist_insert.o)
 .data          0x0000000000033d00        0x0 ../UARTTest_bsp/\libhal_bsp.a(alt_do_ctors.o)
 .data          0x0000000000033d00        0x0 ../UARTTest_bsp/\libhal_bsp.a(alt_do_dtors.o)
 .data          0x0000000000033d00        0x0 ../UARTTest_bsp/\libhal_bsp.a(alt_icache_flush_all.o)
 .data          0x0000000000033d00        0x0 ../UARTTest_bsp/\libhal_bsp.a(alt_iic.o)
 .data          0x0000000000033d00        0x0 ../UARTTest_bsp/\libhal_bsp.a(alt_iic_isr_register.o)
 .data          0x0000000000033d00        0x0 ../UARTTest_bsp/\libhal_bsp.a(alt_io_redirect.o)
 .data          0x0000000000033d00        0x0 ../UARTTest_bsp/\libhal_bsp.a(alt_irq_entry.o)
 .data          0x0000000000033d00        0x0 ../UARTTest_bsp/\libhal_bsp.a(alt_irq_handler.o)
 .data          0x0000000000033d00        0x0 ../UARTTest_bsp/\libhal_bsp.a(alt_irq_vars.o)
 .data          0x0000000000033d00        0x0 ../UARTTest_bsp/\libhal_bsp.a(alt_open.o)
 .data          0x0000000000033d00        0x0 ../UARTTest_bsp/\libhal_bsp.a(alt_tick.o)
 .data          0x0000000000033d00        0x0 ../UARTTest_bsp/\libhal_bsp.a(altera_nios2_gen2_irq.o)
 .data          0x0000000000033d00        0x0 ../UARTTest_bsp/\libhal_bsp.a(alt_exception_entry.o)
 .data          0x0000000000033d00        0x0 ../UARTTest_bsp/\libhal_bsp.a(alt_find_dev.o)
 .data          0x0000000000033d00        0x0 ../UARTTest_bsp/\libhal_bsp.a(alt_find_file.o)
 .data          0x0000000000033d00        0x0 ../UARTTest_bsp/\libhal_bsp.a(alt_get_fd.o)
 .data          0x0000000000033d00        0x0 ../UARTTest_bsp/\libhal_bsp.a(alt_icache_flush.o)
 .data          0x0000000000033d00        0x0 ../UARTTest_bsp/\libhal_bsp.a(alt_instruction_exception_entry.o)
 .data          0x0000000000033d00        0x0 ../UARTTest_bsp//newlib/nios2-elf/lib\libc.a(lib_a-atexit.o)
 .data          0x0000000000033d00        0x0 ../UARTTest_bsp//newlib/nios2-elf/lib\libc.a(lib_a-exit.o)
 .data          0x0000000000033d00        0x0 ../UARTTest_bsp//newlib/nios2-elf/lib\libc.a(lib_a-memcmp.o)
 .data          0x0000000000033d00        0x0 ../UARTTest_bsp//newlib/nios2-elf/lib\libc.a(lib_a-__atexit.o)
 .data          0x0000000000033d00        0x0 ../UARTTest_bsp//newlib/nios2-elf/lib\libc.a(lib_a-__call_atexit.o)
 .data          0x0000000000033d00        0x0 ../UARTTest_bsp/\libhal_bsp.a(alt_exit.o)
                0x000000000003bd00                _gp = ABSOLUTE ((. + 0x8000))
                [!provide]                        PROVIDE (gp, _gp)
 *(.rwdata .rwdata.*)
 *(.sdata .sdata.* .gnu.linkonce.s.*)
 .sdata._impure_ptr
                0x0000000000033d00        0x4 ../UARTTest_bsp//newlib/nios2-elf/lib\libc.a(lib_a-impure.o)
                0x0000000000033d00                _impure_ptr
 .sdata._global_impure_ptr
                0x0000000000033d04        0x4 ../UARTTest_bsp//newlib/nios2-elf/lib\libc.a(lib_a-impure.o)
                0x0000000000033d04                _global_impure_ptr
 .sdata.__mb_cur_max
                0x0000000000033d08        0x4 ../UARTTest_bsp//newlib/nios2-elf/lib\libc.a(lib_a-locale.o)
                0x0000000000033d08                __mb_cur_max
 .sdata.__malloc_trim_threshold
                0x0000000000033d0c        0x4 ../UARTTest_bsp//newlib/nios2-elf/lib\libc.a(lib_a-mallocr.o)
                0x0000000000033d0c                __malloc_trim_threshold
 .sdata.__malloc_sbrk_base
                0x0000000000033d10        0x4 ../UARTTest_bsp//newlib/nios2-elf/lib\libc.a(lib_a-mallocr.o)
                0x0000000000033d10                __malloc_sbrk_base
 .sdata.__wctomb
                0x0000000000033d14        0x4 ../UARTTest_bsp//newlib/nios2-elf/lib\libc.a(lib_a-wctomb_r.o)
                0x0000000000033d14                __wctomb
 .sdata         0x0000000000033d18       0x14 ../UARTTest_bsp/\libhal_bsp.a(alt_dev.o)
                0x0000000000033d18                alt_max_fd
                0x0000000000033d1c                alt_dev_list
                0x0000000000033d24                alt_fs_list
 .sdata         0x0000000000033d2c        0x4 ../UARTTest_bsp/\libhal_bsp.a(alt_errno.o)
                0x0000000000033d2c                alt_errno
 .sdata         0x0000000000033d30        0x4 ../UARTTest_bsp/\libhal_bsp.a(alt_sbrk.o)
 .sdata         0x0000000000033d34        0x4 ../UARTTest_bsp/\libhal_bsp.a(alt_irq_vars.o)
                0x0000000000033d34                alt_priority_mask
 .sdata         0x0000000000033d38        0x8 ../UARTTest_bsp/\libhal_bsp.a(alt_tick.o)
                0x0000000000033d38                alt_alarm_list
 *(.sdata2 .sdata2.* .gnu.linkonce.s2.*)
                0x0000000000033d40                . = ALIGN (0x4)
                0x0000000000033d40                _edata = ABSOLUTE (.)
                [!provide]                        PROVIDE (edata, ABSOLUTE (.))
                0x0000000000033d40                PROVIDE (__ram_rwdata_end, ABSOLUTE (.))
                0x0000000000033d40                PROVIDE (__flash_rwdata_start, LOADADDR (.rwdata))

.bss            0x00000000000358f0      0x170
                0x00000000000358f0                __bss_start = ABSOLUTE (.)
                [!provide]                        PROVIDE (__sbss_start, ABSOLUTE (.))
                [!provide]                        PROVIDE (___sbss_start, ABSOLUTE (.))
 *(.dynsbss)
 *(.sbss .sbss.* .gnu.linkonce.sb.*)
 .sbss.__sfp_lock
                0x00000000000358f0        0x4 ../UARTTest_bsp//newlib/nios2-elf/lib\libc.a(lib_a-findfp.o)
 .sbss.__sinit_lock
                0x00000000000358f4        0x4 ../UARTTest_bsp//newlib/nios2-elf/lib\libc.a(lib_a-findfp.o)
 .sbss.__nlocale_changed
                0x00000000000358f8        0x4 ../UARTTest_bsp//newlib/nios2-elf/lib\libc.a(lib_a-locale.o)
                0x00000000000358f8                __nlocale_changed
 .sbss.__mlocale_changed
                0x00000000000358fc        0x4 ../UARTTest_bsp//newlib/nios2-elf/lib\libc.a(lib_a-locale.o)
                0x00000000000358fc                __mlocale_changed
 .sbss._PathLocale
                0x0000000000035900        0x4 ../UARTTest_bsp//newlib/nios2-elf/lib\libc.a(lib_a-locale.o)
                0x0000000000035900                _PathLocale
 .sbss.lc_ctype_cjk_lang
                0x0000000000035904        0x4 ../UARTTest_bsp//newlib/nios2-elf/lib\libc.a(lib_a-locale.o)
 .sbss.__malloc_top_pad
                0x0000000000035908        0x4 ../UARTTest_bsp//newlib/nios2-elf/lib\libc.a(lib_a-mallocr.o)
                0x0000000000035908                __malloc_top_pad
 .sbss.__malloc_max_sbrked_mem
                0x000000000003590c        0x4 ../UARTTest_bsp//newlib/nios2-elf/lib\libc.a(lib_a-mallocr.o)
                0x000000000003590c                __malloc_max_sbrked_mem
 .sbss.__malloc_max_total_mem
                0x0000000000035910        0x4 ../UARTTest_bsp//newlib/nios2-elf/lib\libc.a(lib_a-mallocr.o)
                0x0000000000035910                __malloc_max_total_mem
 .sbss          0x0000000000035914        0x4 ../UARTTest_bsp//newlib/nios2-elf/lib\libc.a(lib_a-int_errno.o)
                0x0000000000035914                errno
 .sbss          0x0000000000035918        0xc ../UARTTest_bsp/\libhal_bsp.a(alt_main.o)
                0x0000000000035918                alt_envp
                0x000000000003591c                alt_argv
                0x0000000000035920                alt_argc
 .sbss          0x0000000000035924        0x4 ../UARTTest_bsp/\libhal_bsp.a(alt_irq_vars.o)
                0x0000000000035924                alt_irq_active
 .sbss          0x0000000000035928        0x8 ../UARTTest_bsp/\libhal_bsp.a(alt_tick.o)
                0x0000000000035928                _alt_nticks
                0x000000000003592c                _alt_tick_rate
 .sbss          0x0000000000035930        0x4 ../UARTTest_bsp/\libhal_bsp.a(alt_instruction_exception_entry.o)
                0x0000000000035930                alt_instruction_exception_handler
 .sbss.__atexit_lock
                0x0000000000035934        0x4 ../UARTTest_bsp//newlib/nios2-elf/lib\libc.a(lib_a-__call_atexit.o)
 *(.sbss2 .sbss2.* .gnu.linkonce.sb2.*)
 *(.scommon)
                [!provide]                        PROVIDE (__sbss_end, ABSOLUTE (.))
                [!provide]                        PROVIDE (___sbss_end, ABSOLUTE (.))
 *(.dynbss)
 *(.bss .bss.* .gnu.linkonce.b.*)
 .bss           0x0000000000035938        0x0 ../UARTTest_bsp//obj/HAL/src/crt0.o
 .bss           0x0000000000035938        0x0 obj/default/hello_world.o
 .bss           0x0000000000035938        0x0 ../UARTTest_bsp//newlib/nios2-elf/lib\libc.a(lib_a-fprintf.o)
 .bss           0x0000000000035938        0x0 ../UARTTest_bsp//newlib/nios2-elf/lib\libc.a(lib_a-fwrite.o)
 .bss           0x0000000000035938        0x0 ../UARTTest_bsp//newlib/nios2-elf/lib\libc.a(lib_a-impure.o)
 .bss           0x0000000000035938        0x0 ../UARTTest_bsp//newlib/nios2-elf/lib\libc.a(lib_a-vfprintf.o)
 .bss           0x0000000000035938        0x0 ../UARTTest_bsp//newlib/nios2-elf/lib\libc.a(lib_a-wsetup.o)
 .bss           0x0000000000035938        0x0 ../UARTTest_bsp//newlib/nios2-elf/lib\libc.a(lib_a-dtoa.o)
 .bss           0x0000000000035938        0x0 ../UARTTest_bsp//newlib/nios2-elf/lib\libc.a(lib_a-fflush.o)
 .bss           0x0000000000035938        0x0 ../UARTTest_bsp//newlib/nios2-elf/lib\libc.a(lib_a-findfp.o)
 .bss           0x0000000000035938        0x0 ../UARTTest_bsp//newlib/nios2-elf/lib\libc.a(lib_a-freer.o)
 .bss           0x0000000000035938        0x0 ../UARTTest_bsp//newlib/nios2-elf/lib\libc.a(lib_a-fvwrite.o)
 .bss           0x0000000000035938        0x0 ../UARTTest_bsp//newlib/nios2-elf/lib\libc.a(lib_a-fwalk.o)
 .bss           0x0000000000035938        0x0 ../UARTTest_bsp//newlib/nios2-elf/lib\libc.a(lib_a-locale.o)
 .bss           0x0000000000035938        0x0 ../UARTTest_bsp//newlib/nios2-elf/lib\libc.a(lib_a-makebuf.o)
 .bss           0x0000000000035938        0x0 ../UARTTest_bsp//newlib/nios2-elf/lib\libc.a(lib_a-mallocr.o)
 .bss.__malloc_current_mallinfo
                0x0000000000035938       0x28 ../UARTTest_bsp//newlib/nios2-elf/lib\libc.a(lib_a-mallocr.o)
                0x0000000000035938                __malloc_current_mallinfo
 .bss           0x0000000000035960        0x0 ../UARTTest_bsp//newlib/nios2-elf/lib\libc.a(lib_a-memchr.o)
 .bss           0x0000000000035960        0x0 ../UARTTest_bsp//newlib/nios2-elf/lib\libc.a(lib_a-memcpy.o)
 .bss           0x0000000000035960        0x0 ../UARTTest_bsp//newlib/nios2-elf/lib\libc.a(lib_a-memmove.o)
 .bss           0x0000000000035960        0x0 ../UARTTest_bsp//newlib/nios2-elf/lib\libc.a(lib_a-memset.o)
 .bss           0x0000000000035960        0x0 ../UARTTest_bsp//newlib/nios2-elf/lib\libc.a(lib_a-mprec.o)
 .bss           0x0000000000035960        0x0 ../UARTTest_bsp//newlib/nios2-elf/lib\libc.a(lib_a-reallocr.o)
 .bss           0x0000000000035960        0x0 ../UARTTest_bsp//newlib/nios2-elf/lib\libc.a(lib_a-s_fpclassify.o)
 .bss           0x0000000000035960        0x0 ../UARTTest_bsp//newlib/nios2-elf/lib\libc.a(lib_a-sbrkr.o)
 .bss           0x0000000000035960        0x0 ../UARTTest_bsp//newlib/nios2-elf/lib\libc.a(lib_a-stdio.o)
 .bss           0x0000000000035960        0x0 ../UARTTest_bsp//newlib/nios2-elf/lib\libc.a(lib_a-strcmp.o)
 .bss           0x0000000000035960        0x0 ../UARTTest_bsp//newlib/nios2-elf/lib\libc.a(lib_a-strlen.o)
 .bss           0x0000000000035960        0x0 ../UARTTest_bsp//newlib/nios2-elf/lib\libc.a(lib_a-vfiprintf.o)
 .bss           0x0000000000035960        0x0 ../UARTTest_bsp//newlib/nios2-elf/lib\libc.a(lib_a-writer.o)
 .bss           0x0000000000035960        0x0 ../UARTTest_bsp//newlib/nios2-elf/lib\libc.a(closer.o)
 .bss           0x0000000000035960        0x0 ../UARTTest_bsp//newlib/nios2-elf/lib\libc.a(lib_a-callocr.o)
 .bss           0x0000000000035960        0x0 ../UARTTest_bsp//newlib/nios2-elf/lib\libc.a(lib_a-fclose.o)
 .bss           0x0000000000035960        0x0 ../UARTTest_bsp//newlib/nios2-elf/lib\libc.a(lib_a-fputwc.o)
 .bss           0x0000000000035960        0x0 ../UARTTest_bsp//newlib/nios2-elf/lib\libc.a(lib_a-fstatr.o)
 .bss           0x0000000000035960        0x0 ../UARTTest_bsp//newlib/nios2-elf/lib\libc.a(lib_a-int_errno.o)
 .bss           0x0000000000035960        0x0 ../UARTTest_bsp//newlib/nios2-elf/lib\libc.a(lib_a-isattyr.o)
 .bss           0x0000000000035960        0x0 ../UARTTest_bsp//newlib/nios2-elf/lib\libc.a(lib_a-lseekr.o)
 .bss           0x0000000000035960        0x0 ../UARTTest_bsp//newlib/nios2-elf/lib\libc.a(lib_a-readr.o)
 .bss           0x0000000000035960        0x0 ../UARTTest_bsp//newlib/nios2-elf/lib\libc.a(lib_a-wbuf.o)
 .bss           0x0000000000035960        0x0 ../UARTTest_bsp//newlib/nios2-elf/lib\libc.a(lib_a-wcrtomb.o)
 .bss           0x0000000000035960        0x0 ../UARTTest_bsp//newlib/nios2-elf/lib\libc.a(lib_a-wctomb_r.o)
 .bss           0x0000000000035960        0x0 c:/intelfpga_lite/17.1/nios2eds/bin/gnu/h-x86_64-mingw32/bin/../lib/gcc/nios2-elf/5.3.0\libgcc.a(_udivdi3.o)
 .bss           0x0000000000035960        0x0 c:/intelfpga_lite/17.1/nios2eds/bin/gnu/h-x86_64-mingw32/bin/../lib/gcc/nios2-elf/5.3.0\libgcc.a(_umoddi3.o)
 .bss           0x0000000000035960        0x0 c:/intelfpga_lite/17.1/nios2eds/bin/gnu/h-x86_64-mingw32/bin/../lib/gcc/nios2-elf/5.3.0\libgcc.a(lib2-divmod.o)
 .bss           0x0000000000035960        0x0 c:/intelfpga_lite/17.1/nios2eds/bin/gnu/h-x86_64-mingw32/bin/../lib/gcc/nios2-elf/5.3.0\libgcc.a(adddf3.o)
 .bss           0x0000000000035960        0x0 c:/intelfpga_lite/17.1/nios2eds/bin/gnu/h-x86_64-mingw32/bin/../lib/gcc/nios2-elf/5.3.0\libgcc.a(divdf3.o)
 .bss           0x0000000000035960        0x0 c:/intelfpga_lite/17.1/nios2eds/bin/gnu/h-x86_64-mingw32/bin/../lib/gcc/nios2-elf/5.3.0\libgcc.a(eqdf2.o)
 .bss           0x0000000000035960        0x0 c:/intelfpga_lite/17.1/nios2eds/bin/gnu/h-x86_64-mingw32/bin/../lib/gcc/nios2-elf/5.3.0\libgcc.a(gedf2.o)
 .bss           0x0000000000035960        0x0 c:/intelfpga_lite/17.1/nios2eds/bin/gnu/h-x86_64-mingw32/bin/../lib/gcc/nios2-elf/5.3.0\libgcc.a(ledf2.o)
 .bss           0x0000000000035960        0x0 c:/intelfpga_lite/17.1/nios2eds/bin/gnu/h-x86_64-mingw32/bin/../lib/gcc/nios2-elf/5.3.0\libgcc.a(muldf3.o)
 .bss           0x0000000000035960        0x0 c:/intelfpga_lite/17.1/nios2eds/bin/gnu/h-x86_64-mingw32/bin/../lib/gcc/nios2-elf/5.3.0\libgcc.a(subdf3.o)
 .bss           0x0000000000035960        0x0 c:/intelfpga_lite/17.1/nios2eds/bin/gnu/h-x86_64-mingw32/bin/../lib/gcc/nios2-elf/5.3.0\libgcc.a(fixdfsi.o)
 .bss           0x0000000000035960        0x0 c:/intelfpga_lite/17.1/nios2eds/bin/gnu/h-x86_64-mingw32/bin/../lib/gcc/nios2-elf/5.3.0\libgcc.a(floatsidf.o)
 .bss           0x0000000000035960        0x0 c:/intelfpga_lite/17.1/nios2eds/bin/gnu/h-x86_64-mingw32/bin/../lib/gcc/nios2-elf/5.3.0\libgcc.a(floatunsidf.o)
 .bss           0x0000000000035960        0x0 c:/intelfpga_lite/17.1/nios2eds/bin/gnu/h-x86_64-mingw32/bin/../lib/gcc/nios2-elf/5.3.0\libgcc.a(_clz.o)
 .bss           0x0000000000035960        0x0 c:/intelfpga_lite/17.1/nios2eds/bin/gnu/h-x86_64-mingw32/bin/../lib/gcc/nios2-elf/5.3.0\libgcc.a(_clzsi2.o)
 .bss           0x0000000000035960        0x0 ../UARTTest_bsp/\libhal_bsp.a(alt_close.o)
 .bss           0x0000000000035960        0x0 ../UARTTest_bsp/\libhal_bsp.a(alt_dev.o)
 .bss           0x0000000000035960        0x0 ../UARTTest_bsp/\libhal_bsp.a(alt_errno.o)
 .bss           0x0000000000035960        0x0 ../UARTTest_bsp/\libhal_bsp.a(alt_fstat.o)
 .bss           0x0000000000035960        0x0 ../UARTTest_bsp/\libhal_bsp.a(alt_isatty.o)
 .bss           0x0000000000035960        0x0 ../UARTTest_bsp/\libhal_bsp.a(alt_load.o)
 .bss           0x0000000000035960        0x0 ../UARTTest_bsp/\libhal_bsp.a(alt_lseek.o)
 .bss           0x0000000000035960        0x0 ../UARTTest_bsp/\libhal_bsp.a(alt_main.o)
 .bss           0x0000000000035960        0x0 ../UARTTest_bsp/\libhal_bsp.a(alt_malloc_lock.o)
 .bss           0x0000000000035960        0x0 ../UARTTest_bsp/\libhal_bsp.a(alt_read.o)
 .bss           0x0000000000035960        0x0 ../UARTTest_bsp/\libhal_bsp.a(alt_release_fd.o)
 .bss           0x0000000000035960        0x0 ../UARTTest_bsp/\libhal_bsp.a(alt_sbrk.o)
 .bss           0x0000000000035960        0x0 ../UARTTest_bsp/\libhal_bsp.a(alt_usleep.o)
 .bss           0x0000000000035960        0x0 ../UARTTest_bsp/\libhal_bsp.a(alt_write.o)
 .bss           0x0000000000035960        0x0 ../UARTTest_bsp/\libhal_bsp.a(alt_sys_init.o)
 .bss           0x0000000000035960        0x0 ../UARTTest_bsp/\libhal_bsp.a(altera_avalon_jtag_uart_fd.o)
 .bss           0x0000000000035960        0x0 ../UARTTest_bsp/\libhal_bsp.a(altera_avalon_jtag_uart_init.o)
 .bss           0x0000000000035960        0x0 ../UARTTest_bsp/\libhal_bsp.a(altera_avalon_jtag_uart_ioctl.o)
 .bss           0x0000000000035960        0x0 ../UARTTest_bsp/\libhal_bsp.a(altera_avalon_jtag_uart_read.o)
 .bss           0x0000000000035960        0x0 ../UARTTest_bsp/\libhal_bsp.a(altera_avalon_jtag_uart_write.o)
 .bss           0x0000000000035960        0x0 ../UARTTest_bsp/\libhal_bsp.a(altera_avalon_timer_sc.o)
 .bss           0x0000000000035960        0x0 ../UARTTest_bsp/\libhal_bsp.a(altera_avalon_uart_fd.o)
 .bss           0x0000000000035960        0x0 ../UARTTest_bsp/\libhal_bsp.a(altera_avalon_uart_init.o)
 .bss           0x0000000000035960        0x0 ../UARTTest_bsp/\libhal_bsp.a(altera_avalon_uart_read.o)
 .bss           0x0000000000035960        0x0 ../UARTTest_bsp/\libhal_bsp.a(altera_avalon_uart_write.o)
 .bss           0x0000000000035960        0x0 ../UARTTest_bsp/\libhal_bsp.a(alt_alarm_start.o)
 .bss           0x0000000000035960        0x0 ../UARTTest_bsp/\libhal_bsp.a(alt_busy_sleep.o)
 .bss           0x0000000000035960        0x0 ../UARTTest_bsp/\libhal_bsp.a(alt_dcache_flush_all.o)
 .bss           0x0000000000035960        0x0 ../UARTTest_bsp/\libhal_bsp.a(alt_dev_llist_insert.o)
 .bss           0x0000000000035960        0x0 ../UARTTest_bsp/\libhal_bsp.a(alt_do_ctors.o)
 .bss           0x0000000000035960        0x0 ../UARTTest_bsp/\libhal_bsp.a(alt_do_dtors.o)
 .bss           0x0000000000035960        0x0 ../UARTTest_bsp/\libhal_bsp.a(alt_icache_flush_all.o)
 .bss           0x0000000000035960        0x0 ../UARTTest_bsp/\libhal_bsp.a(alt_iic.o)
 .bss           0x0000000000035960        0x0 ../UARTTest_bsp/\libhal_bsp.a(alt_iic_isr_register.o)
 .bss           0x0000000000035960        0x0 ../UARTTest_bsp/\libhal_bsp.a(alt_io_redirect.o)
 .bss           0x0000000000035960        0x0 ../UARTTest_bsp/\libhal_bsp.a(alt_irq_entry.o)
 .bss           0x0000000000035960        0x0 ../UARTTest_bsp/\libhal_bsp.a(alt_irq_handler.o)
 .bss           0x0000000000035960        0x0 ../UARTTest_bsp/\libhal_bsp.a(alt_irq_vars.o)
 .bss           0x0000000000035960        0x0 ../UARTTest_bsp/\libhal_bsp.a(alt_open.o)
 .bss           0x0000000000035960        0x0 ../UARTTest_bsp/\libhal_bsp.a(alt_tick.o)
 .bss           0x0000000000035960        0x0 ../UARTTest_bsp/\libhal_bsp.a(altera_nios2_gen2_irq.o)
 .bss           0x0000000000035960        0x0 ../UARTTest_bsp/\libhal_bsp.a(alt_exception_entry.o)
 .bss           0x0000000000035960        0x0 ../UARTTest_bsp/\libhal_bsp.a(alt_find_dev.o)
 .bss           0x0000000000035960        0x0 ../UARTTest_bsp/\libhal_bsp.a(alt_find_file.o)
 .bss           0x0000000000035960        0x0 ../UARTTest_bsp/\libhal_bsp.a(alt_get_fd.o)
 .bss           0x0000000000035960        0x0 ../UARTTest_bsp/\libhal_bsp.a(alt_icache_flush.o)
 .bss           0x0000000000035960        0x0 ../UARTTest_bsp/\libhal_bsp.a(alt_instruction_exception_entry.o)
 .bss           0x0000000000035960        0x0 ../UARTTest_bsp//newlib/nios2-elf/lib\libc.a(lib_a-atexit.o)
 .bss           0x0000000000035960        0x0 ../UARTTest_bsp//newlib/nios2-elf/lib\libc.a(lib_a-exit.o)
 .bss           0x0000000000035960        0x0 ../UARTTest_bsp//newlib/nios2-elf/lib\libc.a(lib_a-memcmp.o)
 .bss           0x0000000000035960        0x0 ../UARTTest_bsp//newlib/nios2-elf/lib\libc.a(lib_a-__atexit.o)
 .bss           0x0000000000035960        0x0 ../UARTTest_bsp//newlib/nios2-elf/lib\libc.a(lib_a-__call_atexit.o)
 .bss           0x0000000000035960        0x0 ../UARTTest_bsp/\libhal_bsp.a(alt_exit.o)
 *(COMMON)
 COMMON         0x0000000000035960      0x100 ../UARTTest_bsp/\libhal_bsp.a(alt_irq_handler.o)
                0x0000000000035960                alt_irq
                0x0000000000035a60                . = ALIGN (0x4)
                0x0000000000035a60                __bss_end = ABSOLUTE (.)

.onchip_memory2_0
                0x0000000000035a60        0x0
                [!provide]                        PROVIDE (_alt_partition_onchip_memory2_0_start, ABSOLUTE (.))
 *(.onchip_memory2_0 .onchip_memory2_0. onchip_memory2_0.*)
                0x0000000000035a60                . = ALIGN (0x4)
                [!provide]                        PROVIDE (_alt_partition_onchip_memory2_0_end, ABSOLUTE (.))
                0x0000000000035a60                _end = ABSOLUTE (.)
                0x0000000000035a60                end = ABSOLUTE (.)
                0x0000000000035a60                __alt_stack_base = ABSOLUTE (.)
                [!provide]                        PROVIDE (_alt_partition_onchip_memory2_0_load_addr, LOADADDR (.onchip_memory2_0))

.stab
 *(.stab)

.stabstr
 *(.stabstr)

.stab.excl
 *(.stab.excl)

.stab.exclstr
 *(.stab.exclstr)

.stab.index
 *(.stab.index)

.stab.indexstr
 *(.stab.indexstr)

.comment        0x0000000000000000       0x23
 *(.comment)
 .comment       0x0000000000000000       0x23 obj/default/hello_world.o
                                         0x24 (size before relaxing)
 .comment       0x0000000000000023       0x24 ../UARTTest_bsp//newlib/nios2-elf/lib\libc.a(lib_a-fprintf.o)
 .comment       0x0000000000000023       0x24 ../UARTTest_bsp//newlib/nios2-elf/lib\libc.a(lib_a-fwrite.o)
 .comment       0x0000000000000023       0x24 ../UARTTest_bsp//newlib/nios2-elf/lib\libc.a(lib_a-impure.o)
 .comment       0x0000000000000023       0x24 ../UARTTest_bsp//newlib/nios2-elf/lib\libc.a(lib_a-vfprintf.o)
 .comment       0x0000000000000023       0x24 ../UARTTest_bsp//newlib/nios2-elf/lib\libc.a(lib_a-wsetup.o)
 .comment       0x0000000000000023       0x24 ../UARTTest_bsp//newlib/nios2-elf/lib\libc.a(lib_a-dtoa.o)
 .comment       0x0000000000000023       0x24 ../UARTTest_bsp//newlib/nios2-elf/lib\libc.a(lib_a-fflush.o)
 .comment       0x0000000000000023       0x24 ../UARTTest_bsp//newlib/nios2-elf/lib\libc.a(lib_a-findfp.o)
 .comment       0x0000000000000023       0x24 ../UARTTest_bsp//newlib/nios2-elf/lib\libc.a(lib_a-freer.o)
 .comment       0x0000000000000023       0x24 ../UARTTest_bsp//newlib/nios2-elf/lib\libc.a(lib_a-fvwrite.o)
 .comment       0x0000000000000023       0x24 ../UARTTest_bsp//newlib/nios2-elf/lib\libc.a(lib_a-fwalk.o)
 .comment       0x0000000000000023       0x24 ../UARTTest_bsp//newlib/nios2-elf/lib\libc.a(lib_a-locale.o)
 .comment       0x0000000000000023       0x24 ../UARTTest_bsp//newlib/nios2-elf/lib\libc.a(lib_a-makebuf.o)
 .comment       0x0000000000000023       0x24 ../UARTTest_bsp//newlib/nios2-elf/lib\libc.a(lib_a-mallocr.o)
 .comment       0x0000000000000023       0x24 ../UARTTest_bsp//newlib/nios2-elf/lib\libc.a(lib_a-memchr.o)
 .comment       0x0000000000000023       0x24 ../UARTTest_bsp//newlib/nios2-elf/lib\libc.a(lib_a-memcpy.o)
 .comment       0x0000000000000023       0x24 ../UARTTest_bsp//newlib/nios2-elf/lib\libc.a(lib_a-memmove.o)
 .comment       0x0000000000000023       0x24 ../UARTTest_bsp//newlib/nios2-elf/lib\libc.a(lib_a-memset.o)
 .comment       0x0000000000000023       0x24 ../UARTTest_bsp//newlib/nios2-elf/lib\libc.a(lib_a-mprec.o)
 .comment       0x0000000000000023       0x24 ../UARTTest_bsp//newlib/nios2-elf/lib\libc.a(lib_a-reallocr.o)
 .comment       0x0000000000000023       0x24 ../UARTTest_bsp//newlib/nios2-elf/lib\libc.a(lib_a-s_fpclassify.o)
 .comment       0x0000000000000023       0x24 ../UARTTest_bsp//newlib/nios2-elf/lib\libc.a(lib_a-sbrkr.o)
 .comment       0x0000000000000023       0x24 ../UARTTest_bsp//newlib/nios2-elf/lib\libc.a(lib_a-stdio.o)
 .comment       0x0000000000000023       0x24 ../UARTTest_bsp//newlib/nios2-elf/lib\libc.a(lib_a-strcmp.o)
 .comment       0x0000000000000023       0x24 ../UARTTest_bsp//newlib/nios2-elf/lib\libc.a(lib_a-strlen.o)
 .comment       0x0000000000000023       0x24 ../UARTTest_bsp//newlib/nios2-elf/lib\libc.a(lib_a-vfiprintf.o)
 .comment       0x0000000000000023       0x24 ../UARTTest_bsp//newlib/nios2-elf/lib\libc.a(lib_a-writer.o)
 .comment       0x0000000000000023       0x24 ../UARTTest_bsp//newlib/nios2-elf/lib\libc.a(closer.o)
 .comment       0x0000000000000023       0x24 ../UARTTest_bsp//newlib/nios2-elf/lib\libc.a(lib_a-callocr.o)
 .comment       0x0000000000000023       0x24 ../UARTTest_bsp//newlib/nios2-elf/lib\libc.a(lib_a-fclose.o)
 .comment       0x0000000000000023       0x24 ../UARTTest_bsp//newlib/nios2-elf/lib\libc.a(lib_a-fputwc.o)
 .comment       0x0000000000000023       0x24 ../UARTTest_bsp//newlib/nios2-elf/lib\libc.a(lib_a-fstatr.o)
 .comment       0x0000000000000023       0x24 ../UARTTest_bsp//newlib/nios2-elf/lib\libc.a(lib_a-int_errno.o)
 .comment       0x0000000000000023       0x24 ../UARTTest_bsp//newlib/nios2-elf/lib\libc.a(lib_a-isattyr.o)
 .comment       0x0000000000000023       0x24 ../UARTTest_bsp//newlib/nios2-elf/lib\libc.a(lib_a-lseekr.o)
 .comment       0x0000000000000023       0x24 ../UARTTest_bsp//newlib/nios2-elf/lib\libc.a(lib_a-readr.o)
 .comment       0x0000000000000023       0x24 ../UARTTest_bsp//newlib/nios2-elf/lib\libc.a(lib_a-wbuf.o)
 .comment       0x0000000000000023       0x24 ../UARTTest_bsp//newlib/nios2-elf/lib\libc.a(lib_a-wcrtomb.o)
 .comment       0x0000000000000023       0x24 ../UARTTest_bsp//newlib/nios2-elf/lib\libc.a(lib_a-wctomb_r.o)
 .comment       0x0000000000000023       0x24 c:/intelfpga_lite/17.1/nios2eds/bin/gnu/h-x86_64-mingw32/bin/../lib/gcc/nios2-elf/5.3.0\libgcc.a(_udivdi3.o)
 .comment       0x0000000000000023       0x24 c:/intelfpga_lite/17.1/nios2eds/bin/gnu/h-x86_64-mingw32/bin/../lib/gcc/nios2-elf/5.3.0\libgcc.a(_umoddi3.o)
 .comment       0x0000000000000023       0x24 c:/intelfpga_lite/17.1/nios2eds/bin/gnu/h-x86_64-mingw32/bin/../lib/gcc/nios2-elf/5.3.0\libgcc.a(lib2-divmod.o)
 .comment       0x0000000000000023       0x24 c:/intelfpga_lite/17.1/nios2eds/bin/gnu/h-x86_64-mingw32/bin/../lib/gcc/nios2-elf/5.3.0\libgcc.a(adddf3.o)
 .comment       0x0000000000000023       0x24 c:/intelfpga_lite/17.1/nios2eds/bin/gnu/h-x86_64-mingw32/bin/../lib/gcc/nios2-elf/5.3.0\libgcc.a(divdf3.o)
 .comment       0x0000000000000023       0x24 c:/intelfpga_lite/17.1/nios2eds/bin/gnu/h-x86_64-mingw32/bin/../lib/gcc/nios2-elf/5.3.0\libgcc.a(eqdf2.o)
 .comment       0x0000000000000023       0x24 c:/intelfpga_lite/17.1/nios2eds/bin/gnu/h-x86_64-mingw32/bin/../lib/gcc/nios2-elf/5.3.0\libgcc.a(gedf2.o)
 .comment       0x0000000000000023       0x24 c:/intelfpga_lite/17.1/nios2eds/bin/gnu/h-x86_64-mingw32/bin/../lib/gcc/nios2-elf/5.3.0\libgcc.a(ledf2.o)
 .comment       0x0000000000000023       0x24 c:/intelfpga_lite/17.1/nios2eds/bin/gnu/h-x86_64-mingw32/bin/../lib/gcc/nios2-elf/5.3.0\libgcc.a(muldf3.o)
 .comment       0x0000000000000023       0x24 c:/intelfpga_lite/17.1/nios2eds/bin/gnu/h-x86_64-mingw32/bin/../lib/gcc/nios2-elf/5.3.0\libgcc.a(subdf3.o)
 .comment       0x0000000000000023       0x24 c:/intelfpga_lite/17.1/nios2eds/bin/gnu/h-x86_64-mingw32/bin/../lib/gcc/nios2-elf/5.3.0\libgcc.a(fixdfsi.o)
 .comment       0x0000000000000023       0x24 c:/intelfpga_lite/17.1/nios2eds/bin/gnu/h-x86_64-mingw32/bin/../lib/gcc/nios2-elf/5.3.0\libgcc.a(floatsidf.o)
 .comment       0x0000000000000023       0x24 c:/intelfpga_lite/17.1/nios2eds/bin/gnu/h-x86_64-mingw32/bin/../lib/gcc/nios2-elf/5.3.0\libgcc.a(floatunsidf.o)
 .comment       0x0000000000000023       0x24 c:/intelfpga_lite/17.1/nios2eds/bin/gnu/h-x86_64-mingw32/bin/../lib/gcc/nios2-elf/5.3.0\libgcc.a(_clz.o)
 .comment       0x0000000000000023       0x24 c:/intelfpga_lite/17.1/nios2eds/bin/gnu/h-x86_64-mingw32/bin/../lib/gcc/nios2-elf/5.3.0\libgcc.a(_clzsi2.o)
 .comment       0x0000000000000023       0x24 ../UARTTest_bsp/\libhal_bsp.a(alt_close.o)
 .comment       0x0000000000000023       0x24 ../UARTTest_bsp/\libhal_bsp.a(alt_dev.o)
 .comment       0x0000000000000023       0x24 ../UARTTest_bsp/\libhal_bsp.a(alt_errno.o)
 .comment       0x0000000000000023       0x24 ../UARTTest_bsp/\libhal_bsp.a(alt_fstat.o)
 .comment       0x0000000000000023       0x24 ../UARTTest_bsp/\libhal_bsp.a(alt_isatty.o)
 .comment       0x0000000000000023       0x24 ../UARTTest_bsp/\libhal_bsp.a(alt_load.o)
 .comment       0x0000000000000023       0x24 ../UARTTest_bsp/\libhal_bsp.a(alt_lseek.o)
 .comment       0x0000000000000023       0x24 ../UARTTest_bsp/\libhal_bsp.a(alt_main.o)
 .comment       0x0000000000000023       0x24 ../UARTTest_bsp/\libhal_bsp.a(alt_malloc_lock.o)
 .comment       0x0000000000000023       0x24 ../UARTTest_bsp/\libhal_bsp.a(alt_read.o)
 .comment       0x0000000000000023       0x24 ../UARTTest_bsp/\libhal_bsp.a(alt_release_fd.o)
 .comment       0x0000000000000023       0x24 ../UARTTest_bsp/\libhal_bsp.a(alt_sbrk.o)
 .comment       0x0000000000000023       0x24 ../UARTTest_bsp/\libhal_bsp.a(alt_usleep.o)
 .comment       0x0000000000000023       0x24 ../UARTTest_bsp/\libhal_bsp.a(alt_write.o)
 .comment       0x0000000000000023       0x24 ../UARTTest_bsp/\libhal_bsp.a(alt_sys_init.o)
 .comment       0x0000000000000023       0x24 ../UARTTest_bsp/\libhal_bsp.a(altera_avalon_jtag_uart_fd.o)
 .comment       0x0000000000000023       0x24 ../UARTTest_bsp/\libhal_bsp.a(altera_avalon_jtag_uart_init.o)
 .comment       0x0000000000000023       0x24 ../UARTTest_bsp/\libhal_bsp.a(altera_avalon_jtag_uart_ioctl.o)
 .comment       0x0000000000000023       0x24 ../UARTTest_bsp/\libhal_bsp.a(altera_avalon_jtag_uart_read.o)
 .comment       0x0000000000000023       0x24 ../UARTTest_bsp/\libhal_bsp.a(altera_avalon_jtag_uart_write.o)
 .comment       0x0000000000000023       0x24 ../UARTTest_bsp/\libhal_bsp.a(altera_avalon_timer_sc.o)
 .comment       0x0000000000000023       0x24 ../UARTTest_bsp/\libhal_bsp.a(altera_avalon_uart_fd.o)
 .comment       0x0000000000000023       0x24 ../UARTTest_bsp/\libhal_bsp.a(altera_avalon_uart_init.o)
 .comment       0x0000000000000023       0x24 ../UARTTest_bsp/\libhal_bsp.a(altera_avalon_uart_read.o)
 .comment       0x0000000000000023       0x24 ../UARTTest_bsp/\libhal_bsp.a(altera_avalon_uart_write.o)
 .comment       0x0000000000000023       0x24 ../UARTTest_bsp/\libhal_bsp.a(alt_alarm_start.o)
 .comment       0x0000000000000023       0x24 ../UARTTest_bsp/\libhal_bsp.a(alt_busy_sleep.o)
 .comment       0x0000000000000023       0x24 ../UARTTest_bsp/\libhal_bsp.a(alt_dcache_flush_all.o)
 .comment       0x0000000000000023       0x24 ../UARTTest_bsp/\libhal_bsp.a(alt_dev_llist_insert.o)
 .comment       0x0000000000000023       0x24 ../UARTTest_bsp/\libhal_bsp.a(alt_do_ctors.o)
 .comment       0x0000000000000023       0x24 ../UARTTest_bsp/\libhal_bsp.a(alt_do_dtors.o)
 .comment       0x0000000000000023       0x24 ../UARTTest_bsp/\libhal_bsp.a(alt_icache_flush_all.o)
 .comment       0x0000000000000023       0x24 ../UARTTest_bsp/\libhal_bsp.a(alt_iic.o)
 .comment       0x0000000000000023       0x24 ../UARTTest_bsp/\libhal_bsp.a(alt_iic_isr_register.o)
 .comment       0x0000000000000023       0x24 ../UARTTest_bsp/\libhal_bsp.a(alt_io_redirect.o)
 .comment       0x0000000000000023       0x24 ../UARTTest_bsp/\libhal_bsp.a(alt_irq_handler.o)
 .comment       0x0000000000000023       0x24 ../UARTTest_bsp/\libhal_bsp.a(alt_irq_vars.o)
 .comment       0x0000000000000023       0x24 ../UARTTest_bsp/\libhal_bsp.a(alt_open.o)
 .comment       0x0000000000000023       0x24 ../UARTTest_bsp/\libhal_bsp.a(alt_tick.o)
 .comment       0x0000000000000023       0x24 ../UARTTest_bsp/\libhal_bsp.a(altera_nios2_gen2_irq.o)
 .comment       0x0000000000000023       0x24 ../UARTTest_bsp/\libhal_bsp.a(alt_find_dev.o)
 .comment       0x0000000000000023       0x24 ../UARTTest_bsp/\libhal_bsp.a(alt_find_file.o)
 .comment       0x0000000000000023       0x24 ../UARTTest_bsp/\libhal_bsp.a(alt_get_fd.o)
 .comment       0x0000000000000023       0x24 ../UARTTest_bsp/\libhal_bsp.a(alt_icache_flush.o)
 .comment       0x0000000000000023       0x24 ../UARTTest_bsp/\libhal_bsp.a(alt_instruction_exception_entry.o)
 .comment       0x0000000000000023       0x24 ../UARTTest_bsp//newlib/nios2-elf/lib\libc.a(lib_a-atexit.o)
 .comment       0x0000000000000023       0x24 ../UARTTest_bsp//newlib/nios2-elf/lib\libc.a(lib_a-exit.o)
 .comment       0x0000000000000023       0x24 ../UARTTest_bsp//newlib/nios2-elf/lib\libc.a(lib_a-memcmp.o)
 .comment       0x0000000000000023       0x24 ../UARTTest_bsp//newlib/nios2-elf/lib\libc.a(lib_a-__atexit.o)
 .comment       0x0000000000000023       0x24 ../UARTTest_bsp//newlib/nios2-elf/lib\libc.a(lib_a-__call_atexit.o)
 .comment       0x0000000000000023       0x24 ../UARTTest_bsp/\libhal_bsp.a(alt_exit.o)

.debug
 *(.debug)

.line
 *(.line)

.debug_srcinfo
 *(.debug_srcinfo)

.debug_sfnames
 *(.debug_sfnames)

.debug_aranges  0x0000000000000000      0xfa8
 *(.debug_aranges)
 .debug_aranges
                0x0000000000000000       0x28 ../UARTTest_bsp//obj/HAL/src/crt0.o
 .debug_aranges
                0x0000000000000028       0x20 obj/default/hello_world.o
 .debug_aranges
                0x0000000000000048       0x28 ../UARTTest_bsp//newlib/nios2-elf/lib\libc.a(lib_a-fprintf.o)
 .debug_aranges
                0x0000000000000070       0x28 ../UARTTest_bsp//newlib/nios2-elf/lib\libc.a(lib_a-fwrite.o)
 .debug_aranges
                0x0000000000000098       0x18 ../UARTTest_bsp//newlib/nios2-elf/lib\libc.a(lib_a-impure.o)
 .debug_aranges
                0x00000000000000b0       0x40 ../UARTTest_bsp//newlib/nios2-elf/lib\libc.a(lib_a-vfprintf.o)
 .debug_aranges
                0x00000000000000f0       0x20 ../UARTTest_bsp//newlib/nios2-elf/lib\libc.a(lib_a-wsetup.o)
 .debug_aranges
                0x0000000000000110       0x28 ../UARTTest_bsp//newlib/nios2-elf/lib\libc.a(lib_a-dtoa.o)
 .debug_aranges
                0x0000000000000138       0x30 ../UARTTest_bsp//newlib/nios2-elf/lib\libc.a(lib_a-fflush.o)
 .debug_aranges
                0x0000000000000168       0x88 ../UARTTest_bsp//newlib/nios2-elf/lib\libc.a(lib_a-findfp.o)
 .debug_aranges
                0x00000000000001f0       0x28 ../UARTTest_bsp//newlib/nios2-elf/lib\libc.a(lib_a-freer.o)
 .debug_aranges
                0x0000000000000218       0x20 ../UARTTest_bsp//newlib/nios2-elf/lib\libc.a(lib_a-fvwrite.o)
 .debug_aranges
                0x0000000000000238       0x28 ../UARTTest_bsp//newlib/nios2-elf/lib\libc.a(lib_a-fwalk.o)
 .debug_aranges
                0x0000000000000260       0x58 ../UARTTest_bsp//newlib/nios2-elf/lib\libc.a(lib_a-locale.o)
 .debug_aranges
                0x00000000000002b8       0x20 ../UARTTest_bsp//newlib/nios2-elf/lib\libc.a(lib_a-makebuf.o)
 .debug_aranges
                0x00000000000002d8       0x28 ../UARTTest_bsp//newlib/nios2-elf/lib\libc.a(lib_a-mallocr.o)
 .debug_aranges
                0x0000000000000300       0x20 ../UARTTest_bsp//newlib/nios2-elf/lib\libc.a(lib_a-memchr.o)
 .debug_aranges
                0x0000000000000320       0x20 ../UARTTest_bsp//newlib/nios2-elf/lib\libc.a(lib_a-memcpy.o)
 .debug_aranges
                0x0000000000000340       0x20 ../UARTTest_bsp//newlib/nios2-elf/lib\libc.a(lib_a-memmove.o)
 .debug_aranges
                0x0000000000000360       0x20 ../UARTTest_bsp//newlib/nios2-elf/lib\libc.a(lib_a-memset.o)
 .debug_aranges
                0x0000000000000380       0xb0 ../UARTTest_bsp//newlib/nios2-elf/lib\libc.a(lib_a-mprec.o)
 .debug_aranges
                0x0000000000000430       0x20 ../UARTTest_bsp//newlib/nios2-elf/lib\libc.a(lib_a-reallocr.o)
 .debug_aranges
                0x0000000000000450       0x20 ../UARTTest_bsp//newlib/nios2-elf/lib\libc.a(lib_a-s_fpclassify.o)
 .debug_aranges
                0x0000000000000470       0x20 ../UARTTest_bsp//newlib/nios2-elf/lib\libc.a(lib_a-sbrkr.o)
 .debug_aranges
                0x0000000000000490       0x40 ../UARTTest_bsp//newlib/nios2-elf/lib\libc.a(lib_a-stdio.o)
 .debug_aranges
                0x00000000000004d0       0x20 ../UARTTest_bsp//newlib/nios2-elf/lib\libc.a(lib_a-strcmp.o)
 .debug_aranges
                0x00000000000004f0       0x20 ../UARTTest_bsp//newlib/nios2-elf/lib\libc.a(lib_a-strlen.o)
 .debug_aranges
                0x0000000000000510       0x38 ../UARTTest_bsp//newlib/nios2-elf/lib\libc.a(lib_a-vfiprintf.o)
 .debug_aranges
                0x0000000000000548       0x20 ../UARTTest_bsp//newlib/nios2-elf/lib\libc.a(lib_a-writer.o)
 .debug_aranges
                0x0000000000000568       0x20 ../UARTTest_bsp//newlib/nios2-elf/lib\libc.a(closer.o)
 .debug_aranges
                0x0000000000000588       0x20 ../UARTTest_bsp//newlib/nios2-elf/lib\libc.a(lib_a-callocr.o)
 .debug_aranges
                0x00000000000005a8       0x28 ../UARTTest_bsp//newlib/nios2-elf/lib\libc.a(lib_a-fclose.o)
 .debug_aranges
                0x00000000000005d0       0x30 ../UARTTest_bsp//newlib/nios2-elf/lib\libc.a(lib_a-fputwc.o)
 .debug_aranges
                0x0000000000000600       0x20 ../UARTTest_bsp//newlib/nios2-elf/lib\libc.a(lib_a-fstatr.o)
 .debug_aranges