Archive member included to satisfy reference by file (symbol)

/home/georgech/intelFPGA_lite/16.1/nios2eds/bin/gnu/H-x86_64-pc-linux-gnu/bin/../lib/gcc/nios2-elf/5.3.0/libgcc.a(adddf3.o)
                              obj/default/main.o (__adddf3)
/home/georgech/intelFPGA_lite/16.1/nios2eds/bin/gnu/H-x86_64-pc-linux-gnu/bin/../lib/gcc/nios2-elf/5.3.0/libgcc.a(muldf3.o)
                              obj/default/main.o (__muldf3)
/home/georgech/intelFPGA_lite/16.1/nios2eds/bin/gnu/H-x86_64-pc-linux-gnu/bin/../lib/gcc/nios2-elf/5.3.0/libgcc.a(floatsidf.o)
                              obj/default/main.o (__floatsidf)
/home/georgech/intelFPGA_lite/16.1/nios2eds/bin/gnu/H-x86_64-pc-linux-gnu/bin/../lib/gcc/nios2-elf/5.3.0/libgcc.a(extendsfdf2.o)
                              obj/default/main.o (__extendsfdf2)
/home/georgech/intelFPGA_lite/16.1/nios2eds/bin/gnu/H-x86_64-pc-linux-gnu/bin/../lib/gcc/nios2-elf/5.3.0/libgcc.a(truncdfsf2.o)
                              obj/default/main.o (__truncdfsf2)
/home/georgech/intelFPGA_lite/16.1/nios2eds/bin/gnu/H-x86_64-pc-linux-gnu/bin/../lib/gcc/nios2-elf/5.3.0/libgcc.a(_clzsi2.o)
                              /home/georgech/intelFPGA_lite/16.1/nios2eds/bin/gnu/H-x86_64-pc-linux-gnu/bin/../lib/gcc/nios2-elf/5.3.0/libgcc.a(adddf3.o) (__clzsi2)
/home/georgech/intelFPGA_lite/16.1/nios2eds/bin/gnu/H-x86_64-pc-linux-gnu/bin/../lib/gcc/nios2-elf/5.3.0/libgcc.a(_clz.o)
                              /home/georgech/intelFPGA_lite/16.1/nios2eds/bin/gnu/H-x86_64-pc-linux-gnu/bin/../lib/gcc/nios2-elf/5.3.0/libgcc.a(_clzsi2.o) (__clz_tab)
../D8M_Camera_Test_bsp//newlib/nios2-elf/lib/libc.a(lib_a-fprintf.o)
                              obj/default/1.o (fprintf)
../D8M_Camera_Test_bsp//newlib/nios2-elf/lib/libc.a(lib_a-fputc.o)
                              obj/default/main.o (fputc)
../D8M_Camera_Test_bsp//newlib/nios2-elf/lib/libc.a(lib_a-fwrite.o)
                              obj/default/1.o (fwrite)
../D8M_Camera_Test_bsp//newlib/nios2-elf/lib/libc.a(lib_a-getc.o)
                              obj/default/main.o (getc)
../D8M_Camera_Test_bsp//newlib/nios2-elf/lib/libc.a(lib_a-impure.o)
                              obj/default/1.o (_impure_ptr)
../D8M_Camera_Test_bsp//newlib/nios2-elf/lib/libc.a(lib_a-malloc.o)
                              obj/default/queue.o (malloc)
../D8M_Camera_Test_bsp//newlib/nios2-elf/lib/libc.a(lib_a-mallocr.o)
                              ../D8M_Camera_Test_bsp//newlib/nios2-elf/lib/libc.a(lib_a-malloc.o) (_malloc_r)
../D8M_Camera_Test_bsp//newlib/nios2-elf/lib/libc.a(lib_a-memset.o)
                              obj/default/queue.o (memset)
../D8M_Camera_Test_bsp//newlib/nios2-elf/lib/libc.a(lib_a-printf.o)
                              obj/default/auto_focus.o (printf)
../D8M_Camera_Test_bsp//newlib/nios2-elf/lib/libc.a(lib_a-putc.o)
                              ../D8M_Camera_Test_bsp//newlib/nios2-elf/lib/libc.a(lib_a-fputc.o) (_putc_r)
../D8M_Camera_Test_bsp//newlib/nios2-elf/lib/libc.a(lib_a-puts.o)
                              obj/default/I2C_core.o (puts)
../D8M_Camera_Test_bsp//newlib/nios2-elf/lib/libc.a(lib_a-rget.o)
                              ../D8M_Camera_Test_bsp//newlib/nios2-elf/lib/libc.a(lib_a-getc.o) (__srget_r)
../D8M_Camera_Test_bsp//newlib/nios2-elf/lib/libc.a(lib_a-sbrkr.o)
                              ../D8M_Camera_Test_bsp//newlib/nios2-elf/lib/libc.a(lib_a-mallocr.o) (_sbrk_r)
../D8M_Camera_Test_bsp//newlib/nios2-elf/lib/libc.a(lib_a-strlen.o)
                              ../D8M_Camera_Test_bsp//newlib/nios2-elf/lib/libc.a(lib_a-puts.o) (strlen)
../D8M_Camera_Test_bsp//newlib/nios2-elf/lib/libc.a(lib_a-vfprintf.o)
                              ../D8M_Camera_Test_bsp//newlib/nios2-elf/lib/libc.a(lib_a-printf.o) (___vfprintf_internal_r)
../D8M_Camera_Test_bsp//newlib/nios2-elf/lib/libc.a(lib_a-wbuf.o)
                              ../D8M_Camera_Test_bsp//newlib/nios2-elf/lib/libc.a(lib_a-putc.o) (__swbuf_r)
../D8M_Camera_Test_bsp//newlib/nios2-elf/lib/libc.a(lib_a-wsetup.o)
                              ../D8M_Camera_Test_bsp//newlib/nios2-elf/lib/libc.a(lib_a-vfprintf.o) (__swsetup_r)
../D8M_Camera_Test_bsp//newlib/nios2-elf/lib/libc.a(lib_a-dtoa.o)
                              ../D8M_Camera_Test_bsp//newlib/nios2-elf/lib/libc.a(lib_a-vfprintf.o) (_dtoa_r)
../D8M_Camera_Test_bsp//newlib/nios2-elf/lib/libc.a(lib_a-fflush.o)
                              ../D8M_Camera_Test_bsp//newlib/nios2-elf/lib/libc.a(lib_a-vfprintf.o) (_fflush_r)
../D8M_Camera_Test_bsp//newlib/nios2-elf/lib/libc.a(lib_a-findfp.o)
                              ../D8M_Camera_Test_bsp//newlib/nios2-elf/lib/libc.a(lib_a-fputc.o) (__sinit)
../D8M_Camera_Test_bsp//newlib/nios2-elf/lib/libc.a(lib_a-freer.o)
                              ../D8M_Camera_Test_bsp//newlib/nios2-elf/lib/libc.a(lib_a-malloc.o) (_free_r)
../D8M_Camera_Test_bsp//newlib/nios2-elf/lib/libc.a(lib_a-fvwrite.o)
[...]
Memory Configuration

Name             Origin             Length             Attributes
reset            0x0000000000020000 0x0000000000000020
onchip_memory2_0 0x0000000000020020 0x000000000001ffe0
*default*        0x0000000000000000 0xffffffffffffffff

Linker script and memory map

LOAD ../D8M_Camera_Test_bsp//obj/HAL/src/crt0.o
LOAD obj/default/1.o
LOAD obj/default/I2C_core.o
LOAD obj/default/auto_focus.o
LOAD obj/default/main.o
LOAD obj/default/mipi_bridge_config.o
LOAD obj/default/mipi_camera_config.o
LOAD obj/default/mipi_helpers.o
LOAD obj/default/queue.o
LOAD /home/georgech/intelFPGA_lite/16.1/nios2eds/bin/gnu/H-x86_64-pc-linux-gnu/bin/../lib/gcc/nios2-elf/5.3.0/../../../../../H-x86_64-pc-linux-gnu/nios2-elf/lib/libstdc++.a
LOAD ../D8M_Camera_Test_bsp//newlib/nios2-elf/lib/libm.a
LOAD /home/georgech/intelFPGA_lite/16.1/nios2eds/bin/gnu/H-x86_64-pc-linux-gnu/bin/../lib/gcc/nios2-elf/5.3.0/libgcc.a
START GROUP
LOAD ../D8M_Camera_Test_bsp//newlib/nios2-elf/lib/libc.a
LOAD /home/georgech/intelFPGA_lite/16.1/nios2eds/bin/gnu/H-x86_64-pc-linux-gnu/bin/../lib/gcc/nios2-elf/5.3.0/libgcc.a
LOAD ../D8M_Camera_Test_bsp//libhal_bsp.a
LOAD ../D8M_Camera_Test_bsp//newlib/nios2-elf/lib/libm.a
END GROUP
LOAD /home/georgech/intelFPGA_lite/16.1/nios2eds/bin/gnu/H-x86_64-pc-linux-gnu/bin/../lib/gcc/nios2-elf/5.3.0/libgcc.a
                0x0000000000020000                __alt_mem_onchip_memory2_0 = 0x20000

.entry          0x0000000000020000       0x20
 *(.entry)
 .entry         0x0000000000020000       0x20 ../D8M_Camera_Test_bsp//obj/HAL/src/crt0.o
                0x0000000000020000                __reset

.exceptions     0x0000000000020020      0x16c
                0x0000000000020020                PROVIDE (__ram_exceptions_start, ABSOLUTE (.))
                0x0000000000020020                . = ALIGN (0x20)
 *(.irq)
 *(.exceptions.entry.label)
 .exceptions.entry.label
                0x0000000000020020        0x0 ../D8M_Camera_Test_bsp//libhal_bsp.a(alt_irq_entry.o)
                0x0000000000020020                alt_irq_entry
 .exceptions.entry.label
                0x0000000000020020        0x0 ../D8M_Camera_Test_bsp//libhal_bsp.a(alt_exception_entry.o)
                0x0000000000020020                alt_exception
 *(.exceptions.entry.user)
 *(.exceptions.entry.ecc_fatal)
 *(.exceptions.entry)
 .exceptions.entry
                0x0000000000020020       0x54 ../D8M_Camera_Test_bsp//libhal_bsp.a(alt_exception_entry.o)
 *(.exceptions.irqtest.user)
 *(.exceptions.irqtest)
 .exceptions.irqtest
                0x0000000000020074       0x10 ../D8M_Camera_Test_bsp//libhal_bsp.a(alt_irq_entry.o)
 *(.exceptions.irqhandler.user)
 *(.exceptions.irqhandler)
 .exceptions.irqhandler
                0x0000000000020084        0x4 ../D8M_Camera_Test_bsp//libhal_bsp.a(alt_irq_entry.o)
 *(.exceptions.irqreturn.user)
 *(.exceptions.irqreturn)
 .exceptions.irqreturn
                0x0000000000020088        0x4 ../D8M_Camera_Test_bsp//libhal_bsp.a(alt_irq_entry.o)
 *(.exceptions.notirq.label)
 .exceptions.notirq.label
                0x000000000002008c        0x0 ../D8M_Camera_Test_bsp//libhal_bsp.a(alt_irq_entry.o)
 *(.exceptions.notirq.user)
 *(.exceptions.notirq)
 .exceptions.notirq
                0x000000000002008c        0x8 ../D8M_Camera_Test_bsp//libhal_bsp.a(alt_exception_entry.o)
 *(.exceptions.soft.user)
 *(.exceptions.soft)
 *(.exceptions.unknown.user)
 *(.exceptions.unknown)
 .exceptions.unknown
                0x0000000000020094       0x14 ../D8M_Camera_Test_bsp//libhal_bsp.a(alt_exception_entry.o)
 *(.exceptions.exit.label)
 .exceptions.exit.label
                0x00000000000200a8        0x0 ../D8M_Camera_Test_bsp//libhal_bsp.a(alt_irq_entry.o)
 .exceptions.exit.label
                0x00000000000200a8        0x0 ../D8M_Camera_Test_bsp//libhal_bsp.a(alt_exception_entry.o)
 *(.exceptions.exit.user)
 *(.exceptions.exit)
 .exceptions.exit
                0x00000000000200a8       0x54 ../D8M_Camera_Test_bsp//libhal_bsp.a(alt_exception_entry.o)
 *(.exceptions)
 .exceptions    0x00000000000200fc       0x64 ../D8M_Camera_Test_bsp//libhal_bsp.a(alt_irq_handler.o)
                0x00000000000200fc                alt_irq_handler
 .exceptions    0x0000000000020160       0x2c ../D8M_Camera_Test_bsp//libhal_bsp.a(alt_instruction_exception_entry.o)
                0x0000000000020160                alt_instruction_exception_entry
                0x000000000002018c                PROVIDE (__ram_exceptions_end, ABSOLUTE (.))
                0x0000000000020020                PROVIDE (__flash_exceptions_start, LOADADDR (.exceptions))

.text           0x000000000002018c    0x16694
                [!provide]                        PROVIDE (stext, ABSOLUTE (.))
 *(.interp)
 *(.hash)
 *(.dynsym)
 *(.dynstr)
 *(.gnu.version)
 *(.gnu.version_d)
 *(.gnu.version_r)
 *(.rel.init)
 *(.rela.init)
 *(.rel.text .rel.text.* .rel.gnu.linkonce.t.*)
 *(.rela.text .rela.text.* .rela.gnu.linkonce.t.*)
 *(.rel.fini)
 *(.rela.fini)
 *(.rel.rodata .rel.rodata.* .rel.gnu.linkonce.r.*)
 *(.rela.rodata .rela.rodata.* .rela.gnu.linkonce.r.*)
 *(.rel.data .rel.data.* .rel.gnu.linkonce.d.*)
 *(.rela.data .rela.data.* .rela.gnu.linkonce.d.*)
 *(.rel.tdata .rel.tdata.* .rel.gnu.linkonce.td.*)
 *(.rela.tdata .rela.tdata.* .rela.gnu.linkonce.td.*)
 *(.rel.tbss .rel.tbss.* .rel.gnu.linkonce.tb.*)
 *(.rela.tbss .rela.tbss.* .rela.gnu.linkonce.tb.*)
 *(.rel.ctors)
 *(.rela.ctors)
 *(.rel.dtors)
 *(.rela.dtors)
 *(.rel.got)
 *(.rela.got)
 *(.rel.sdata .rel.sdata.* .rel.gnu.linkonce.s.*)
 *(.rela.sdata .rela.sdata.* .rela.gnu.linkonce.s.*)
 *(.rel.sbss .rel.sbss.* .rel.gnu.linkonce.sb.*)
 *(.rela.sbss .rela.sbss.* .rela.gnu.linkonce.sb.*)
 *(.rel.sdata2 .rel.sdata2.* .rel.gnu.linkonce.s2.*)
 *(.rela.sdata2 .rela.sdata2.* .rela.gnu.linkonce.s2.*)
 *(.rel.sbss2 .rel.sbss2.* .rel.gnu.linkonce.sb2.*)
 *(.rela.sbss2 .rela.sbss2.* .rela.gnu.linkonce.sb2.*)
 *(.rel.bss .rel.bss.* .rel.gnu.linkonce.b.*)
 *(.rela.bss .rela.bss.* .rela.gnu.linkonce.b.*)
 *(.rel.plt)
 *(.rela.plt)
 *(.rel.dyn)
 *(.init)
 *(.plt)
 *(.text .stub .text.* .gnu.linkonce.t.*)
 .text          0x000000000002018c       0x4c ../D8M_Camera_Test_bsp//obj/HAL/src/crt0.o
                0x000000000002018c                _start
 .text          0x00000000000201d8       0x7c obj/default/1.o
                0x00000000000201d8                main1
 .text          0x0000000000020254      0xda8 obj/default/I2C_core.o
                0x0000000000020254                Write32_Data
                0x00000000000202ac                Read32_Data
                0x0000000000020304                oc_i2c_init
                0x000000000002035c                oc_i2c_init_ex
                0x0000000000020494                oc_i2c_uninit
                0x0000000000020518                ACK_single_check
                0x00000000000205a4                ACK_check
                0x0000000000020604                OC_I2C_Write
                0x0000000000020804                ACK_judge_for_read
                0x0000000000020868                OC_I2C_Read
                0x0000000000020a34                OC_I2C_Read_Continue
                0x0000000000020b6c                OC_I2CL_Write
                0x0000000000020d7c                OC_I2CL_Read
 .text          0x0000000000020ffc      0x3b8 obj/default/auto_focus.o
                0x0000000000020ffc                Focus_Init
                0x0000000000021124                Focus_Window
                0x0000000000021304                Focus_Released
 .text          0x00000000000213b4     0x1318 obj/default/main.o
                0x00000000000213b4                calcLoc
                0x0000000000021e00                main
 .text          0x00000000000226cc      0x2ac obj/default/mipi_bridge_config.o
                0x00000000000226cc                nSWAP16
                0x0000000000022718                MipiBridgeRegWrite
                0x0000000000022784                MipiBridgeRegRead
                0x00000000000227fc                MipiBridgeInit
 .text          0x0000000000022978      0xc64 obj/default/mipi_camera_config.o
                0x0000000000022978                OV8865_read_cmos_sensor_8
                0x00000000000229dc                OV8865_write_cmos_sensor_8
                0x0000000000022a48                OV8865_write_AF
                0x0000000000022ab4                OV8865_read_AF
                0x0000000000022b48                OV8865_FOCUS_Move_to
                0x0000000000022c34                OV8865SetExposure
                0x0000000000022d30                OV8865SetGain
                0x0000000000022e18                OV8865SetRedMWBGain
                0x0000000000022eec                OV8865SetGreenMWBGain
                0x0000000000022fc0                OV8865SetBlueMWBGain
                0x0000000000023094                OV8865ReadExposure
                0x000000000002316c                MIPI_BIN_LEVEL
                0x0000000000023348                MipiCameraInit
 .text          0x00000000000235dc      0x448 obj/default/mipi_helpers.o
                0x00000000000235dc                mipi_clear_error
                0x0000000000023694                mipi_show_error_info
                0x0000000000023740                mipi_show_error_info_more
                0x0000000000023980                MIPI_Init
 .text          0x0000000000023a24      0x28c obj/default/queue.o
                0x0000000000023a24                QUEUE_New
                0x0000000000023a94                QUEUE_Delete
                0x0000000000023ac8                QUEUE_IsEmpty
                0x0000000000023b08                QUEUE_IsFull
                0x0000000000023b60                QUEUE_Push
                0x0000000000023bf0                QUEUE_Pop
                0x0000000000023c7c                QUEUE_Empty
 .text          0x0000000000023cb0      0x8ac /home/georgech/intelFPGA_lite/16.1/nios2eds/bin/gnu/H-x86_64-pc-linux-gnu/bin/../lib/gcc/nios2-elf/5.3.0/libgcc.a(adddf3.o)
                0x0000000000023cb0                __adddf3
 .text          0x000000000002455c      0x718 /home/georgech/intelFPGA_lite/16.1/nios2eds/bin/gnu/H-x86_64-pc-linux-gnu/bin/../lib/gcc/nios2-elf/5.3.0/libgcc.a(muldf3.o)
                0x000000000002455c                __muldf3
 .text          0x0000000000024c74       0xdc /home/georgech/intelFPGA_lite/16.1/nios2eds/bin/gnu/H-x86_64-pc-linux-gnu/bin/../lib/gcc/nios2-elf/5.3.0/libgcc.a(floatsidf.o)
                0x0000000000024c74                __floatsidf
 .text          0x0000000000024d50      0x110 /home/georgech/intelFPGA_lite/16.1/nios2eds/bin/gnu/H-x86_64-pc-linux-gnu/bin/../lib/gcc/nios2-elf/5.3.0/libgcc.a(extendsfdf2.o)
                0x0000000000024d50                __extendsfdf2
 .text          0x0000000000024e60      0x1a8 /home/georgech/intelFPGA_lite/16.1/nios2eds/bin/gnu/H-x86_64-pc-linux-gnu/bin/../lib/gcc/nios2-elf/5.3.0/libgcc.a(truncdfsf2.o)
                0x0000000000024e60                __truncdfsf2
 .text          0x0000000000025008       0x64 /home/georgech/intelFPGA_lite/16.1/nios2eds/bin/gnu/H-x86_64-pc-linux-gnu/bin/../lib/gcc/nios2-elf/5.3.0/libgcc.a(_clzsi2.o)
                0x0000000000025008                __clzsi2
 .text          0x000000000002506c        0x0 /home/georgech/intelFPGA_lite/16.1/nios2eds/bin/gnu/H-x86_64-pc-linux-gnu/bin/../lib/gcc/nios2-elf/5.3.0/libgcc.a(_clz.o)
 .text          0x000000000002506c        0x0 ../D8M_Camera_Test_bsp//newlib/nios2-elf/lib/libc.a(lib_a-fprintf.o)
 .text._fprintf_r
                0x000000000002506c       0x58 ../D8M_Camera_Test_bsp//newlib/nios2-elf/lib/libc.a(lib_a-fprintf.o)
                0x000000000002506c                _fprintf_r
 .text.fprintf  0x00000000000250c4       0x58 ../D8M_Camera_Test_bsp//newlib/nios2-elf/lib/libc.a(lib_a-fprintf.o)
                0x00000000000250c4                fprintf
 .text          0x000000000002511c        0x0 ../D8M_Camera_Test_bsp//newlib/nios2-elf/lib/libc.a(lib_a-fputc.o)
 .text._fputc_r
                0x000000000002511c       0x6c ../D8M_Camera_Test_bsp//newlib/nios2-elf/lib/libc.a(lib_a-fputc.o)
                0x000000000002511c                _fputc_r
 .text.fputc    0x0000000000025188       0x78 ../D8M_Camera_Test_bsp//newlib/nios2-elf/lib/libc.a(lib_a-fputc.o)
                0x0000000000025188                fputc
 .text          0x0000000000025200        0x0 ../D8M_Camera_Test_bsp//newlib/nios2-elf/lib/libc.a(lib_a-fwrite.o)
 .text._fwrite_r
                0x0000000000025200      0x108 ../D8M_Camera_Test_bsp//newlib/nios2-elf/lib/libc.a(lib_a-fwrite.o)
                0x0000000000025200                _fwrite_r
 .text.fwrite   0x0000000000025308       0x5c ../D8M_Camera_Test_bsp//newlib/nios2-elf/lib/libc.a(lib_a-fwrite.o)
                0x0000000000025308                fwrite
 .text          0x0000000000025364        0x0 ../D8M_Camera_Test_bsp//newlib/nios2-elf/lib/libc.a(lib_a-getc.o)
 .text._getc_r  0x0000000000025364       0x98 ../D8M_Camera_Test_bsp//newlib/nios2-elf/lib/libc.a(lib_a-getc.o)
                0x0000000000025364                _getc_r
 .text.getc     0x00000000000253fc       0xa4 ../D8M_Camera_Test_bsp//newlib/nios2-elf/lib/libc.a(lib_a-getc.o)
                0x00000000000253fc                getc
 .text          0x00000000000254a0        0x0 ../D8M_Camera_Test_bsp//newlib/nios2-elf/lib/libc.a(lib_a-impure.o)
 .text          0x00000000000254a0        0x0 ../D8M_Camera_Test_bsp//newlib/nios2-elf/lib/libc.a(lib_a-malloc.o)
 .text.malloc   0x00000000000254a0       0x40 ../D8M_Camera_Test_bsp//newlib/nios2-elf/lib/libc.a(lib_a-malloc.o)
                0x00000000000254a0                malloc
 .text.free     0x00000000000254e0       0x44 ../D8M_Camera_Test_bsp//newlib/nios2-elf/lib/libc.a(lib_a-malloc.o)
                0x00000000000254e0                free
 .text          0x0000000000025524        0x0 ../D8M_Camera_Test_bsp//newlib/nios2-elf/lib/libc.a(lib_a-mallocr.o)
 .text.malloc_extend_top
                0x0000000000025524      0x3b4 ../D8M_Camera_Test_bsp//newlib/nios2-elf/lib/libc.a(lib_a-mallocr.o)
 .text._malloc_r
                0x00000000000258d8      0xb7c ../D8M_Camera_Test_bsp//newlib/nios2-elf/lib/libc.a(lib_a-mallocr.o)
                0x00000000000258d8                _malloc_r
 .text          0x0000000000026454        0x0 ../D8M_Camera_Test_bsp//newlib/nios2-elf/lib/libc.a(lib_a-memset.o)
 .text.memset   0x0000000000026454      0x1c4 ../D8M_Camera_Test_bsp//newlib/nios2-elf/lib/libc.a(lib_a-memset.o)
                0x0000000000026454                memset
 .text          0x0000000000026618        0x0 ../D8M_Camera_Test_bsp//newlib/nios2-elf/lib/libc.a(lib_a-printf.o)
 .text._printf_r
                0x0000000000026618       0x64 ../D8M_Camera_Test_bsp//newlib/nios2-elf/lib/libc.a(lib_a-printf.o)
                0x0000000000026618                _printf_r
 .text.printf   0x000000000002667c       0x78 ../D8M_Camera_Test_bsp//newlib/nios2-elf/lib/libc.a(lib_a-printf.o)
                0x000000000002667c                printf
 .text          0x00000000000266f4        0x0 ../D8M_Camera_Test_bsp//newlib/nios2-elf/lib/libc.a(lib_a-putc.o)
 .text._putc_r  0x00000000000266f4      0x104 ../D8M_Camera_Test_bsp//newlib/nios2-elf/lib/libc.a(lib_a-putc.o)
                0x00000000000266f4                _putc_r
 .text.putc     0x00000000000267f8      0x110 ../D8M_Camera_Test_bsp//newlib/nios2-elf/lib/libc.a(lib_a-putc.o)
                0x00000000000267f8                putc
 .text          0x0000000000026908        0x0 ../D8M_Camera_Test_bsp//newlib/nios2-elf/lib/libc.a(lib_a-puts.o)
 .text._puts_r  0x0000000000026908      0x118 ../D8M_Camera_Test_bsp//newlib/nios2-elf/lib/libc.a(lib_a-puts.o)
                0x0000000000026908                _puts_r
 .text.puts     0x0000000000026a20       0x40 ../D8M_Camera_Test_bsp//newlib/nios2-elf/lib/libc.a(lib_a-puts.o)
                0x0000000000026a20                puts
 .text          0x0000000000026a60        0x0 ../D8M_Camera_Test_bsp//newlib/nios2-elf/lib/libc.a(lib_a-rget.o)
 .text.__srget_r
                0x0000000000026a60       0x90 ../D8M_Camera_Test_bsp//newlib/nios2-elf/lib/libc.a(lib_a-rget.o)
                0x0000000000026a60                __srget_r
 .text.__srget  0x0000000000026af0       0x40 ../D8M_Camera_Test_bsp//newlib/nios2-elf/lib/libc.a(lib_a-rget.o)
                0x0000000000026af0                __srget
 .text          0x0000000000026b30        0x0 ../D8M_Camera_Test_bsp//newlib/nios2-elf/lib/libc.a(lib_a-sbrkr.o)
 .text._sbrk_r  0x0000000000026b30       0x78 ../D8M_Camera_Test_bsp//newlib/nios2-elf/lib/libc.a(lib_a-sbrkr.o)
                0x0000000000026b30                _sbrk_r
 .text          0x0000000000026ba8        0x0 ../D8M_Camera_Test_bsp//newlib/nios2-elf/lib/libc.a(lib_a-strlen.o)
 .text.strlen   0x0000000000026ba8       0xf4 ../D8M_Camera_Test_bsp//newlib/nios2-elf/lib/libc.a(lib_a-strlen.o)
                0x0000000000026ba8                strlen
 .text          0x0000000000026c9c        0x0 ../D8M_Camera_Test_bsp//newlib/nios2-elf/lib/libc.a(lib_a-vfprintf.o)
 .text.__sbprintf
                0x0000000000026c9c       0xf0 ../D8M_Camera_Test_bsp//newlib/nios2-elf/lib/libc.a(lib_a-vfprintf.o)
 .text.__vfprintf_internal
                0x0000000000026d8c       0x58 ../D8M_Camera_Test_bsp//newlib/nios2-elf/lib/libc.a(lib_a-vfprintf.o)
                0x0000000000026d8c                __vfprintf_internal
 .text.___vfprintf_internal_r
                0x0000000000026de4     0x20d0 ../D8M_Camera_Test_bsp//newlib/nios2-elf/lib/libc.a(lib_a-vfprintf.o)
                0x0000000000026de4                ___vfprintf_internal_r
 .text.cvt      0x0000000000028eb4      0x20c ../D8M_Camera_Test_bsp//newlib/nios2-elf/lib/libc.a(lib_a-vfprintf.o)
 .text.exponent
                0x00000000000290c0      0x138 ../D8M_Camera_Test_bsp//newlib/nios2-elf/lib/libc.a(lib_a-vfprintf.o)
 .text          0x00000000000291f8        0x0 ../D8M_Camera_Test_bsp//newlib/nios2-elf/lib/libc.a(lib_a-wbuf.o)
 .text.__swbuf_r
                0x00000000000291f8      0x168 ../D8M_Camera_Test_bsp//newlib/nios2-elf/lib/libc.a(lib_a-wbuf.o)
                0x00000000000291f8                __swbuf_r
 .text.__swbuf  0x0000000000029360       0x48 ../D8M_Camera_Test_bsp//newlib/nios2-elf/lib/libc.a(lib_a-wbuf.o)
                0x0000000000029360                __swbuf
 .text          0x00000000000293a8        0x0 ../D8M_Camera_Test_bsp//newlib/nios2-elf/lib/libc.a(lib_a-wsetup.o)
 .text.__swsetup_r
                0x00000000000293a8      0x1a8 ../D8M_Camera_Test_bsp//newlib/nios2-elf/lib/libc.a(lib_a-wsetup.o)
                0x00000000000293a8                __swsetup_r
 .text          0x0000000000029550        0x0 ../D8M_Camera_Test_bsp//newlib/nios2-elf/lib/libc.a(lib_a-dtoa.o)
 .text.quorem   0x0000000000029550      0x3ac ../D8M_Camera_Test_bsp//newlib/nios2-elf/lib/libc.a(lib_a-dtoa.o)
 .text._dtoa_r  0x00000000000298fc     0x1b78 ../D8M_Camera_Test_bsp//newlib/nios2-elf/lib/libc.a(lib_a-dtoa.o)
                0x00000000000298fc                _dtoa_r
 .text          0x000000000002b474        0x0 ../D8M_Camera_Test_bsp//newlib/nios2-elf/lib/libc.a(lib_a-fflush.o)
 .text.__sflush_r
                0x000000000002b474      0x304 ../D8M_Camera_Test_bsp//newlib/nios2-elf/lib/libc.a(lib_a-fflush.o)
                0x000000000002b474                __sflush_r
 .text._fflush_r
                0x000000000002b778       0x88 ../D8M_Camera_Test_bsp//newlib/nios2-elf/lib/libc.a(lib_a-fflush.o)
                0x000000000002b778                _fflush_r
 .text.fflush   0x000000000002b800       0x64 ../D8M_Camera_Test_bsp//newlib/nios2-elf/lib/libc.a(lib_a-fflush.o)
                0x000000000002b800                fflush
 .text          0x000000000002b864        0x0 ../D8M_Camera_Test_bsp//newlib/nios2-elf/lib/libc.a(lib_a-findfp.o)
 .text.std      0x000000000002b864       0xf4 ../D8M_Camera_Test_bsp//newlib/nios2-elf/lib/libc.a(lib_a-findfp.o)
 .text.__sfmoreglue
                0x000000000002b958       0xa4 ../D8M_Camera_Test_bsp//newlib/nios2-elf/lib/libc.a(lib_a-findfp.o)
                0x000000000002b958                __sfmoreglue
 .text.__sfp    0x000000000002b9fc      0x1ac ../D8M_Camera_Test_bsp//newlib/nios2-elf/lib/libc.a(lib_a-findfp.o)
                0x000000000002b9fc                __sfp
 .text._cleanup_r
                0x000000000002bba8       0x44 ../D8M_Camera_Test_bsp//newlib/nios2-elf/lib/libc.a(lib_a-findfp.o)
                0x000000000002bba8                _cleanup_r
 .text._cleanup
                0x000000000002bbec       0x3c ../D8M_Camera_Test_bsp//newlib/nios2-elf/lib/libc.a(lib_a-findfp.o)
                0x000000000002bbec                _cleanup
 .text.__sinit  0x000000000002bc28       0xd8 ../D8M_Camera_Test_bsp//newlib/nios2-elf/lib/libc.a(lib_a-findfp.o)
                0x000000000002bc28                __sinit
 .text.__sfp_lock_acquire
                0x000000000002bd00       0x20 ../D8M_Camera_Test_bsp//newlib/nios2-elf/lib/libc.a(lib_a-findfp.o)
                0x000000000002bd00                __sfp_lock_acquire
 .text.__sfp_lock_release
                0x000000000002bd20       0x20 ../D8M_Camera_Test_bsp//newlib/nios2-elf/lib/libc.a(lib_a-findfp.o)
                0x000000000002bd20                __sfp_lock_release
 .text.__sinit_lock_acquire
                0x000000000002bd40       0x20 ../D8M_Camera_Test_bsp//newlib/nios2-elf/lib/libc.a(lib_a-findfp.o)
                0x000000000002bd40                __sinit_lock_acquire
 .text.__sinit_lock_release
                0x000000000002bd60       0x20 ../D8M_Camera_Test_bsp//newlib/nios2-elf/lib/libc.a(lib_a-findfp.o)
                0x000000000002bd60                __sinit_lock_release
 .text.__fp_lock
                0x000000000002bd80       0x24 ../D8M_Camera_Test_bsp//newlib/nios2-elf/lib/libc.a(lib_a-findfp.o)
 .text.__fp_unlock
                0x000000000002bda4       0x24 ../D8M_Camera_Test_bsp//newlib/nios2-elf/lib/libc.a(lib_a-findfp.o)
 .text.__fp_lock_all
                0x000000000002bdc8       0x48 ../D8M_Camera_Test_bsp//newlib/nios2-elf/lib/libc.a(lib_a-findfp.o)
                0x000000000002bdc8                __fp_lock_all
 .text.__fp_unlock_all
                0x000000000002be10       0x48 ../D8M_Camera_Test_bsp//newlib/nios2-elf/lib/libc.a(lib_a-findfp.o)
                0x000000000002be10                __fp_unlock_all
 .text          0x000000000002be58        0x0 ../D8M_Camera_Test_bsp//newlib/nios2-elf/lib/libc.a(lib_a-freer.o)
 .text._free_r  0x000000000002be58      0x570 ../D8M_Camera_Test_bsp//newlib/nios2-elf/lib/libc.a(lib_a-freer.o)
                0x000000000002be58                _free_r
 .text._malloc_trim_r
                0x000000000002c3c8      0x1d0 ../D8M_Camera_Test_bsp//newlib/nios2-elf/lib/libc.a(lib_a-freer.o)
                0x000000000002c3c8                _malloc_trim_r
 .text          0x000000000002c598        0x0 ../D8M_Camera_Test_bsp//newlib/nios2-elf/lib/libc.a(lib_a-fvwrite.o)
 .text.__sfvwrite_r
                0x000000000002c598      0x5d0 ../D8M_Camera_Test_bsp//newlib/nios2-elf/lib/libc.a(lib_a-fvwrite.o)
                0x000000000002c598                __sfvwrite_r
 .text          0x000000000002cb68        0x0 ../D8M_Camera_Test_bsp//newlib/nios2-elf/lib/libc.a(lib_a-fwalk.o)
 .text._fwalk   0x000000000002cb68       0xd8 ../D8M_Camera_Test_bsp//newlib/nios2-elf/lib/libc.a(lib_a-fwalk.o)
                0x000000000002cb68                _fwalk
 .text._fwalk_reent
                0x000000000002cc40       0xdc ../D8M_Camera_Test_bsp//newlib/nios2-elf/lib/libc.a(lib_a-fwalk.o)
                0x000000000002cc40                _fwalk_reent
 .text          0x000000000002cd1c        0x0 ../D8M_Camera_Test_bsp//newlib/nios2-elf/lib/libc.a(lib_a-int_errno.o)
 .text          0x000000000002cd1c        0x0 ../D8M_Camera_Test_bsp//newlib/nios2-elf/lib/libc.a(lib_a-locale.o)
 .text._setlocale_r
                0x000000000002cd1c       0x84 ../D8M_Camera_Test_bsp//newlib/nios2-elf/lib/libc.a(lib_a-locale.o)
                0x000000000002cd1c                _setlocale_r
 .text.__locale_charset
                0x000000000002cda0       0x24 ../D8M_Camera_Test_bsp//newlib/nios2-elf/lib/libc.a(lib_a-locale.o)
                0x000000000002cda0                __locale_charset
 .text.__locale_mb_cur_max
                0x000000000002cdc4       0x20 ../D8M_Camera_Test_bsp//newlib/nios2-elf/lib/libc.a(lib_a-locale.o)
                0x000000000002cdc4                __locale_mb_cur_max
 .text.__locale_msgcharset
                0x000000000002cde4       0x24 ../D8M_Camera_Test_bsp//newlib/nios2-elf/lib/libc.a(lib_a-locale.o)
                0x000000000002cde4                __locale_msgcharset
 .text.__locale_cjk_lang
                0x000000000002ce08       0x20 ../D8M_Camera_Test_bsp//newlib/nios2-elf/lib/libc.a(lib_a-locale.o)
                0x000000000002ce08                __locale_cjk_lang
 .text._localeconv_r
                0x000000000002ce28       0x28 ../D8M_Camera_Test_bsp//newlib/nios2-elf/lib/libc.a(lib_a-locale.o)
                0x000000000002ce28                _localeconv_r
 .text.setlocale
                0x000000000002ce50       0x48 ../D8M_Camera_Test_bsp//newlib/nios2-elf/lib/libc.a(lib_a-locale.o)
                0x000000000002ce50                setlocale
 .text.localeconv
                0x000000000002ce98       0x38 ../D8M_Camera_Test_bsp//newlib/nios2-elf/lib/libc.a(lib_a-locale.o)
                0x000000000002ce98                localeconv
 .text          0x000000000002ced0        0x0 ../D8M_Camera_Test_bsp//newlib/nios2-elf/lib/libc.a(lib_a-makebuf.o)
 .text.__smakebuf_r
                0x000000000002ced0      0x22c ../D8M_Camera_Test_bsp//newlib/nios2-elf/lib/libc.a(lib_a-makebuf.o)
                0x000000000002ced0                __smakebuf_r
 .text          0x000000000002d0fc        0x0 ../D8M_Camera_Test_bsp//newlib/nios2-elf/lib/libc.a(lib_a-memchr.o)
 .text.memchr   0x000000000002d0fc      0x1bc ../D8M_Camera_Test_bsp//newlib/nios2-elf/lib/libc.a(lib_a-memchr.o)
                0x000000000002d0fc                memchr
 .text          0x000000000002d2b8        0x0 ../D8M_Camera_Test_bsp//newlib/nios2-elf/lib/libc.a(lib_a-memcpy.o)
 .text.memcpy   0x000000000002d2b8      0x188 ../D8M_Camera_Test_bsp//newlib/nios2-elf/lib/libc.a(lib_a-memcpy.o)
                0x000000000002d2b8                memcpy
 .text          0x000000000002d440        0x0 ../D8M_Camera_Test_bsp//newlib/nios2-elf/lib/libc.a(lib_a-memmove.o)
 .text.memmove  0x000000000002d440      0x208 ../D8M_Camera_Test_bsp//newlib/nios2-elf/lib/libc.a(lib_a-memmove.o)
                0x000000000002d440                memmove
 .text          0x000000000002d648        0x0 ../D8M_Camera_Test_bsp//newlib/nios2-elf/lib/libc.a(lib_a-mprec.o)
 .text._Balloc  0x000000000002d648      0x130 ../D8M_Camera_Test_bsp//newlib/nios2-elf/lib/libc.a(lib_a-mprec.o)
                0x000000000002d648                _Balloc
 .text._Bfree   0x000000000002d778       0x7c ../D8M_Camera_Test_bsp//newlib/nios2-elf/lib/libc.a(lib_a-mprec.o)
                0x000000000002d778                _Bfree
 .text.__multadd
                0x000000000002d7f4      0x194 ../D8M_Camera_Test_bsp//newlib/nios2-elf/lib/libc.a(lib_a-mprec.o)
                0x000000000002d7f4                __multadd
 .text.__s2b    0x000000000002d988      0x188 ../D8M_Camera_Test_bsp//newlib/nios2-elf/lib/libc.a(lib_a-mprec.o)
                0x000000000002d988                __s2b
 .text.__hi0bits
                0x000000000002db10       0x90 ../D8M_Camera_Test_bsp//newlib/nios2-elf/lib/libc.a(lib_a-mprec.o)
                0x000000000002db10                __hi0bits
 .text.__lo0bits
                0x000000000002dba0       0xec ../D8M_Camera_Test_bsp//newlib/nios2-elf/lib/libc.a(lib_a-mprec.o)
                0x000000000002dba0                __lo0bits
 .text.__i2b    0x000000000002dc8c       0x58 ../D8M_Camera_Test_bsp//newlib/nios2-elf/lib/libc.a(lib_a-mprec.o)
                0x000000000002dc8c                __i2b
 .text.__multiply
                0x000000000002dce4      0x3d0 ../D8M_Camera_Test_bsp//newlib/nios2-elf/lib/libc.a(lib_a-mprec.o)
                0x000000000002dce4                __multiply
 .text.__pow5mult
                0x000000000002e0b4      0x178 ../D8M_Camera_Test_bsp//newlib/nios2-elf/lib/libc.a(lib_a-mprec.o)
                0x000000000002e0b4                __pow5mult
 .text.__lshift
                0x000000000002e22c      0x1f8 ../D8M_Camera_Test_bsp//newlib/nios2-elf/lib/libc.a(lib_a-mprec.o)
                0x000000000002e22c                __lshift
 .text.__mcmp   0x000000000002e424      0x114 ../D8M_Camera_Test_bsp//newlib/nios2-elf/lib/libc.a(lib_a-mprec.o)
                0x000000000002e424                __mcmp
 .text.__mdiff  0x000000000002e538      0x2a4 ../D8M_Camera_Test_bsp//newlib/nios2-elf/lib/libc.a(lib_a-mprec.o)
                0x000000000002e538                __mdiff
 .text.__ulp    0x000000000002e7dc       0xcc ../D8M_Camera_Test_bsp//newlib/nios2-elf/lib/libc.a(lib_a-mprec.o)
                0x000000000002e7dc                __ulp
 .text.__b2d    0x000000000002e8a8      0x204 ../D8M_Camera_Test_bsp//newlib/nios2-elf/lib/libc.a(lib_a-mprec.o)
                0x000000000002e8a8                __b2d
 .text.__d2b    0x000000000002eaac      0x240 ../D8M_Camera_Test_bsp//newlib/nios2-elf/lib/libc.a(lib_a-mprec.o)
                0x000000000002eaac                __d2b
 .text.__ratio  0x000000000002ecec      0x11c ../D8M_Camera_Test_bsp//newlib/nios2-elf/lib/libc.a(lib_a-mprec.o)
                0x000000000002ecec                __ratio
 .text._mprec_log10
                0x000000000002ee08       0xb0 ../D8M_Camera_Test_bsp//newlib/nios2-elf/lib/libc.a(lib_a-mprec.o)
                0x000000000002ee08                _mprec_log10
 .text.__copybits
                0x000000000002eeb8       0xd0 ../D8M_Camera_Test_bsp//newlib/nios2-elf/lib/libc.a(lib_a-mprec.o)
                0x000000000002eeb8                __copybits
 .text.__any_on
                0x000000000002ef88      0x134 ../D8M_Camera_Test_bsp//newlib/nios2-elf/lib/libc.a(lib_a-mprec.o)
                0x000000000002ef88                __any_on
 .text          0x000000000002f0bc        0x0 ../D8M_Camera_Test_bsp//newlib/nios2-elf/lib/libc.a(lib_a-reallocr.o)
 .text._realloc_r
                0x000000000002f0bc      0xbf0 ../D8M_Camera_Test_bsp//newlib/nios2-elf/lib/libc.a(lib_a-reallocr.o)
                0x000000000002f0bc                _realloc_r
 .text          0x000000000002fcac        0x0 ../D8M_Camera_Test_bsp//newlib/nios2-elf/lib/libc.a(lib_a-refill.o)
 .text.lflush   0x000000000002fcac       0x50 ../D8M_Camera_Test_bsp//newlib/nios2-elf/lib/libc.a(lib_a-refill.o)
 .text.__srefill_r
                0x000000000002fcfc      0x25c ../D8M_Camera_Test_bsp//newlib/nios2-elf/lib/libc.a(lib_a-refill.o)
                0x000000000002fcfc                __srefill_r
 .text          0x000000000002ff58        0x0 ../D8M_Camera_Test_bsp//newlib/nios2-elf/lib/libc.a(lib_a-s_fpclassify.o)
 .text.__fpclassifyd
                0x000000000002ff58      0x104 ../D8M_Camera_Test_bsp//newlib/nios2-elf/lib/libc.a(lib_a-s_fpclassify.o)
                0x000000000002ff58                __fpclassifyd
 .text          0x000000000003005c        0x0 ../D8M_Camera_Test_bsp//newlib/nios2-elf/lib/libc.a(lib_a-stdio.o)
 .text.__sread  0x000000000003005c       0x9c ../D8M_Camera_Test_bsp//newlib/nios2-elf/lib/libc.a(lib_a-stdio.o)
                0x000000000003005c                __sread
 .text.__seofread
                0x00000000000300f8       0x30 ../D8M_Camera_Test_bsp//newlib/nios2-elf/lib/libc.a(lib_a-stdio.o)
                0x00000000000300f8                __seofread
 .text.__swrite
                0x0000000000030128       0xb4 ../D8M_Camera_Test_bsp//newlib/nios2-elf/lib/libc.a(lib_a-stdio.o)
                0x0000000000030128                __swrite
 .text.__sseek  0x00000000000301dc       0xa0 ../D8M_Camera_Test_bsp//newlib/nios2-elf/lib/libc.a(lib_a-stdio.o)
                0x00000000000301dc                __sseek
 .text.__sclose
                0x000000000003027c       0x54 ../D8M_Camera_Test_bsp//newlib/nios2-elf/lib/libc.a(lib_a-stdio.o)
                0x000000000003027c                __sclose
 .text          0x00000000000302d0        0x0 ../D8M_Camera_Test_bsp//newlib/nios2-elf/lib/libc.a(lib_a-strcmp.o)
 .text.strcmp   0x00000000000302d0      0x140 ../D8M_Camera_Test_bsp//newlib/nios2-elf/lib/libc.a(lib_a-strcmp.o)
                0x00000000000302d0                strcmp
 .text          0x0000000000030410        0x0 ../D8M_Camera_Test_bsp//newlib/nios2-elf/lib/libc.a(lib_a-vfiprintf.o)
 .text.__sprint_r
                0x0000000000030410      0x13c ../D8M_Camera_Test_bsp//newlib/nios2-elf/lib/libc.a(lib_a-vfiprintf.o)
                0x0000000000030410                __sprint_r
 .text.__sbprintf
                0x000000000003054c       0xf0 ../D8M_Camera_Test_bsp//newlib/nios2-elf/lib/libc.a(lib_a-vfiprintf.o)
 .text.__vfiprintf_internal
                0x000000000003063c       0x58 ../D8M_Camera_Test_bsp//newlib/nios2-elf/lib/libc.a(lib_a-vfiprintf.o)
                0x000000000003063c                __vfiprintf_internal
 .text.___vfiprintf_internal_r
                0x0000000000030694     0x12c4 ../D8M_Camera_Test_bsp//newlib/nios2-elf/lib/libc.a(lib_a-vfiprintf.o)
                0x0000000000030694                ___vfiprintf_internal_r
 .text          0x0000000000031958        0x0 ../D8M_Camera_Test_bsp//newlib/nios2-elf/lib/libc.a(lib_a-writer.o)
 .text._write_r
                0x0000000000031958       0x88 ../D8M_Camera_Test_bsp//newlib/nios2-elf/lib/libc.a(lib_a-writer.o)
                0x0000000000031958                _write_r
 .text          0x00000000000319e0        0x0 ../D8M_Camera_Test_bsp//newlib/nios2-elf/lib/libc.a(closer.o)
 .text._close_r
                0x00000000000319e0       0x78 ../D8M_Camera_Test_bsp//newlib/nios2-elf/lib/libc.a(closer.o)
                0x00000000000319e0                _close_r
 .text          0x0000000000031a58        0x0 ../D8M_Camera_Test_bsp//newlib/nios2-elf/lib/libc.a(lib_a-callocr.o)
 .text._calloc_r
                0x0000000000031a58      0x164 ../D8M_Camera_Test_bsp//newlib/nios2-elf/lib/libc.a(lib_a-callocr.o)
                0x0000000000031a58                _calloc_r
 .text          0x0000000000031bbc        0x0 ../D8M_Camera_Test_bsp//newlib/nios2-elf/lib/libc.a(lib_a-fclose.o)
 .text._fclose_r
                0x0000000000031bbc      0x12c ../D8M_Camera_Test_bsp//newlib/nios2-elf/lib/libc.a(lib_a-fclose.o)
                0x0000000000031bbc                _fclose_r
 .text.fclose   0x0000000000031ce8       0x40 ../D8M_Camera_Test_bsp//newlib/nios2-elf/lib/libc.a(lib_a-fclose.o)
                0x0000000000031ce8                fclose
 .text          0x0000000000031d28        0x0 ../D8M_Camera_Test_bsp//newlib/nios2-elf/lib/libc.a(lib_a-fputwc.o)
 .text.__fputwc
                0x0000000000031d28      0x1f4 ../D8M_Camera_Test_bsp//newlib/nios2-elf/lib/libc.a(lib_a-fputwc.o)
                0x0000000000031d28                __fputwc
 .text._fputwc_r
                0x0000000000031f1c       0x88 ../D8M_Camera_Test_bsp//newlib/nios2-elf/lib/libc.a(lib_a-fputwc.o)
                0x0000000000031f1c                _fputwc_r
 .text.fputwc   0x0000000000031fa4       0x70 ../D8M_Camera_Test_bsp//newlib/nios2-elf/lib/libc.a(lib_a-fputwc.o)
                0x0000000000031fa4                fputwc
 .text          0x0000000000032014        0x0 ../D8M_Camera_Test_bsp//newlib/nios2-elf/lib/libc.a(lib_a-fstatr.o)
 .text._fstat_r
                0x0000000000032014       0x80 ../D8M_Camera_Test_bsp//newlib/nios2-elf/lib/libc.a(lib_a-fstatr.o)
                0x0000000000032014                _fstat_r
 .text          0x0000000000032094        0x0 ../D8M_Camera_Test_bsp//newlib/nios2-elf/lib/libc.a(lib_a-isattyr.o)
 .text._isatty_r
                0x0000000000032094       0x78 ../D8M_Camera_Test_bsp//newlib/nios2-elf/lib/libc.a(lib_a-isattyr.o)
                0x0000000000032094                _isatty_r
 .text          0x000000000003210c        0x0 ../D8M_Camera_Test_bsp//newlib/nios2-elf/lib/libc.a(lib_a-lseekr.o)
 .text._lseek_r
                0x000000000003210c       0x88 ../D8M_Camera_Test_bsp//newlib/nios2-elf/lib/libc.a(lib_a-lseekr.o)
                0x000000000003210c                _lseek_r
 .text          0x0000000000032194        0x0 ../D8M_Camera_Test_bsp//newlib/nios2-elf/lib/libc.a(lib_a-readr.o)
 .text._read_r  0x0000000000032194       0x88 ../D8M_Camera_Test_bsp//newlib/nios2-elf/lib/libc.a(lib_a-readr.o)
                0x0000000000032194                _read_r
 .text          0x000000000003221c        0x0 ../D8M_Camera_Test_bsp//newlib/nios2-elf/lib/libc.a(lib_a-wcrtomb.o)
 .text._wcrtomb_r
                0x000000000003221c       0xe4 ../D8M_Camera_Test_bsp//newlib/nios2-elf/lib/libc.a(lib_a-wcrtomb.o)
                0x000000000003221c                _wcrtomb_r
 .text.wcrtomb  0x0000000000032300       0xf0 ../D8M_Camera_Test_bsp//newlib/nios2-elf/lib/libc.a(lib_a-wcrtomb.o)
                0x0000000000032300                wcrtomb
 .text          0x00000000000323f0        0x0 ../D8M_Camera_Test_bsp//newlib/nios2-elf/lib/libc.a(lib_a-wctomb_r.o)
 .text._wctomb_r
                0x00000000000323f0       0x64 ../D8M_Camera_Test_bsp//newlib/nios2-elf/lib/libc.a(lib_a-wctomb_r.o)
                0x00000000000323f0                _wctomb_r
 .text.__ascii_wctomb
                0x0000000000032454       0x78 ../D8M_Camera_Test_bsp//newlib/nios2-elf/lib/libc.a(lib_a-wctomb_r.o)
                0x0000000000032454                __ascii_wctomb
 .text          0x00000000000324cc      0x578 /home/georgech/intelFPGA_lite/16.1/nios2eds/bin/gnu/H-x86_64-pc-linux-gnu/bin/../lib/gcc/nios2-elf/5.3.0/libgcc.a(_udivdi3.o)
                0x00000000000324cc                __udivdi3
 .text          0x0000000000032a44      0x538 /home/georgech/intelFPGA_lite/16.1/nios2eds/bin/gnu/H-x86_64-pc-linux-gnu/bin/../lib/gcc/nios2-elf/5.3.0/libgcc.a(_umoddi3.o)
                0x0000000000032a44                __umoddi3
 .text          0x0000000000032f7c      0x1b4 /home/georgech/intelFPGA_lite/16.1/nios2eds/bin/gnu/H-x86_64-pc-linux-gnu/bin/../lib/gcc/nios2-elf/5.3.0/libgcc.a(lib2-divmod.o)
                0x0000000000032f7c                __divsi3
                0x0000000000033000                __modsi3
                0x0000000000033074                __udivsi3
                0x00000000000330d8                __umodsi3
 .text          0x0000000000033130      0x8e8 /home/georgech/intelFPGA_lite/16.1/nios2eds/bin/gnu/H-x86_64-pc-linux-gnu/bin/../lib/gcc/nios2-elf/5.3.0/libgcc.a(divdf3.o)
                0x0000000000033130                __divdf3
 .text          0x0000000000033a18       0x88 /home/georgech/intelFPGA_lite/16.1/nios2eds/bin/gnu/H-x86_64-pc-linux-gnu/bin/../lib/gcc/nios2-elf/5.3.0/libgcc.a(eqdf2.o)
                0x0000000000033a18                __eqdf2
                0x0000000000033a18                __nedf2
 .text          0x0000000000033aa0       0xdc /home/georgech/intelFPGA_lite/16.1/nios2eds/bin/gnu/H-x86_64-pc-linux-gnu/bin/../lib/gcc/nios2-elf/5.3.0/libgcc.a(gedf2.o)
                0x0000000000033aa0                __gtdf2
                0x0000000000033aa0                __gedf2
 .text          0x0000000000033b7c       0xf4 /home/georgech/intelFPGA_lite/16.1/nios2eds/bin/gnu/H-x86_64-pc-linux-gnu/bin/../lib/gcc/nios2-elf/5.3.0/libgcc.a(ledf2.o)
                0x0000000000033b7c                __ltdf2
                0x0000000000033b7c                __ledf2
 .text          0x0000000000033c70      0x8fc /home/georgech/intelFPGA_lite/16.1/nios2eds/bin/gnu/H-x86_64-pc-linux-gnu/bin/../lib/gcc/nios2-elf/5.3.0/libgcc.a(subdf3.o)
                0x0000000000033c70                __subdf3
 .text          0x000000000003456c       0x80 /home/georgech/intelFPGA_lite/16.1/nios2eds/bin/gnu/H-x86_64-pc-linux-gnu/bin/../lib/gcc/nios2-elf/5.3.0/libgcc.a(fixdfsi.o)
                0x000000000003456c                __fixdfsi
 .text          0x00000000000345ec       0xa8 /home/georgech/intelFPGA_lite/16.1/nios2eds/bin/gnu/H-x86_64-pc-linux-gnu/bin/../lib/gcc/nios2-elf/5.3.0/libgcc.a(floatunsidf.o)
                0x00000000000345ec                __floatunsidf
 .text          0x0000000000034694       0xd4 ../D8M_Camera_Test_bsp//libhal_bsp.a(alt_close.o)
                0x0000000000034694                close
 .text          0x0000000000034768        0x8 ../D8M_Camera_Test_bsp//libhal_bsp.a(alt_dev.o)
 .text          0x0000000000034770        0x0 ../D8M_Camera_Test_bsp//libhal_bsp.a(alt_errno.o)
 .text          0x0000000000034770       0xe8 ../D8M_Camera_Test_bsp//libhal_bsp.a(alt_fcntl.o)
                0x0000000000034770                fcntl
 .text          0x0000000000034858       0x84 ../D8M_Camera_Test_bsp//libhal_bsp.a(alt_fstat.o)
                0x0000000000034858                fstat
 .text          0x00000000000348dc       0x90 ../D8M_Camera_Test_bsp//libhal_bsp.a(alt_isatty.o)
                0x00000000000348dc                isatty
 .text          0x000000000003496c       0xcc ../D8M_Camera_Test_bsp//libhal_bsp.a(alt_load.o)
                0x000000000003496c                alt_load
 .text          0x0000000000034a38       0x88 ../D8M_Camera_Test_bsp//libhal_bsp.a(alt_lseek.o)
                0x0000000000034a38                lseek
 .text          0x0000000000034ac0       0x64 ../D8M_Camera_Test_bsp//libhal_bsp.a(alt_main.o)
                0x0000000000034ac0                alt_main
 .text          0x0000000000034b24        0x8 ../D8M_Camera_Test_bsp//libhal_bsp.a(alt_malloc_lock.o)
                0x0000000000034b24                __malloc_lock
                0x0000000000034b28                __malloc_unlock
 .text          0x0000000000034b2c       0xec ../D8M_Camera_Test_bsp//libhal_bsp.a(alt_read.o)
                0x0000000000034b2c                read
 .text          0x0000000000034c18       0x24 ../D8M_Camera_Test_bsp//libhal_bsp.a(alt_release_fd.o)
                0x0000000000034c18                alt_release_fd
 .text          0x0000000000034c3c       0x4c ../D8M_Camera_Test_bsp//libhal_bsp.a(alt_sbrk.o)
                0x0000000000034c3c                sbrk
 .text          0x0000000000034c88      0x128 ../D8M_Camera_Test_bsp//libhal_bsp.a(alt_tick.o)
                0x0000000000034c88                alt_alarm_stop
                0x0000000000034cbc                alt_tick
 .text          0x0000000000034db0        0x4 ../D8M_Camera_Test_bsp//libhal_bsp.a(alt_usleep.o)
                0x0000000000034db0                usleep
 .text          0x0000000000034db4       0xe8 ../D8M_Camera_Test_bsp//libhal_bsp.a(alt_write.o)
                0x0000000000034db4                write
 .text          0x0000000000034e9c       0xb0 ../D8M_Camera_Test_bsp//libhal_bsp.a(alt_sys_init.o)
                0x0000000000034e9c                alt_irq_init
                0x0000000000034ebc                alt_sys_init
 .text          0x0000000000034f4c       0x3c ../D8M_Camera_Test_bsp//libhal_bsp.a(altera_avalon_jtag_uart_fd.o)
                0x0000000000034f4c                altera_avalon_jtag_uart_read_fd
                0x0000000000034f5c                altera_avalon_jtag_uart_write_fd
                0x0000000000034f6c                altera_avalon_jtag_uart_close_fd
                0x0000000000034f7c                altera_avalon_jtag_uart_ioctl_fd
 .text          0x0000000000034f88      0x230 ../D8M_Camera_Test_bsp//libhal_bsp.a(altera_avalon_jtag_uart_init.o)
                0x00000000000350ec                altera_avalon_jtag_uart_init
                0x000000000003516c                altera_avalon_jtag_uart_close
 .text          0x00000000000351b8       0x74 ../D8M_Camera_Test_bsp//libhal_bsp.a(altera_avalon_jtag_uart_ioctl.o)
                0x00000000000351b8                altera_avalon_jtag_uart_ioctl
 .text          0x000000000003522c      0x154 ../D8M_Camera_Test_bsp//libhal_bsp.a(altera_avalon_jtag_uart_read.o)
                0x000000000003522c                altera_avalon_jtag_uart_read
 .text          0x0000000000035380      0x1a0 ../D8M_Camera_Test_bsp//libhal_bsp.a(altera_avalon_jtag_uart_write.o)
                0x0000000000035380                altera_avalon_jtag_uart_write
 .text          0x0000000000035520       0x8c ../D8M_Camera_Test_bsp//libhal_bsp.a(altera_avalon_timer_sc.o)
                0x000000000003555c                alt_avalon_timer_sc_init
 .text          0x00000000000355ac       0x30 ../D8M_Camera_Test_bsp//libhal_bsp.a(altera_avalon_uart_fd.o)
                0x00000000000355ac                altera_avalon_uart_read_fd
                0x00000000000355bc                altera_avalon_uart_write_fd
                0x00000000000355cc                altera_avalon_uart_close_fd
 .text          0x00000000000355dc      0x1c0 ../D8M_Camera_Test_bsp//libhal_bsp.a(altera_avalon_uart_init.o)
                0x000000000003572c                altera_avalon_uart_init
                0x000000000003576c                altera_avalon_uart_close
 .text          0x000000000003579c      0x1c8 ../D8M_Camera_Test_bsp//libhal_bsp.a(altera_avalon_uart_read.o)
                0x000000000003579c                altera_avalon_uart_read
 .text          0x0000000000035964      0x108 ../D8M_Camera_Test_bsp//libhal_bsp.a(altera_avalon_uart_write.o)
                0x0000000000035964                altera_avalon_uart_write
 .text          0x0000000000035a6c       0x94 ../D8M_Camera_Test_bsp//libhal_bsp.a(alt_alarm_start.o)
                0x0000000000035a6c                alt_alarm_start
 .text          0x0000000000035b00       0x60 ../D8M_Camera_Test_bsp//libhal_bsp.a(alt_busy_sleep.o)
                0x0000000000035b00                alt_busy_sleep
 .text          0x0000000000035b60       0x18 ../D8M_Camera_Test_bsp//libhal_bsp.a(alt_dcache_flush_all.o)
                0x0000000000035b60                alt_dcache_flush_all
 .text          0x0000000000035b78       0x78 ../D8M_Camera_Test_bsp//libhal_bsp.a(alt_dev_llist_insert.o)
                0x0000000000035b78                alt_dev_llist_insert
 .text          0x0000000000035bf0       0x64 ../D8M_Camera_Test_bsp//libhal_bsp.a(alt_do_ctors.o)
                0x0000000000035bf0                _do_ctors
 .text          0x0000000000035c54       0x64 ../D8M_Camera_Test_bsp//libhal_bsp.a(alt_do_dtors.o)
                0x0000000000035c54                _do_dtors
 .text          0x0000000000035cb8        0xc ../D8M_Camera_Test_bsp//libhal_bsp.a(alt_icache_flush_all.o)
                0x0000000000035cb8                alt_icache_flush_all
 .text          0x0000000000035cc4       0x9c ../D8M_Camera_Test_bsp//libhal_bsp.a(alt_iic.o)
                0x0000000000035cc4                alt_ic_isr_register
                0x0000000000035cc8                alt_ic_irq_enable
                0x0000000000035d08                alt_ic_irq_disable
                0x0000000000035d48                alt_ic_irq_enabled
 .text          0x0000000000035d60       0x68 ../D8M_Camera_Test_bsp//libhal_bsp.a(alt_iic_isr_register.o)
                0x0000000000035d60                alt_iic_isr_register
 .text          0x0000000000035dc8      0x104 ../D8M_Camera_Test_bsp//libhal_bsp.a(alt_io_redirect.o)
                0x0000000000035dc8                alt_io_redirect
 .text          0x0000000000035ecc        0x0 ../D8M_Camera_Test_bsp//libhal_bsp.a(alt_irq_entry.o)
 .text          0x0000000000035ecc        0x0 ../D8M_Camera_Test_bsp//libhal_bsp.a(alt_irq_handler.o)
 .text          0x0000000000035ecc        0x0 ../D8M_Camera_Test_bsp//libhal_bsp.a(alt_irq_vars.o)
 .text          0x0000000000035ecc      0x190 ../D8M_Camera_Test_bsp//libhal_bsp.a(alt_open.o)
                0x0000000000035ecc                open
 .text          0x000000000003605c        0x8 ../D8M_Camera_Test_bsp//libhal_bsp.a(altera_nios2_gen2_irq.o)
                0x000000000003605c                altera_nios2_gen2_irq_init
 .text          0x0000000000036064        0x0 ../D8M_Camera_Test_bsp//libhal_bsp.a(alt_exception_entry.o)
 .text          0x0000000000036064       0x78 ../D8M_Camera_Test_bsp//libhal_bsp.a(alt_find_dev.o)
                0x0000000000036064                alt_find_dev
 .text          0x00000000000360dc       0xb0 ../D8M_Camera_Test_bsp//libhal_bsp.a(alt_find_file.o)
                0x00000000000360dc                alt_find_file
 .text          0x000000000003618c       0x58 ../D8M_Camera_Test_bsp//libhal_bsp.a(alt_get_fd.o)
                0x000000000003618c                alt_get_fd
 .text          0x00000000000361e4       0x50 ../D8M_Camera_Test_bsp//libhal_bsp.a(alt_icache_flush.o)
                0x00000000000361e4                alt_icache_flush
 .text          0x0000000000036234       0x74 ../D8M_Camera_Test_bsp//libhal_bsp.a(alt_instruction_exception_entry.o)
                0x0000000000036234                alt_exception_cause_generated_bad_addr
 .text          0x00000000000362a8        0x0 ../D8M_Camera_Test_bsp//newlib/nios2-elf/lib/libc.a(lib_a-atexit.o)
 .text.atexit   0x00000000000362a8       0x3c ../D8M_Camera_Test_bsp//newlib/nios2-elf/lib/libc.a(lib_a-atexit.o)
                0x00000000000362a8                atexit
 .text          0x00000000000362e4        0x0 ../D8M_Camera_Test_bsp//newlib/nios2-elf/lib/libc.a(lib_a-exit.o)
 .text.exit     0x00000000000362e4       0x60 ../D8M_Camera_Test_bsp//newlib/nios2-elf/lib/libc.a(lib_a-exit.o)
                0x00000000000362e4                exit
 .text          0x0000000000036344        0x0 ../D8M_Camera_Test_bsp//newlib/nios2-elf/lib/libc.a(lib_a-memcmp.o)
 .text.memcmp   0x0000000000036344      0x134 ../D8M_Camera_Test_bsp//newlib/nios2-elf/lib/libc.a(lib_a-memcmp.o)
                0x0000000000036344                memcmp
 .text          0x0000000000036478        0x0 ../D8M_Camera_Test_bsp//newlib/nios2-elf/lib/libc.a(lib_a-__atexit.o)
 .text.__register_exitproc
                0x0000000000036478      0x198 ../D8M_Camera_Test_bsp//newlib/nios2-elf/lib/libc.a(lib_a-__atexit.o)
                0x0000000000036478                __register_exitproc
 .text          0x0000000000036610        0x0 ../D8M_Camera_Test_bsp//newlib/nios2-elf/lib/libc.a(lib_a-__call_atexit.o)
 .text.__call_exitprocs
                0x0000000000036610      0x1fc ../D8M_Camera_Test_bsp//newlib/nios2-elf/lib/libc.a(lib_a-__call_atexit.o)
                0x0000000000036610                __call_exitprocs
 .text          0x000000000003680c       0x14 ../D8M_Camera_Test_bsp//libhal_bsp.a(alt_exit.o)
                0x000000000003680c                _exit
 *(.gnu.warning.*)
 *(.fini)
                [!provide]                        PROVIDE (__etext, ABSOLUTE (.))
                [!provide]                        PROVIDE (_etext, ABSOLUTE (.))
                [!provide]                        PROVIDE (etext, ABSOLUTE (.))
 *(.eh_frame_hdr)
                0x0000000000036820                . = ALIGN (0x4)
                [!provide]                        PROVIDE (__preinit_array_start, ABSOLUTE (.))
 *(.preinit_array)
                [!provide]                        PROVIDE (__preinit_array_end, ABSOLUTE (.))
                [!provide]                        PROVIDE (__init_array_start, ABSOLUTE (.))
 *(.init_array)
                [!provide]                        PROVIDE (__init_array_end, ABSOLUTE (.))
                [!provide]                        PROVIDE (__fini_array_start, ABSOLUTE (.))
 *(.fini_array)
                [!provide]                        PROVIDE (__fini_array_end, ABSOLUTE (.))
 *(.eh_frame)
 *(.gcc_except_table .gcc_except_table.*)
 *(.dynamic)
                0x0000000000036820                PROVIDE (__CTOR_LIST__, ABSOLUTE (.))
 *(.ctors)
 *(SORT(.ctors.*))
                0x0000000000036820                PROVIDE (__CTOR_END__, ABSOLUTE (.))
                0x0000000000036820                PROVIDE (__DTOR_LIST__, ABSOLUTE (.))
 *(.dtors)
 *(SORT(.dtors.*))
                0x0000000000036820                PROVIDE (__DTOR_END__, ABSOLUTE (.))
 *(.jcr)
                0x0000000000036820                . = ALIGN (0x4)

.rodata         0x0000000000036820      0xb50
                0x0000000000036820                PROVIDE (__ram_rodata_start, ABSOLUTE (.))
                0x0000000000036820                . = ALIGN (0x4)
 *(.rodata .rodata.* .gnu.linkonce.r.*)
 .rodata        0x0000000000036820       0x1d obj/default/1.o
 *fill*         0x000000000003683d        0x3 
 .rodata        0x0000000000036840      0x277 obj/default/I2C_core.o
 *fill*         0x0000000000036ab7        0x1 
 .rodata        0x0000000000036ab8       0x4e obj/default/auto_focus.o
 *fill*         0x0000000000036b06        0x2 
 .rodata        0x0000000000036b08      0x2bc obj/default/main.o
 .rodata        0x0000000000036dc4       0x62 obj/default/mipi_bridge_config.o
 *fill*         0x0000000000036e26        0x2 
 .rodata        0x0000000000036e28       0xa1 obj/default/mipi_camera_config.o
 *fill*         0x0000000000036ec9        0x3 
 .rodata        0x0000000000036ecc      0x13a obj/default/mipi_helpers.o
 .rodata        0x0000000000037006      0x100 /home/georgech/intelFPGA_lite/16.1/nios2eds/bin/gnu/H-x86_64-pc-linux-gnu/bin/../lib/gcc/nios2-elf/5.3.0/libgcc.a(_clz.o)
                0x0000000000037006                __clz_tab
 *fill*         0x0000000000037106        0x2 
 .rodata        0x0000000000037108        0x2 ../D8M_Camera_Test_bsp//newlib/nios2-elf/lib/libc.a(lib_a-impure.o)
 *fill*         0x000000000003710a        0x2 
 .rodata        0x000000000003710c        0x2 ../D8M_Camera_Test_bsp//newlib/nios2-elf/lib/libc.a(lib_a-puts.o)
 *fill*         0x000000000003710e        0x2 
 .rodata        0x0000000000037110       0x5e ../D8M_Camera_Test_bsp//newlib/nios2-elf/lib/libc.a(lib_a-vfprintf.o)
 .rodata.blanks.4403
                0x000000000003716e       0x10 ../D8M_Camera_Test_bsp//newlib/nios2-elf/lib/libc.a(lib_a-vfprintf.o)
 .rodata.zeroes.4404
                0x000000000003717e       0x10 ../D8M_Camera_Test_bsp//newlib/nios2-elf/lib/libc.a(lib_a-vfprintf.o)
 *fill*         0x000000000003718e        0x2 
 .rodata        0x0000000000037190       0x12 ../D8M_Camera_Test_bsp//newlib/nios2-elf/lib/libc.a(lib_a-dtoa.o)
 *fill*         0x00000000000371a2        0x2 
 .rodata        0x00000000000371a4       0x12 ../D8M_Camera_Test_bsp//newlib/nios2-elf/lib/libc.a(lib_a-locale.o)
 *fill*         0x00000000000371b6        0x2 
 .rodata.__mprec_tens
                0x00000000000371b8       0xc8 ../D8M_Camera_Test_bsp//newlib/nios2-elf/lib/libc.a(lib_a-mprec.o)
                0x00000000000371b8                __mprec_tens
 .rodata.__mprec_bigtens
                0x0000000000037280       0x28 ../D8M_Camera_Test_bsp//newlib/nios2-elf/lib/libc.a(lib_a-mprec.o)
                0x0000000000037280                __mprec_bigtens
 .rodata.__mprec_tinytens
                0x00000000000372a8       0x28 ../D8M_Camera_Test_bsp//newlib/nios2-elf/lib/libc.a(lib_a-mprec.o)
                0x00000000000372a8                __mprec_tinytens
 .rodata.p05.2768
                0x00000000000372d0        0xc ../D8M_Camera_Test_bsp//newlib/nios2-elf/lib/libc.a(lib_a-mprec.o)
 .rodata        0x00000000000372dc       0x4a ../D8M_Camera_Test_bsp//newlib/nios2-elf/lib/libc.a(lib_a-vfiprintf.o)
 .rodata.blanks.4348
                0x0000000000037326       0x10 ../D8M_Camera_Test_bsp//newlib/nios2-elf/lib/libc.a(lib_a-vfiprintf.o)
 .rodata.zeroes.4349
                0x0000000000037336       0x10 ../D8M_Camera_Test_bsp//newlib/nios2-elf/lib/libc.a(lib_a-vfiprintf.o)
 *fill*         0x0000000000037346        0x2 
 .rodata.str1.4
                0x0000000000037348        0xa ../D8M_Camera_Test_bsp//libhal_bsp.a(alt_dev.o)
 *fill*         0x0000000000037352        0x2 
 .rodata.str1.4
                0x0000000000037354       0x1c ../D8M_Camera_Test_bsp//libhal_bsp.a(alt_main.o)
 .rodata.str1.4
                0x0000000000037370       0x1b ../D8M_Camera_Test_bsp//libhal_bsp.a(alt_sys_init.o)
 *(.rodata1)
                0x000000000003738c                . = ALIGN (0x4)
                0x000000000003738c                PROVIDE (__ram_rodata_end, ABSOLUTE (.))
                0x0000000000036820                PROVIDE (__flash_rodata_start, LOADADDR (.rodata))

.rwdata         0x0000000000037370     0x236c load address 0x00000000000396dc
                0x0000000000037370                PROVIDE (__ram_rwdata_start, ABSOLUTE (.))
                0x0000000000037370                . = ALIGN (0x4)
 *(.got.plt)
 *(.got)
 *(.data1)
 *(.data .data.* .gnu.linkonce.d.*)
 .data          0x0000000000037370        0x0 ../D8M_Camera_Test_bsp//obj/HAL/src/crt0.o
 .data          0x0000000000037370        0x0 obj/default/1.o
 .data          0x0000000000037370        0x0 obj/default/I2C_core.o
 .data          0x0000000000037370        0x0 obj/default/auto_focus.o
 .data          0x0000000000037370        0x0 obj/default/main.o
 .data          0x0000000000037370       0x34 obj/default/mipi_bridge_config.o
 .data          0x00000000000373a4      0x774 obj/default/mipi_camera_config.o
 .data          0x0000000000037b18        0x0 obj/default/mipi_helpers.o
 .data          0x0000000000037b18        0x0 obj/default/queue.o
 .data          0x0000000000037b18        0x0 /home/georgech/intelFPGA_lite/16.1/nios2eds/bin/gnu/H-x86_64-pc-linux-gnu/bin/../lib/gcc/nios2-elf/5.3.0/libgcc.a(adddf3.o)
 .data          0x0000000000037b18        0x0 /home/georgech/intelFPGA_lite/16.1/nios2eds/bin/gnu/H-x86_64-pc-linux-gnu/bin/../lib/gcc/nios2-elf/5.3.0/libgcc.a(muldf3.o)
 .data          0x0000000000037b18        0x0 /home/georgech/intelFPGA_lite/16.1/nios2eds/bin/gnu/H-x86_64-pc-linux-gnu/bin/../lib/gcc/nios2-elf/5.3.0/libgcc.a(floatsidf.o)
 .data          0x0000000000037b18        0x0 /home/georgech/intelFPGA_lite/16.1/nios2eds/bin/gnu/H-x86_64-pc-linux-gnu/bin/../lib/gcc/nios2-elf/5.3.0/libgcc.a(extendsfdf2.o)
 .data          0x0000000000037b18        0x0 /home/georgech/intelFPGA_lite/16.1/nios2eds/bin/gnu/H-x86_64-pc-linux-gnu/bin/../lib/gcc/nios2-elf/5.3.0/libgcc.a(truncdfsf2.o)
 .data          0x0000000000037b18        0x0 /home/georgech/intelFPGA_lite/16.1/nios2eds/bin/gnu/H-x86_64-pc-linux-gnu/bin/../lib/gcc/nios2-elf/5.3.0/libgcc.a(_clzsi2.o)
 .data          0x0000000000037b18        0x0 /home/georgech/intelFPGA_lite/16.1/nios2eds/bin/gnu/H-x86_64-pc-linux-gnu/bin/../lib/gcc/nios2-elf/5.3.0/libgcc.a(_clz.o)
 .data          0x0000000000037b18        0x0 ../D8M_Camera_Test_bsp//newlib/nios2-elf/lib/libc.a(lib_a-fprintf.o)
 .data          0x0000000000037b18        0x0 ../D8M_Camera_Test_bsp//newlib/nios2-elf/lib/libc.a(lib_a-fputc.o)
 .data          0x0000000000037b18        0x0 ../D8M_Camera_Test_bsp//newlib/nios2-elf/lib/libc.a(lib_a-fwrite.o)
 .data          0x0000000000037b18        0x0 ../D8M_Camera_Test_bsp//newlib/nios2-elf/lib/libc.a(lib_a-getc.o)
 .data          0x0000000000037b18        0x0 ../D8M_Camera_Test_bsp//newlib/nios2-elf/lib/libc.a(lib_a-impure.o)
 .data.impure_data
                0x0000000000037b18      0x424 ../D8M_Camera_Test_bsp//newlib/nios2-elf/lib/libc.a(lib_a-impure.o)
 .data          0x0000000000037f3c        0x0 ../D8M_Camera_Test_bsp//newlib/nios2-elf/lib/libc.a(lib_a-malloc.o)
 .data          0x0000000000037f3c        0x0 ../D8M_Camera_Test_bsp//newlib/nios2-elf/lib/libc.a(lib_a-mallocr.o)
 .data.__malloc_av_
                0x0000000000037f3c      0x408 ../D8M_Camera_Test_bsp//newlib/nios2-elf/lib/libc.a(lib_a-mallocr.o)
                0x0000000000037f3c                __malloc_av_
 .data          0x0000000000038344        0x0 ../D8M_Camera_Test_bsp//newlib/nios2-elf/lib/libc.a(lib_a-memset.o)
 .data          0x0000000000038344        0x0 ../D8M_Camera_Test_bsp//newlib/nios2-elf/lib/libc.a(lib_a-printf.o)
 .data          0x0000000000038344        0x0 ../D8M_Camera_Test_bsp//newlib/nios2-elf/lib/libc.a(lib_a-putc.o)
 .data          0x0000000000038344        0x0 ../D8M_Camera_Test_bsp//newlib/nios2-elf/lib/libc.a(lib_a-puts.o)
 .data          0x0000000000038344        0x0 ../D8M_Camera_Test_bsp//newlib/nios2-elf/lib/libc.a(lib_a-rget.o)
 .data          0x0000000000038344        0x0 ../D8M_Camera_Test_bsp//newlib/nios2-elf/lib/libc.a(lib_a-sbrkr.o)
 .data          0x0000000000038344        0x0 ../D8M_Camera_Test_bsp//newlib/nios2-elf/lib/libc.a(lib_a-strlen.o)
 .data          0x0000000000038344        0x0 ../D8M_Camera_Test_bsp//newlib/nios2-elf/lib/libc.a(lib_a-vfprintf.o)
 .data          0x0000000000038344        0x0 ../D8M_Camera_Test_bsp//newlib/nios2-elf/lib/libc.a(lib_a-wbuf.o)
 .data          0x0000000000038344        0x0 ../D8M_Camera_Test_bsp//newlib/nios2-elf/lib/libc.a(lib_a-wsetup.o)
 .data          0x0000000000038344        0x0 ../D8M_Camera_Test_bsp//newlib/nios2-elf/lib/libc.a(lib_a-dtoa.o)
 .data          0x0000000000038344        0x0 ../D8M_Camera_Test_bsp//newlib/nios2-elf/lib/libc.a(lib_a-fflush.o)
 .data          0x0000000000038344        0x0 ../D8M_Camera_Test_bsp//newlib/nios2-elf/lib/libc.a(lib_a-findfp.o)
 .data          0x0000000000038344        0x0 ../D8M_Camera_Test_bsp//newlib/nios2-elf/lib/libc.a(lib_a-freer.o)
 .data          0x0000000000038344        0x0 ../D8M_Camera_Test_bsp//newlib/nios2-elf/lib/libc.a(lib_a-fvwrite.o)
 .data          0x0000000000038344        0x0 ../D8M_Camera_Test_bsp//newlib/nios2-elf/lib/libc.a(lib_a-fwalk.o)
 .data          0x0000000000038344        0x0 ../D8M_Camera_Test_bsp//newlib/nios2-elf/lib/libc.a(lib_a-int_errno.o)
 .data          0x0000000000038344        0x0 ../D8M_Camera_Test_bsp//newlib/nios2-elf/lib/libc.a(lib_a-locale.o)
 .data.lconv    0x0000000000038344       0x38 ../D8M_Camera_Test_bsp//newlib/nios2-elf/lib/libc.a(lib_a-locale.o)
 .data.lc_ctype_charset
                0x000000000003837c       0x20 ../D8M_Camera_Test_bsp//newlib/nios2-elf/lib/libc.a(lib_a-locale.o)
 .data.lc_message_charset
                0x000000000003839c       0x20 ../D8M_Camera_Test_bsp//newlib/nios2-elf/lib/libc.a(lib_a-locale.o)
 .data          0x00000000000383bc        0x0 ../D8M_Camera_Test_bsp//newlib/nios2-elf/lib/libc.a(lib_a-makebuf.o)
 .data          0x00000000000383bc        0x0 ../D8M_Camera_Test_bsp//newlib/nios2-elf/lib/libc.a(lib_a-memchr.o)
 .data          0x00000000000383bc        0x0 ../D8M_Camera_Test_bsp//newlib/nios2-elf/lib/libc.a(lib_a-memcpy.o)
 .data          0x00000000000383bc        0x0 ../D8M_Camera_Test_bsp//newlib/nios2-elf/lib/libc.a(lib_a-memmove.o)
 .data          0x00000000000383bc        0x0 ../D8M_Camera_Test_bsp//newlib/nios2-elf/lib/libc.a(lib_a-mprec.o)
 .data          0x00000000000383bc        0x0 ../D8M_Camera_Test_bsp//newlib/nios2-elf/lib/libc.a(lib_a-reallocr.o)
 .data          0x00000000000383bc        0x0 ../D8M_Camera_Test_bsp//newlib/nios2-elf/lib/libc.a(lib_a-refill.o)
 .data          0x00000000000383bc        0x0 ../D8M_Camera_Test_bsp//newlib/nios2-elf/lib/libc.a(lib_a-s_fpclassify.o)
 .data          0x00000000000383bc        0x0 ../D8M_Camera_Test_bsp//newlib/nios2-elf/lib/libc.a(lib_a-stdio.o)
 .data          0x00000000000383bc        0x0 ../D8M_Camera_Test_bsp//newlib/nios2-elf/lib/libc.a(lib_a-strcmp.o)
 .data          0x00000000000383bc        0x0 ../D8M_Camera_Test_bsp//newlib/nios2-elf/lib/libc.a(lib_a-vfiprintf.o)
 .data          0x00000000000383bc        0x0 ../D8M_Camera_Test_bsp//newlib/nios2-elf/lib/libc.a(lib_a-writer.o)
 .data          0x00000000000383bc        0x0 ../D8M_Camera_Test_bsp//newlib/nios2-elf/lib/libc.a(closer.o)
 .data          0x00000000000383bc        0x0 ../D8M_Camera_Test_bsp//newlib/nios2-elf/lib/libc.a(lib_a-callocr.o)
 .data          0x00000000000383bc        0x0 ../D8M_Camera_Test_bsp//newlib/nios2-elf/lib/libc.a(lib_a-fclose.o)
 .data          0x00000000000383bc        0x0 ../D8M_Camera_Test_bsp//newlib/nios2-elf/lib/libc.a(lib_a-fputwc.o)
 .data          0x00000000000383bc        0x0 ../D8M_Camera_Test_bsp//newlib/nios2-elf/lib/libc.a(lib_a-fstatr.o)
 .data          0x00000000000383bc        0x0 ../D8M_Camera_Test_bsp//newlib/nios2-elf/lib/libc.a(lib_a-isattyr.o)
 .data          0x00000000000383bc        0x0 ../D8M_Camera_Test_bsp//newlib/nios2-elf/lib/libc.a(lib_a-lseekr.o)
 .data          0x00000000000383bc        0x0 ../D8M_Camera_Test_bsp//newlib/nios2-elf/lib/libc.a(lib_a-readr.o)
 .data          0x00000000000383bc        0x0 ../D8M_Camera_Test_bsp//newlib/nios2-elf/lib/libc.a(lib_a-wcrtomb.o)
 .data          0x00000000000383bc        0x0 ../D8M_Camera_Test_bsp//newlib/nios2-elf/lib/libc.a(lib_a-wctomb_r.o)
 .data          0x00000000000383bc        0x0 /home/georgech/intelFPGA_lite/16.1/nios2eds/bin/gnu/H-x86_64-pc-linux-gnu/bin/../lib/gcc/nios2-elf/5.3.0/libgcc.a(_udivdi3.o)
 .data          0x00000000000383bc        0x0 /home/georgech/intelFPGA_lite/16.1/nios2eds/bin/gnu/H-x86_64-pc-linux-gnu/bin/../lib/gcc/nios2-elf/5.3.0/libgcc.a(_umoddi3.o)
 .data          0x00000000000383bc        0x0 /home/georgech/intelFPGA_lite/16.1/nios2eds/bin/gnu/H-x86_64-pc-linux-gnu/bin/../lib/gcc/nios2-elf/5.3.0/libgcc.a(lib2-divmod.o)
 .data          0x00000000000383bc        0x0 /home/georgech/intelFPGA_lite/16.1/nios2eds/bin/gnu/H-x86_64-pc-linux-gnu/bin/../lib/gcc/nios2-elf/5.3.0/libgcc.a(divdf3.o)
 .data          0x00000000000383bc        0x0 /home/georgech/intelFPGA_lite/16.1/nios2eds/bin/gnu/H-x86_64-pc-linux-gnu/bin/../lib/gcc/nios2-elf/5.3.0/libgcc.a(eqdf2.o)
 .data          0x00000000000383bc        0x0 /home/georgech/intelFPGA_lite/16.1/nios2eds/bin/gnu/H-x86_64-pc-linux-gnu/bin/../lib/gcc/nios2-elf/5.3.0/libgcc.a(gedf2.o)
 .data          0x00000000000383bc        0x0 /home/georgech/intelFPGA_lite/16.1/nios2eds/bin/gnu/H-x86_64-pc-linux-gnu/bin/../lib/gcc/nios2-elf/5.3.0/libgcc.a(ledf2.o)
 .data          0x00000000000383bc        0x0 /home/georgech/intelFPGA_lite/16.1/nios2eds/bin/gnu/H-x86_64-pc-linux-gnu/bin/../lib/gcc/nios2-elf/5.3.0/libgcc.a(subdf3.o)
 .data          0x00000000000383bc        0x0 /home/georgech/intelFPGA_lite/16.1/nios2eds/bin/gnu/H-x86_64-pc-linux-gnu/bin/../lib/gcc/nios2-elf/5.3.0/libgcc.a(fixdfsi.o)
 .data          0x00000000000383bc        0x0 /home/georgech/intelFPGA_lite/16.1/nios2eds/bin/gnu/H-x86_64-pc-linux-gnu/bin/../lib/gcc/nios2-elf/5.3.0/libgcc.a(floatunsidf.o)
 .data          0x00000000000383bc        0x0 ../D8M_Camera_Test_bsp//libhal_bsp.a(alt_close.o)
 .data          0x00000000000383bc      0x1a8 ../D8M_Camera_Test_bsp//libhal_bsp.a(alt_dev.o)
                0x00000000000383bc                alt_fd_list
                0x000000000003853c                alt_dev_null
 .data          0x0000000000038564        0x0 ../D8M_Camera_Test_bsp//libhal_bsp.a(alt_errno.o)
 .data          0x0000000000038564        0x0 ../D8M_Camera_Test_bsp//libhal_bsp.a(alt_fcntl.o)
 .data          0x0000000000038564        0x0 ../D8M_Camera_Test_bsp//libhal_bsp.a(alt_fstat.o)
 .data          0x0000000000038564        0x0 ../D8M_Camera_Test_bsp//libhal_bsp.a(alt_isatty.o)
 .data          0x0000000000038564        0x0 ../D8M_Camera_Test_bsp//libhal_bsp.a(alt_load.o)
 .data          0x0000000000038564        0x0 ../D8M_Camera_Test_bsp//libhal_bsp.a(alt_lseek.o)
 .data          0x0000000000038564        0x0 ../D8M_Camera_Test_bsp//libhal_bsp.a(alt_main.o)
 .data          0x0000000000038564        0x0 ../D8M_Camera_Test_bsp//libhal_bsp.a(alt_malloc_lock.o)
 .data          0x0000000000038564        0x0 ../D8M_Camera_Test_bsp//libhal_bsp.a(alt_read.o)
 .data          0x0000000000038564        0x0 ../D8M_Camera_Test_bsp//libhal_bsp.a(alt_release_fd.o)
 .data          0x0000000000038564        0x0 ../D8M_Camera_Test_bsp//libhal_bsp.a(alt_sbrk.o)
 .data          0x0000000000038564        0x0 ../D8M_Camera_Test_bsp//libhal_bsp.a(alt_tick.o)
 .data          0x0000000000038564        0x0 ../D8M_Camera_Test_bsp//libhal_bsp.a(alt_usleep.o)
 .data          0x0000000000038564        0x0 ../D8M_Camera_Test_bsp//libhal_bsp.a(alt_write.o)
 .data          0x0000000000038564     0x1124 ../D8M_Camera_Test_bsp//libhal_bsp.a(alt_sys_init.o)
 .data          0x0000000000039688        0x0 ../D8M_Camera_Test_bsp//libhal_bsp.a(altera_avalon_jtag_uart_fd.o)
 .data          0x0000000000039688        0x0 ../D8M_Camera_Test_bsp//libhal_bsp.a(altera_avalon_jtag_uart_init.o)
 .data          0x0000000000039688        0x0 ../D8M_Camera_Test_bsp//libhal_bsp.a(altera_avalon_jtag_uart_ioctl.o)
 .data          0x0000000000039688        0x0 ../D8M_Camera_Test_bsp//libhal_bsp.a(altera_avalon_jtag_uart_read.o)
 .data          0x0000000000039688        0x0 ../D8M_Camera_Test_bsp//libhal_bsp.a(altera_avalon_jtag_uart_write.o)
 .data          0x0000000000039688        0x0 ../D8M_Camera_Test_bsp//libhal_bsp.a(altera_avalon_timer_sc.o)
 .data          0x0000000000039688        0x0 ../D8M_Camera_Test_bsp//libhal_bsp.a(altera_avalon_uart_fd.o)
 .data          0x0000000000039688        0x0 ../D8M_Camera_Test_bsp//libhal_bsp.a(altera_avalon_uart_init.o)
 .data          0x0000000000039688        0x0 ../D8M_Camera_Test_bsp//libhal_bsp.a(altera_avalon_uart_read.o)
 .data          0x0000000000039688        0x0 ../D8M_Camera_Test_bsp//libhal_bsp.a(altera_avalon_uart_write.o)
 .data          0x0000000000039688        0x0 ../D8M_Camera_Test_bsp//libhal_bsp.a(alt_alarm_start.o)
 .data          0x0000000000039688        0x0 ../D8M_Camera_Test_bsp//libhal_bsp.a(alt_busy_sleep.o)
 .data          0x0000000000039688        0x0 ../D8M_Camera_Test_bsp//libhal_bsp.a(alt_dcache_flush_all.o)
 .data          0x0000000000039688        0x0 ../D8M_Camera_Test_bsp//libhal_bsp.a(alt_dev_llist_insert.o)
 .data          0x0000000000039688        0x0 ../D8M_Camera_Test_bsp//libhal_bsp.a(alt_do_ctors.o)
 .data          0x0000000000039688        0x0 ../D8M_Camera_Test_bsp//libhal_bsp.a(alt_do_dtors.o)
 .data          0x0000000000039688        0x0 ../D8M_Camera_Test_bsp//libhal_bsp.a(alt_icache_flush_all.o)
 .data          0x0000000000039688        0x0 ../D8M_Camera_Test_bsp//libhal_bsp.a(alt_iic.o)
 .data          0x0000000000039688        0x0 ../D8M_Camera_Test_bsp//libhal_bsp.a(alt_iic_isr_register.o)
 .data          0x0000000000039688        0x0 ../D8M_Camera_Test_bsp//libhal_bsp.a(alt_io_redirect.o)
 .data          0x0000000000039688        0x0 ../D8M_Camera_Test_bsp//libhal_bsp.a(alt_irq_entry.o)
 .data          0x0000000000039688        0x0 ../D8M_Camera_Test_bsp//libhal_bsp.a(alt_irq_handler.o)
 .data          0x0000000000039688        0x0 ../D8M_Camera_Test_bsp//libhal_bsp.a(alt_irq_vars.o)
 .data          0x0000000000039688        0x0 ../D8M_Camera_Test_bsp//libhal_bsp.a(alt_open.o)
 .data          0x0000000000039688        0x0 ../D8M_Camera_Test_bsp//libhal_bsp.a(altera_nios2_gen2_irq.o)
 .data          0x0000000000039688        0x0 ../D8M_Camera_Test_bsp//libhal_bsp.a(alt_exception_entry.o)
 .data          0x0000000000039688        0x0 ../D8M_Camera_Test_bsp//libhal_bsp.a(alt_find_dev.o)
 .data          0x0000000000039688        0x0 ../D8M_Camera_Test_bsp//libhal_bsp.a(alt_find_file.o)
 .data          0x0000000000039688        0x0 ../D8M_Camera_Test_bsp//libhal_bsp.a(alt_get_fd.o)
 .data          0x0000000000039688        0x0 ../D8M_Camera_Test_bsp//libhal_bsp.a(alt_icache_flush.o)
 .data          0x0000000000039688        0x0 ../D8M_Camera_Test_bsp//libhal_bsp.a(alt_instruction_exception_entry.o)
 .data          0x0000000000039688        0x0 ../D8M_Camera_Test_bsp//newlib/nios2-elf/lib/libc.a(lib_a-atexit.o)
 .data          0x0000000000039688        0x0 ../D8M_Camera_Test_bsp//newlib/nios2-elf/lib/libc.a(lib_a-exit.o)
 .data          0x0000000000039688        0x0 ../D8M_Camera_Test_bsp//newlib/nios2-elf/lib/libc.a(lib_a-memcmp.o)
 .data          0x0000000000039688        0x0 ../D8M_Camera_Test_bsp//newlib/nios2-elf/lib/libc.a(lib_a-__atexit.o)
 .data          0x0000000000039688        0x0 ../D8M_Camera_Test_bsp//newlib/nios2-elf/lib/libc.a(lib_a-__call_atexit.o)
 .data          0x0000000000039688        0x0 ../D8M_Camera_Test_bsp//libhal_bsp.a(alt_exit.o)
                0x0000000000041688                _gp = ABSOLUTE ((. + 0x8000))
                [!provide]                        PROVIDE (gp, _gp)
 *(.rwdata .rwdata.*)
 *(.sdata .sdata.* .gnu.linkonce.s.*)
 .sdata         0x0000000000039688        0xb obj/default/auto_focus.o
                0x0000000000039688                video_w
                0x000000000003968a                video_h
                0x000000000003968c                focus_width
                0x000000000003968e                focus_height
                0x0000000000039690                focus_scal
                0x0000000000039691                focus_scal_f
                0x0000000000039692                focus_th
 *fill*         0x0000000000039693        0x1 
 .sdata         0x0000000000039694        0x8 obj/default/main.o
                0x0000000000039694                color
                0x0000000000039698                coords
 .sdata._impure_ptr
                0x000000000003969c        0x4 ../D8M_Camera_Test_bsp//newlib/nios2-elf/lib/libc.a(lib_a-impure.o)
                0x000000000003969c                _impure_ptr
 .sdata._global_impure_ptr
                0x00000000000396a0        0x4 ../D8M_Camera_Test_bsp//newlib/nios2-elf/lib/libc.a(lib_a-impure.o)
                0x00000000000396a0                _global_impure_ptr
 .sdata.__malloc_trim_threshold
                0x00000000000396a4        0x4 ../D8M_Camera_Test_bsp//newlib/nios2-elf/lib/libc.a(lib_a-mallocr.o)
                0x00000000000396a4                __malloc_trim_threshold
 .sdata.__malloc_sbrk_base
                0x00000000000396a8        0x4 ../D8M_Camera_Test_bsp//newlib/nios2-elf/lib/libc.a(lib_a-mallocr.o)
                0x00000000000396a8                __malloc_sbrk_base
 .sdata.__mb_cur_max
                0x00000000000396ac        0x4 ../D8M_Camera_Test_bsp//newlib/nios2-elf/lib/libc.a(lib_a-locale.o)
                0x00000000000396ac                __mb_cur_max
 .sdata.__wctomb
                0x00000000000396b0        0x4 ../D8M_Camera_Test_bsp//newlib/nios2-elf/lib/libc.a(lib_a-wctomb_r.o)
                0x00000000000396b0                __wctomb
 .sdata         0x00000000000396b4       0x14 ../D8M_Camera_Test_bsp//libhal_bsp.a(alt_dev.o)
                0x00000000000396b4                alt_max_fd
                0x00000000000396b8                alt_dev_list
                0x00000000000396c0                alt_fs_list
 .sdata         0x00000000000396c8        0x4 ../D8M_Camera_Test_bsp//libhal_bsp.a(alt_errno.o)
                0x00000000000396c8                alt_errno
 .sdata         0x00000000000396cc        0x4 ../D8M_Camera_Test_bsp//libhal_bsp.a(alt_sbrk.o)
 .sdata         0x00000000000396d0        0x8 ../D8M_Camera_Test_bsp//libhal_bsp.a(alt_tick.o)
                0x00000000000396d0                alt_alarm_list
 .sdata         0x00000000000396d8        0x4 ../D8M_Camera_Test_bsp//libhal_bsp.a(alt_irq_vars.o)
                0x00000000000396d8                alt_priority_mask
 *(.sdata2 .sdata2.* .gnu.linkonce.s2.*)
                0x00000000000396dc                . = ALIGN (0x4)
                0x00000000000396dc                _edata = ABSOLUTE (.)
                [!provide]                        PROVIDE (edata, ABSOLUTE (.))
                0x00000000000396dc                PROVIDE (__ram_rwdata_end, ABSOLUTE (.))
                0x00000000000396dc                PROVIDE (__flash_rwdata_start, LOADADDR (.rwdata))

.bss            0x000000000003ba48      0x170
                0x000000000003ba48                __bss_start = ABSOLUTE (.)
                [!provide]                        PROVIDE (__sbss_start, ABSOLUTE (.))
                [!provide]                        PROVIDE (___sbss_start, ABSOLUTE (.))
 *(.dynsbss)
 *(.sbss .sbss.* .gnu.linkonce.sb.*)
 .sbss.__malloc_top_pad
                0x000000000003ba48        0x4 ../D8M_Camera_Test_bsp//newlib/nios2-elf/lib/libc.a(lib_a-mallocr.o)
                0x000000000003ba48                __malloc_top_pad
 .sbss.__malloc_max_sbrked_mem
                0x000000000003ba4c        0x4 ../D8M_Camera_Test_bsp//newlib/nios2-elf/lib/libc.a(lib_a-mallocr.o)
                0x000000000003ba4c                __malloc_max_sbrked_mem
 .sbss.__malloc_max_total_mem
                0x000000000003ba50        0x4 ../D8M_Camera_Test_bsp//newlib/nios2-elf/lib/libc.a(lib_a-mallocr.o)
                0x000000000003ba50                __malloc_max_total_mem
 .sbss.__sfp_lock
                0x000000000003ba54        0x4 ../D8M_Camera_Test_bsp//newlib/nios2-elf/lib/libc.a(lib_a-findfp.o)
 .sbss.__sinit_lock
                0x000000000003ba58        0x4 ../D8M_Camera_Test_bsp//newlib/nios2-elf/lib/libc.a(lib_a-findfp.o)
 .sbss          0x000000000003ba5c        0x4 ../D8M_Camera_Test_bsp//newlib/nios2-elf/lib/libc.a(lib_a-int_errno.o)
                0x000000000003ba5c                errno
 .sbss.__nlocale_changed
                0x000000000003ba60        0x4 ../D8M_Camera_Test_bsp//newlib/nios2-elf/lib/libc.a(lib_a-locale.o)
                0x000000000003ba60                __nlocale_changed
 .sbss.__mlocale_changed
                0x000000000003ba64        0x4 ../D8M_Camera_Test_bsp//newlib/nios2-elf/lib/libc.a(lib_a-locale.o)
                0x000000000003ba64                __mlocale_changed
 .sbss._PathLocale
                0x000000000003ba68        0x4 ../D8M_Camera_Test_bsp//newlib/nios2-elf/lib/libc.a(lib_a-locale.o)
                0x000000000003ba68                _PathLocale
 .sbss.lc_ctype_cjk_lang
                0x000000000003ba6c        0x4 ../D8M_Camera_Test_bsp//newlib/nios2-elf/lib/libc.a(lib_a-locale.o)
 .sbss          0x000000000003ba70        0xc ../D8M_Camera_Test_bsp//libhal_bsp.a(alt_main.o)
                0x000000000003ba70                alt_envp
                0x000000000003ba74                alt_argv
                0x000000000003ba78                alt_argc
 .sbss          0x000000000003ba7c        0x8 ../D8M_Camera_Test_bsp//libhal_bsp.a(alt_tick.o)
                0x000000000003ba7c                _alt_nticks
                0x000000000003ba80                _alt_tick_rate
 .sbss          0x000000000003ba84        0x4 ../D8M_Camera_Test_bsp//libhal_bsp.a(alt_irq_vars.o)
                0x000000000003ba84                alt_irq_active
 .sbss          0x000000000003ba88        0x4 ../D8M_Camera_Test_bsp//libhal_bsp.a(alt_instruction_exception_entry.o)
                0x000000000003ba88                alt_instruction_exception_handler
 .sbss.__atexit_lock
                0x000000000003ba8c        0x4 ../D8M_Camera_Test_bsp//newlib/nios2-elf/lib/libc.a(lib_a-__call_atexit.o)
 *(.sbss2 .sbss2.* .gnu.linkonce.sb2.*)
 *(.scommon)
                [!provide]                        PROVIDE (__sbss_end, ABSOLUTE (.))
                [!provide]                        PROVIDE (___sbss_end, ABSOLUTE (.))
 *(.dynbss)
 *(.bss .bss.* .gnu.linkonce.b.*)
 .bss           0x000000000003ba90        0x0 ../D8M_Camera_Test_bsp//obj/HAL/src/crt0.o
 .bss           0x000000000003ba90        0x0 obj/default/1.o
 .bss           0x000000000003ba90        0x0 obj/default/I2C_core.o
 .bss           0x000000000003ba90        0x0 obj/default/auto_focus.o
 .bss           0x000000000003ba90        0x0 obj/default/main.o
 .bss           0x000000000003ba90        0x0 obj/default/mipi_bridge_config.o
 .bss           0x000000000003ba90        0x0 obj/default/mipi_camera_config.o
 .bss           0x000000000003ba90        0x0 obj/default/mipi_helpers.o
 .bss           0x000000000003ba90        0x0 obj/default/queue.o
 .bss           0x000000000003ba90        0x0 /home/georgech/intelFPGA_lite/16.1/nios2eds/bin/gnu/H-x86_64-pc-linux-gnu/bin/../lib/gcc/nios2-elf/5.3.0/libgcc.a(adddf3.o)
 .bss           0x000000000003ba90        0x0 /home/georgech/intelFPGA_lite/16.1/nios2eds/bin/gnu/H-x86_64-pc-linux-gnu/bin/../lib/gcc/nios2-elf/5.3.0/libgcc.a(muldf3.o)
 .bss           0x000000000003ba90        0x0 /home/georgech/intelFPGA_lite/16.1/nios2eds/bin/gnu/H-x86_64-pc-linux-gnu/bin/../lib/gcc/nios2-elf/5.3.0/libgcc.a(floatsidf.o)
 .bss           0x000000000003ba90        0x0 /home/georgech/intelFPGA_lite/16.1/nios2eds/bin/gnu/H-x86_64-pc-linux-gnu/bin/../lib/gcc/nios2-elf/5.3.0/libgcc.a(extendsfdf2.o)
 .bss           0x000000000003ba90        0x0 /home/georgech/intelFPGA_lite/16.1/nios2eds/bin/gnu/H-x86_64-pc-linux-gnu/bin/../lib/gcc/nios2-elf/5.3.0/libgcc.a(truncdfsf2.o)
 .bss           0x000000000003ba90        0x0 /home/georgech/intelFPGA_lite/16.1/nios2eds/bin/gnu/H-x86_64-pc-linux-gnu/bin/../lib/gcc/nios2-elf/5.3.0/libgcc.a(_clzsi2.o)
 .bss           0x000000000003ba90        0x0 /home/georgech/intelFPGA_lite/16.1/nios2eds/bin/gnu/H-x86_64-pc-linux-gnu/bin/../lib/gcc/nios2-elf/5.3.0/libgcc.a(_clz.o)
 .bss           0x000000000003ba90        0x0 ../D8M_Camera_Test_bsp//newlib/nios2-elf/lib/libc.a(lib_a-fprintf.o)
 .bss           0x000000000003ba90        0x0 ../D8M_Camera_Test_bsp//newlib/nios2-elf/lib/libc.a(lib_a-fputc.o)
 .bss           0x000000000003ba90        0x0 ../D8M_Camera_Test_bsp//newlib/nios2-elf/lib/libc.a(lib_a-fwrite.o)
 .bss           0x000000000003ba90        0x0 ../D8M_Camera_Test_bsp//newlib/nios2-elf/lib/libc.a(lib_a-getc.o)
 .bss           0x000000000003ba90        0x0 ../D8M_Camera_Test_bsp//newlib/nios2-elf/lib/libc.a(lib_a-impure.o)
 .bss           0x000000000003ba90        0x0 ../D8M_Camera_Test_bsp//newlib/nios2-elf/lib/libc.a(lib_a-malloc.o)
 .bss           0x000000000003ba90        0x0 ../D8M_Camera_Test_bsp//newlib/nios2-elf/lib/libc.a(lib_a-mallocr.o)
 .bss.__malloc_current_mallinfo
                0x000000000003ba90       0x28 ../D8M_Camera_Test_bsp//newlib/nios2-elf/lib/libc.a(lib_a-mallocr.o)
                0x000000000003ba90                __malloc_current_mallinfo
 .bss           0x000000000003bab8        0x0 ../D8M_Camera_Test_bsp//newlib/nios2-elf/lib/libc.a(lib_a-memset.o)
 .bss           0x000000000003bab8        0x0 ../D8M_Camera_Test_bsp//newlib/nios2-elf/lib/libc.a(lib_a-printf.o)
 .bss           0x000000000003bab8        0x0 ../D8M_Camera_Test_bsp//newlib/nios2-elf/lib/libc.a(lib_a-putc.o)
 .bss           0x000000000003bab8        0x0 ../D8M_Camera_Test_bsp//newlib/nios2-elf/lib/libc.a(lib_a-puts.o)
 .bss           0x000000000003bab8        0x0 ../D8M_Camera_Test_bsp//newlib/nios2-elf/lib/libc.a(lib_a-rget.o)
 .bss           0x000000000003bab8        0x0 ../D8M_Camera_Test_bsp//newlib/nios2-elf/lib/libc.a(lib_a-sbrkr.o)
 .bss           0x000000000003bab8        0x0 ../D8M_Camera_Test_bsp//newlib/nios2-elf/lib/libc.a(lib_a-strlen.o)
 .bss           0x000000000003bab8        0x0 ../D8M_Camera_Test_bsp//newlib/nios2-elf/lib/libc.a(lib_a-vfprintf.o)
 .bss           0x000000000003bab8        0x0 ../D8M_Camera_Test_bsp//newlib/nios2-elf/lib/libc.a(lib_a-wbuf.o)
 .bss           0x000000000003bab8        0x0 ../D8M_Camera_Test_bsp//newlib/nios2-elf/lib/libc.a(lib_a-wsetup.o)
 .bss           0x000000000003bab8        0x0 ../D8M_Camera_Test_bsp//newlib/nios2-elf/lib/libc.a(lib_a-dtoa.o)
 .bss           0x000000000003bab8        0x0 ../D8M_Camera_Test_bsp//newlib/nios2-elf/lib/libc.a(lib_a-fflush.o)
 .bss           0x000000000003bab8        0x0 ../D8M_Camera_Test_bsp//newlib/nios2-elf/lib/libc.a(lib_a-findfp.o)
 .bss           0x000000000003bab8        0x0 ../D8M_Camera_Test_bsp//newlib/nios2-elf/lib/libc.a(lib_a-freer.o)
 .bss           0x000000000003bab8        0x0 ../D8M_Camera_Test_bsp//newlib/nios2-elf/lib/libc.a(lib_a-fvwrite.o)
 .bss           0x000000000003bab8        0x0 ../D8M_Camera_Test_bsp//newlib/nios2-elf/lib/libc.a(lib_a-fwalk.o)
 .bss           0x000000000003bab8        0x0 ../D8M_Camera_Test_bsp//newlib/nios2-elf/lib/libc.a(lib_a-int_errno.o)
 .bss           0x000000000003bab8        0x0 ../D8M_Camera_Test_bsp//newlib/nios2-elf/lib/libc.a(lib_a-locale.o)
 .bss           0x000000000003bab8        0x0 ../D8M_Camera_Test_bsp//newlib/nios2-elf/lib/libc.a(lib_a-makebuf.o)
 .bss           0x000000000003bab8        0x0 ../D8M_Camera_Test_bsp//newlib/nios2-elf/lib/libc.a(lib_a-memchr.o)
 .bss           0x000000000003bab8        0x0 ../D8M_Camera_Test_bsp//newlib/nios2-elf/lib/libc.a(lib_a-memcpy.o)
 .bss           0x000000000003bab8        0x0 ../D8M_Camera_Test_bsp//newlib/nios2-elf/lib/libc.a(lib_a-memmove.o)
 .bss           0x000000000003bab8        0x0 ../D8M_Camera_Test_bsp//newlib/nios2-elf/lib/libc.a(lib_a-mprec.o)
 .bss           0x000000000003bab8        0x0 ../D8M_Camera_Test_bsp//newlib/nios2-elf/lib/libc.a(lib_a-reallocr.o)
 .bss           0x000000000003bab8        0x0 ../D8M_Camera_Test_bsp//newlib/nios2-elf/lib/libc.a(lib_a-refill.o)
 .bss           0x000000000003bab8        0x0 ../D8M_Camera_Test_bsp//newlib/nios2-elf/lib/libc.a(lib_a-s_fpclassify.o)
 .bss           0x000000000003bab8        0x0 ../D8M_Camera_Test_bsp//newlib/nios2-elf/lib/libc.a(lib_a-stdio.o)
 .bss           0x000000000003bab8        0x0 ../D8M_Camera_Test_bsp//newlib/nios2-elf/lib/libc.a(lib_a-strcmp.o)
 .bss           0x000000000003bab8        0x0 ../D8M_Camera_Test_bsp//newlib/nios2-elf/lib/libc.a(lib_a-vfiprintf.o)
 .bss           0x000000000003bab8        0x0 ../D8M_Camera_Test_bsp//newlib/nios2-elf/lib/libc.a(lib_a-writer.o)
 .bss           0x000000000003bab8        0x0 ../D8M_Camera_Test_bsp//newlib/nios2-elf/lib/libc.a(closer.o)
 .bss           0x000000000003bab8        0x0 ../D8M_Camera_Test_bsp//newlib/nios2-elf/lib/libc.a(lib_a-callocr.o)
 .bss           0x000000000003bab8        0x0 ../D8M_Camera_Test_bsp//newlib/nios2-elf/lib/libc.a(lib_a-fclose.o)
 .bss           0x000000000003bab8        0x0 ../D8M_Camera_Test_bsp//newlib/nios2-elf/lib/libc.a(lib_a-fputwc.o)
 .bss           0x000000000003bab8        0x0 ../D8M_Camera_Test_bsp//newlib/nios2-elf/lib/libc.a(lib_a-fstatr.o)
 .bss           0x000000000003bab8        0x0 ../D8M_Camera_Test_bsp//newlib/nios2-elf/lib/libc.a(lib_a-isattyr.o)
 .bss           0x000000000003bab8        0x0 ../D8M_Camera_Test_bsp//newlib/nios2-elf/lib/libc.a(lib_a-lseekr.o)
 .bss           0x000000000003bab8        0x0 ../D8M_Camera_Test_bsp//newlib/nios2-elf/lib/libc.a(lib_a-readr.o)
 .bss           0x000000000003bab8        0x0 ../D8M_Camera_Test_bsp//newlib/nios2-elf/lib/libc.a(lib_a-wcrtomb.o)
 .bss           0x000000000003bab8        0x0 ../D8M_Camera_Test_bsp//newlib/nios2-elf/lib/libc.a(lib_a-wctomb_r.o)
 .bss           0x000000000003bab8        0x0 /home/georgech/intelFPGA_lite/16.1/nios2eds/bin/gnu/H-x86_64-pc-linux-gnu/bin/../lib/gcc/nios2-elf/5.3.0/libgcc.a(_udivdi3.o)
 .bss           0x000000000003bab8        0x0 /home/georgech/intelFPGA_lite/16.1/nios2eds/bin/gnu/H-x86_64-pc-linux-gnu/bin/../lib/gcc/nios2-elf/5.3.0/libgcc.a(_umoddi3.o)
 .bss           0x000000000003bab8        0x0 /home/georgech/intelFPGA_lite/16.1/nios2eds/bin/gnu/H-x86_64-pc-linux-gnu/bin/../lib/gcc/nios2-elf/5.3.0/libgcc.a(lib2-divmod.o)
 .bss           0x000000000003bab8        0x0 /home/georgech/intelFPGA_lite/16.1/nios2eds/bin/gnu/H-x86_64-pc-linux-gnu/bin/../lib/gcc/nios2-elf/5.3.0/libgcc.a(divdf3.o)
 .bss           0x000000000003bab8        0x0 /home/georgech/intelFPGA_lite/16.1/nios2eds/bin/gnu/H-x86_64-pc-linux-gnu/bin/../lib/gcc/nios2-elf/5.3.0/libgcc.a(eqdf2.o)
 .bss           0x000000000003bab8        0x0 /home/georgech/intelFPGA_lite/16.1/nios2eds/bin/gnu/H-x86_64-pc-linux-gnu/bin/../lib/gcc/nios2-elf/5.3.0/libgcc.a(gedf2.o)
 .bss           0x000000000003bab8        0x0 /home/georgech/intelFPGA_lite/16.1/nios2eds/bin/gnu/H-x86_64-pc-linux-gnu/bin/../lib/gcc/nios2-elf/5.3.0/libgcc.a(ledf2.o)
 .bss           0x000000000003bab8        0x0 /home/georgech/intelFPGA_lite/16.1/nios2eds/bin/gnu/H-x86_64-pc-linux-gnu/bin/../lib/gcc/nios2-elf/5.3.0/libgcc.a(subdf3.o)
 .bss           0x000000000003bab8        0x0 /home/georgech/intelFPGA_lite/16.1/nios2eds/bin/gnu/H-x86_64-pc-linux-gnu/bin/../lib/gcc/nios2-elf/5.3.0/libgcc.a(fixdfsi.o)
 .bss           0x000000000003bab8        0x0 /home/georgech/intelFPGA_lite/16.1/nios2eds/bin/gnu/H-x86_64-pc-linux-gnu/bin/../lib/gcc/nios2-elf/5.3.0/libgcc.a(floatunsidf.o)
 .bss           0x000000000003bab8        0x0 ../D8M_Camera_Test_bsp//libhal_bsp.a(alt_close.o)
 .bss           0x000000000003bab8        0x0 ../D8M_Camera_Test_bsp//libhal_bsp.a(alt_dev.o)
 .bss           0x000000000003bab8        0x0 ../D8M_Camera_Test_bsp//libhal_bsp.a(alt_errno.o)
 .bss           0x000000000003bab8        0x0 ../D8M_Camera_Test_bsp//libhal_bsp.a(alt_fcntl.o)
 .bss           0x000000000003bab8        0x0 ../D8M_Camera_Test_bsp//libhal_bsp.a(alt_fstat.o)
 .bss           0x000000000003bab8        0x0 ../D8M_Camera_Test_bsp//libhal_bsp.a(alt_isatty.o)
 .bss           0x000000000003bab8        0x0 ../D8M_Camera_Test_bsp//libhal_bsp.a(alt_load.o)
 .bss           0x000000000003bab8        0x0 ../D8M_Camera_Test_bsp//libhal_bsp.a(alt_lseek.o)
 .bss           0x000000000003bab8        0x0 ../D8M_Camera_Test_bsp//libhal_bsp.a(alt_main.o)
 .bss           0x000000000003bab8        0x0 ../D8M_Camera_Test_bsp//libhal_bsp.a(alt_malloc_lock.o)
 .bss           0x000000000003bab8        0x0 ../D8M_Camera_Test_bsp//libhal_bsp.a(alt_read.o)
 .bss           0x000000000003bab8        0x0 ../D8M_Camera_Test_bsp//libhal_bsp.a(alt_release_fd.o)
 .bss           0x000000000003bab8        0x0 ../D8M_Camera_Test_bsp//libhal_bsp.a(alt_sbrk.o)
 .bss           0x000000000003bab8        0x0 ../D8M_Camera_Test_bsp//libhal_bsp.a(alt_tick.o)
 .bss           0x000000000003bab8        0x0 ../D8M_Camera_Test_bsp//libhal_bsp.a(alt_usleep.o)
 .bss           0x000000000003bab8        0x0 ../D8M_Camera_Test_bsp//libhal_bsp.a(alt_write.o)
 .bss           0x000000000003bab8        0x0 ../D8M_Camera_Test_bsp//libhal_bsp.a(alt_sys_init.o)
 .bss           0x000000000003bab8        0x0 ../D8M_Camera_Test_bsp//libhal_bsp.a(altera_avalon_jtag_uart_fd.o)
 .bss           0x000000000003bab8        0x0 ../D8M_Camera_Test_bsp//libhal_bsp.a(altera_avalon_jtag_uart_init.o)
 .bss           0x000000000003bab8        0x0 ../D8M_Camera_Test_bsp//libhal_bsp.a(altera_avalon_jtag_uart_ioctl.o)
 .bss           0x000000000003bab8        0x0 ../D8M_Camera_Test_bsp//libhal_bsp.a(altera_avalon_jtag_uart_read.o)
 .bss           0x000000000003bab8        0x0 ../D8M_Camera_Test_bsp//libhal_bsp.a(altera_avalon_jtag_uart_write.o)
 .bss           0x000000000003bab8        0x0 ../D8M_Camera_Test_bsp//libhal_bsp.a(altera_avalon_timer_sc.o)
 .bss           0x000000000003bab8        0x0 ../D8M_Camera_Test_bsp//libhal_bsp.a(altera_avalon_uart_fd.o)
 .bss           0x000000000003bab8        0x0 ../D8M_Camera_Test_bsp//libhal_bsp.a(altera_avalon_uart_init.o)
 .bss           0x000000000003bab8        0x0 ../D8M_Camera_Test_bsp//libhal_bsp.a(altera_avalon_uart_read.o)
 .bss           0x000000000003bab8        0x0 ../D8M_Camera_Test_bsp//libhal_bsp.a(altera_avalon_uart_write.o)
 .bss           0x000000000003bab8        0x0 ../D8M_Camera_Test_bsp//libhal_bsp.a(alt_alarm_start.o)
 .bss           0x000000000003bab8        0x0 ../D8M_Camera_Test_bsp//libhal_bsp.a(alt_busy_sleep.o)
 .bss           0x000000000003bab8        0x0 ../D8M_Camera_Test_bsp//libhal_bsp.a(alt_dcache_flush_all.o)
 .bss           0x000000000003bab8        0x0 ../D8M_Camera_Test_bsp//libhal_bsp.a(alt_dev_llist_insert.o)
 .bss           0x000000000003bab8        0x0 ../D8M_Camera_Test_bsp//libhal_bsp.a(alt_do_ctors.o)
 .bss           0x000000000003bab8        0x0 ../D8M_Camera_Test_bsp//libhal_bsp.a(alt_do_dtors.o)
 .bss           0x000000000003bab8        0x0 ../D8M_Camera_Test_bsp//libhal_bsp.a(alt_icache_flush_all.o)
 .bss           0x000000000003bab8        0x0 ../D8M_Camera_Test_bsp//libhal_bsp.a(alt_iic.o)
 .bss           0x000000000003bab8        0x0 ../D8M_Camera_Test_bsp//libhal_bsp.a(alt_iic_isr_register.o)
 .bss           0x000000000003bab8        0x0 ../D8M_Camera_Test_bsp//libhal_bsp.a(alt_io_redirect.o)
 .bss           0x000000000003bab8        0x0 ../D8M_Camera_Test_bsp//libhal_bsp.a(alt_irq_entry.o)
 .bss           0x000000000003bab8        0x0 ../D8M_Camera_Test_bsp//libhal_bsp.a(alt_irq_handler.o)
 .bss           0x000000000003bab8        0x0 ../D8M_Camera_Test_bsp//libhal_bsp.a(alt_irq_vars.o)
 .bss           0x000000000003bab8        0x0 ../D8M_Camera_Test_bsp//libhal_bsp.a(alt_open.o)
 .bss           0x000000000003bab8        0x0 ../D8M_Camera_Test_bsp//libhal_bsp.a(altera_nios2_gen2_irq.o)
 .bss           0x000000000003bab8        0x0 ../D8M_Camera_Test_bsp//libhal_bsp.a(alt_exception_entry.o)
 .bss           0x000000000003bab8        0x0 ../D8M_Camera_Test_bsp//libhal_bsp.a(alt_find_dev.o)
 .bss           0x000000000003bab8        0x0 ../D8M_Camera_Test_bsp//libhal_bsp.a(alt_find_file.o)
 .bss           0x000000000003bab8        0x0 ../D8M_Camera_Test_bsp//libhal_bsp.a(alt_get_fd.o)
 .bss           0x000000000003bab8        0x0 ../D8M_Camera_Test_bsp//libhal_bsp.a(alt_icache_flush.o)
 .bss           0x000000000003bab8        0x0 ../D8M_Camera_Test_bsp//libhal_bsp.a(alt_instruction_exception_entry.o)
 .bss           0x000000000003bab8        0x0 ../D8M_Camera_Test_bsp//newlib/nios2-elf/lib/libc.a(lib_a-atexit.o)
 .bss           0x000000000003bab8        0x0 ../D8M_Camera_Test_bsp//newlib/nios2-elf/lib/libc.a(lib_a-exit.o)
 .bss           0x000000000003bab8        0x0 ../D8M_Camera_Test_bsp//newlib/nios2-elf/lib/libc.a(lib_a-memcmp.o)
 .bss           0x000000000003bab8        0x0 ../D8M_Camera_Test_bsp//newlib/nios2-elf/lib/libc.a(lib_a-__atexit.o)
 .bss           0x000000000003bab8        0x0 ../D8M_Camera_Test_bsp//newlib/nios2-elf/lib/libc.a(lib_a-__call_atexit.o)
 .bss           0x000000000003bab8        0x0 ../D8M_Camera_Test_bsp//libhal_bsp.a(alt_exit.o)
 *(COMMON)
 COMMON         0x000000000003bab8      0x100 ../D8M_Camera_Test_bsp//libhal_bsp.a(alt_irq_handler.o)
                0x000000000003bab8                alt_irq
                0x000000000003bbb8                . = ALIGN (0x4)
                0x000000000003bbb8                __bss_end = ABSOLUTE (.)

.onchip_memory2_0
                0x000000000003bbb8        0x0
                [!provide]                        PROVIDE (_alt_partition_onchip_memory2_0_start, ABSOLUTE (.))
 *(.onchip_memory2_0 .onchip_memory2_0. onchip_memory2_0.*)
                0x000000000003bbb8                . = ALIGN (0x4)
                [!provide]                        PROVIDE (_alt_partition_onchip_memory2_0_end, ABSOLUTE (.))
                0x000000000003bbb8                _end = ABSOLUTE (.)
                0x000000000003bbb8                end = ABSOLUTE (.)
                0x000000000003bbb8                __alt_stack_base = ABSOLUTE (.)
                [!provide]                        PROVIDE (_alt_partition_onchip_memory2_0_load_addr, LOADADDR (.onchip_memory2_0))

.stab
 *(.stab)

.stabstr
 *(.stabstr)

.stab.excl
 *(.stab.excl)

.stab.exclstr
 *(.stab.exclstr)

.stab.index
 *(.stab.index)

.stab.indexstr